08-28 09:48:34.787  1880  2405 D sensors_hal_Time: time_service_sensor1_cb: Sn 24, msg Id 3, txn Id 0
08-28 09:48:34.787  1880  2405 D sensors_hal_Time: tsOffsetIs: Apps: 595925633034320; DSPS: 2347445654; Offset : 524287276910721 (diff 37135 @0)
08-28 09:48:54.791  1880  2405 D sensors_hal_Time: time_service_sensor1_cb: msg_type 2
08-28 09:48:54.792  1880  2405 D sensors_hal_Time: time_service_sensor1_cb: Sn 24, msg Id 3, txn Id 0
08-28 09:48:54.792  1880  2405 D sensors_hal_Time: tsOffsetIs: Apps: 595945637881031; DSPS: 2348101173; Offset : 524287276903132 (diff 33229 @0)
08-28 09:49:14.798  1880  2405 D sensors_hal_Time: time_service_sensor1_cb: msg_type 2
08-28 09:49:14.798  1880  2405 D sensors_hal_Time: time_service_sensor1_cb: Sn 24, msg Id 3, txn Id 0
08-28 09:49:14.799  1880  2405 D sensors_hal_Time: tsOffsetIs: Apps: 595965644685346; DSPS: 2348756756; Offset : 524287277471454 (diff 39375 @0)
08-28 09:49:34.805  1880  2405 D sensors_hal_Time: time_service_sensor1_cb: msg_type 2
08-28 09:49:34.806  1880  2405 D sensors_hal_Time: time_service_sensor1_cb: Sn 24, msg Id 3, txn Id 0
08-28 09:49:34.806  1880  2405 D sensors_hal_Time: tsOffsetIs: Apps: 595985651781693; DSPS: 2349412349; Offset : 524287276931684 (diff 34896 @0)
08-28 09:49:54.814  1880  2405 D sensors_hal_Time: time_service_sensor1_cb: msg_type 2
08-28 09:49:54.814  1880  2405 D sensors_hal_Time: time_service_sensor1_cb: Sn 24, msg Id 3, txn Id 0
08-28 09:49:54.815  1880  2405 D sensors_hal_Time: tsOffsetIs: Apps: 596005660216841; DSPS: 2350067985; Offset : 524287276938851 (diff 35677 @0)
08-28 09:50:14.823  1880  2405 D sensors_hal_Time: time_service_sensor1_cb: msg_type 2
08-28 09:50:14.823  1880  2405 D sensors_hal_Time: time_service_sensor1_cb: Sn 24, msg Id 3, txn Id 0
08-28 09:50:14.824  1880  2405 D sensors_hal_Time: tsOffsetIs: Apps: 596025669506261; DSPS: 2350723650; Offset : 524287276919445 (diff 35104 @0)
08-28 09:50:34.830  1880  2405 D sensors_hal_Time: time_service_sensor1_cb: msg_type 2
08-28 09:50:34.830  1880  2405 D sensors_hal_Time: time_service_sensor1_cb: Sn 24, msg Id 3, txn Id 0
08-28 09:50:34.831  1880  2405 D sensors_hal_Time: tsOffsetIs: Apps: 596045676140211; DSPS: 2351379227; Offset : 524287276895326 (diff 37553 @0)
08-28 09:50:54.837  1880  2405 D sensors_hal_Time: time_service_sensor1_cb: msg_type 2
08-28 09:50:54.837  1880  2405 D sensors_hal_Time: time_service_sensor1_cb: Sn 24, msg Id 3, txn Id 0
08-28 09:50:54.838  1880  2405 D sensors_hal_Time: tsOffsetIs: Apps: 596065683293016; DSPS: 2352034821; Offset : 524287276995169 (diff 35729 @0)
08-28 09:51:14.843  1880  2405 D sensors_hal_Time: time_service_sensor1_cb: msg_type 2
08-28 09:51:14.843  1880  2405 D sensors_hal_Time: time_service_sensor1_cb: Sn 24, msg Id 3, txn Id 0
08-28 09:51:14.843  1880  2405 D sensors_hal_Time: tsOffsetIs: Apps: 596085689048061; DSPS: 2352690370; Offset : 524287276892234 (diff 33438 @0)
08-28 09:51:34.851  1880  2405 D sensors_hal_Time: time_service_sensor1_cb: msg_type 2
08-28 09:51:34.851  1880  2405 D sensors_hal_Time: time_service_sensor1_cb: Sn 24, msg Id 3, txn Id 0
08-28 09:51:34.852  1880  2405 D sensors_hal_Time: tsOffsetIs: Apps: 596105697756022; DSPS: 2353346015; Offset : 524287276939301 (diff 34375 @0)
08-28 09:51:37.806  1880  2473 V AlarmManager: ELAPSED_WAKEUP set : Alarm{99d9796 tag *walarm*:X.0uU.ACTION_ALARM.com.facebook.orca type 2 when 596108641 com.facebook.orca} when 596108641
08-28 09:51:37.845  1880  2656 I TetherStatsReporting: getTetherStats() called NetworkStats: elapsedRealtime=596108652
08-28 09:51:37.845  1880  2656 I TetherStatsReporting:   [0] iface=wlan0 uid=0 set=DEFAULT tag=0x0 rxBytes=21540269 rxPackets=108671 txBytes=1333660 txPackets=14809 operations=0
08-28 09:51:37.845  1880  2656 I TetherStatsReporting:   [1] iface=wlan0 uid=0 set=FOREGROUND tag=0x0 rxBytes=0 rxPackets=0 txBytes=0 txPackets=0 operations=0
08-28 09:51:37.845  1880  2656 I TetherStatsReporting:   [2] iface=wlan0 uid=1000 set=DEFAULT tag=0x0 rxBytes=452591 rxPackets=6056 txBytes=13413353 txPackets=10647 operations=0
08-28 09:51:37.845  1880  2656 I TetherStatsReporting:   [3] iface=wlan0 uid=1000 set=FOREGROUND tag=0x0 rxBytes=0 rxPackets=0 txBytes=0 txPackets=0 operations=0
08-28 09:51:37.845  1880  2656 I TetherStatsReporting:   [4] iface=wlan0 uid=1014 set=DEFAULT tag=0x0 rxBytes=17280 rxPackets=30 txBytes=10080 txPackets=30 operations=0
08-28 09:51:37.845  1880  2656 I TetherStatsReporting:   [5] iface=wlan0 uid=1014 set=FOREGROUND tag=0x0 rxBytes=0 rxPackets=0 txBytes=0 txPackets=0 operations=0
08-28 09:51:37.845  1880  2656 I TetherStatsReporting:   [6] iface=wlan0 uid=1020 set=DEFAULT tag=0x0 rxBytes=4243 rxPackets=37 txBytes=4682 txPackets=26 operations=0
08-28 09:51:37.845  1880  2656 I TetherStatsReporting:   [7] iface=wlan0 uid=1020 set=FOREGROUND tag=0x0 rxBytes=0 rxPackets=0 txBytes=0 txPackets=0 operations=0
08-28 09:51:37.845  1880  2656 I TetherStatsReporting:   [8] iface=wlan0 uid=1027 set=DEFAULT tag=0x0 rxBytes=1002 rxPackets=8 txBytes=2008 txPackets=8 operations=0
08-28 09:51:37.845  1880  2656 I TetherStatsReporting:   [9] iface=wlan0 uid=1027 set=FOREGROUND tag=0x0 rxBytes=0 rxPackets=0 txBytes=0 txPackets=0 operations=0
08-28 09:51:37.845  1880  2656 I TetherStatsReporting:   [10] iface=wlan0 uid=2901 set=DEFAULT tag=0x0 rxBytes=15821 rxPackets=17 txBytes=1992 txPackets=18 operations=0
08-28 09:51:37.845  1880  2656 I TetherStatsReporting:   [11] iface=wlan0 uid=2901 set=FOREGROUND tag=0x0 rxBytes=0 rxPackets=0 txBytes=0 txPackets=0 operations=0
08-28 09:51:37.845  1880  2656 I TetherStatsReporting:   [12] iface=wlan0 uid=2903 set=DEFAULT tag=0x0 rxBytes=1183781 rxPackets=3521 txBytes=102763 txPackets=933 operations=0
08-28 09:51:37.845  1880  2656 I TetherStatsReporting:   [13] iface=wlan0 uid=2903 set=FOREGROUND tag=0x0 rxBytes=0 rxPackets=0 txBytes=0 txPackets=0 operations=0
08-28 09:51:37.845  1880  2656 I TetherStatsReporting:   [14] iface=wlan0 uid=4001 set=DEFAULT tag=0x0 rxBytes=76 rxPackets=1 txBytes=380 txPackets=5 operations=0
08-28 09:51:37.845  1880  2656 I TetherStatsReporting:   [15] iface=wlan0 uid=4001 set=FOREGROUND tag=0x0 rxBytes=0 rxPackets=0 txBytes=0 txPackets=0 operations=0
08-28 09:51:37.845  1880  2656 I TetherStatsReporting:   [16] iface=wlan0 uid=10010 set=DEFAULT tag=0x0 rxBytes=7912431 rxPackets=17904 txBytes=4728904 txPackets=18760 operations=0
08-28 09:51:37.845  1880  2656 I TetherStatsReporting:   [17] iface=wlan0 uid=10010 set=FOREGROUND tag=0x0 rxBytes=509704 rxPackets=1336 txBytes=569526 txPackets=1710 operations=0
08-28 09:51:37.845  1880  2656 I TetherStatsReporting:   [18] iface=wlan0 uid=10025 set=DEFAULT tag=0x0 rxBytes=162689 rxPackets=323 txBytes=43336 txPackets=385 operations=0
08-28 09:51:37.845  1880  2656 I TetherStatsReporting:   [19] iface=wlan0 uid=10025 set=FOREGROUND tag=0x0 rxBytes=0 rxPackets=0 txBytes=0 txPackets=0 operations=0
08-28 09:51:37.845  1880  2656 I TetherStatsReporting:   [20] iface=wlan0 uid=10026 set=DEFAULT tag=0x0 rxBytes=0 rxPackets=0 txBytes=2527 txPackets=48 operations=0
08-28 09:51:37.845  1880  2656 I TetherStatsReporting:   [21] iface=wlan0 uid=10026 set=FOREGROUND tag=0x0 rxBytes=0 rxPackets=0 txBytes=0 txPackets=0 operations=0
08-28 09:51:37.845  1880  2656 I TetherStatsReporting:   [22] iface=wlan0 uid=10080 set=DEFAULT tag=0x0 rxBytes=572546 rxPackets=1397 txBytes=572471 txPackets=1570 operations=0
08-28 09:51:37.845  1880  2656 I TetherStatsReporting:   [23] iface=wlan0 uid=10080 set=FOREGROUND tag=0x0 rxBytes=0 rxPackets=0 txBytes=0 txPackets=0 operations=0
08-28 09:51:37.845  1880  2656 I TetherStatsReporting:   [24] iface=wlan0 uid=10081 set=DEFAULT tag=0x0 rxBytes=2668326 rxPackets=2724 txBytes=517681 txPackets=2587 operations=0
08-28 09:51:37.845  1880  2656 I TetherStatsReporting:   [25] iface=wlan0 uid=10081 set=FOREGROUND tag=0x0 rxBytes=116 rxPackets=2 txBytes=4936 txPackets=8 operations=0
08-28 09:51:37.845  1880  2656 I TetherStatsReporting:   [26] iface=wlan0 uid=10089 set=DEFAULT tag=0x0 rxBytes=12057245 rxPackets=8272 txBytes=467788 txPackets=7271 operations=0
08-28 09:51:37.845  1880  2656 I TetherStatsReporting:   [27] iface=wlan0 uid=10089 set=FOREGROUND tag=0x0 rxBytes=15201470 rxPackets=10405 txBytes=595850 txPackets=9197 operations=0
08-28 09:51:37.845  1880  2656 I TetherStatsReporting:   [28] iface=wlan0 uid=10091 set=DEFAULT tag=0x0 rxBytes=444627 rxPackets=1194 txBytes=373589 txPackets=1473 operations=0
08-28 09:51:37.845  1880  2656 I TetherStatsReporting:   [29] iface=wlan0 uid=10091 set=FOREGROUND tag=0x0 rxBytes=130662 rxPackets=392 txBytes=178647 txPackets=620 operations=0
08-28 09:51:37.845  1880  2656 I TetherStatsReporting:   [30] iface=wlan0 uid=10092 set=DEFAULT tag=0x0 rxBytes=136913 rxPackets=1113 txBytes=346834 txPackets=1476 operations=0
08-28 09:51:37.845  1880  2656 I TetherStatsReporting:   [31] iface=wlan0 uid=10092 set=FOREGROUND tag=0x0 rxBytes=0 rxPackets=0 txBytes=0 txPackets=0 operations=0
08-28 09:51:37.845  1880  2656 I TetherStatsReporting:   [32] iface=wlan0 uid=10093 set=DEFAULT tag=0x0 rxBytes=4937896 rxPackets=7101 txBytes=916617 txPackets=6754 operations=0
08-28 09:51:37.845  1880  2656 I TetherStatsReporting:   [33] iface=wlan0 uid=10093 set=FOREGROUND tag=0x0 rxBytes=4075451 rxPackets=3255 txBytes=159458 txPackets=2224 operations=0
08-28 09:51:37.845  1880  2656 I TetherStatsReporting:   [34] iface=wlan0 uid=10095 set=DEFAULT tag=0x0 rxBytes=6998291 
08-28 09:51:37.845  1880  2656 I TetherStatsReporting: combining tether stats
08-28 09:51:37.847  3269  3280 D QtiTetherService/IpaWrapper: getStats(false)
08-28 09:51:54.860  1880  2405 D sensors_hal_Time: time_service_sensor1_cb: msg_type 2
08-28 09:51:54.860  1880  2405 D sensors_hal_Time: time_service_sensor1_cb: Sn 24, msg Id 3, txn Id 0
08-28 09:51:54.861  1880  2405 D sensors_hal_Time: tsOffsetIs: Apps: 596125705956483; DSPS: 2354001644; Offset : 524287276893918 (diff 33334 @0)
08-28 09:52:14.867  1880  2405 D sensors_hal_Time: time_service_sensor1_cb: msg_type 2
08-28 09:52:14.867  1880  2405 D sensors_hal_Time: time_service_sensor1_cb: Sn 24, msg Id 3, txn Id 0
08-28 09:52:14.868  1880  2405 D sensors_hal_Time: tsOffsetIs: Apps: 596145713583663; DSPS: 2354657254; Offset : 524287276932929 (diff 35156 @0)
08-28 09:52:34.873  1880  2405 D sensors_hal_Time: time_service_sensor1_cb: msg_type 2
08-28 09:52:34.873  1880  2405 D sensors_hal_Time: time_service_sensor1_cb: Sn 24, msg Id 3, txn Id 0
08-28 09:52:34.874  1880  2405 D sensors_hal_Time: tsOffsetIs: Apps: 596165719552457; DSPS: 2355312809; Offset : 524287276910873 (diff 35937 @0)
08-28 09:52:54.882  1880  2405 D sensors_hal_Time: time_service_sensor1_cb: msg_type 2
08-28 09:52:54.882  1880  2405 D sensors_hal_Time: time_service_sensor1_cb: Sn 24, msg Id 3, txn Id 0
08-28 09:52:54.882  1880  2405 D sensors_hal_Time: tsOffsetIs: Apps: 596185727976252; DSPS: 2355968445; Offset : 524287276910852 (diff 34010 @0)
08-28 09:53:14.890  1880  2405 D sensors_hal_Time: time_service_sensor1_cb: msg_type 2
08-28 09:53:14.890  1880  2405 D sensors_hal_Time: time_service_sensor1_cb: Sn 24, msg Id 3, txn Id 0
08-28 09:53:14.890  1880  2405 D sensors_hal_Time: tsOffsetIs: Apps: 596205735815202; DSPS: 2356624062; Offset : 524287276906681 (diff 34011 @0)
08-28 09:53:34.893  1880  2405 D sensors_hal_Time: time_service_sensor1_cb: msg_type 2
08-28 09:53:34.893  1880  2405 D sensors_hal_Time: time_service_sensor1_cb: Sn 24, msg Id 3, txn Id 0
08-28 09:53:34.894  1880  2405 D sensors_hal_Time: tsOffsetIs: Apps: 596225739880976; DSPS: 2357279556; Offset : 524287276963985 (diff 36719 @0)
08-28 09:53:54.901  1880  2405 D sensors_hal_Time: time_service_sensor1_cb: msg_type 2
08-28 09:53:54.902  1880  2405 D sensors_hal_Time: time_service_sensor1_cb: Sn 24, msg Id 3, txn Id 0
08-28 09:53:54.902  1880  2405 D sensors_hal_Time: tsOffsetIs: Apps: 596245747302895; DSPS: 2357935159; Offset : 524287276888961 (diff 33229 @0)
08-28 09:53:56.821  3102  3102 D UsbHostManagerService: intent receive : android.intent.action.BATTERY_CHANGED
08-28 09:53:56.822  3861  3861 W MainApplication: onReceive intent : Intent { act=android.intent.action.BATTERY_CHANGED flg=0x60000010 (has extras) }
08-28 09:54:14.906  1880  2405 D sensors_hal_Time: time_service_sensor1_cb: msg_type 2
08-28 09:54:14.906  1880  2405 D sensors_hal_Time: time_service_sensor1_cb: Sn 24, msg Id 3, txn Id 0
08-28 09:54:14.907  1880  2405 D sensors_hal_Time: tsOffsetIs: Apps: 596265752519450; DSPS: 2358590690; Offset : 524287276965317 (diff 34739 @0)
08-28 09:54:34.913  1880  2405 D sensors_hal_Time: time_service_sensor1_cb: msg_type 2
08-28 09:54:34.914  1880  2405 D sensors_hal_Time: time_service_sensor1_cb: Sn 24, msg Id 3, txn Id 0
08-28 09:54:34.914  1880  2405 D sensors_hal_Time: tsOffsetIs: Apps: 596285759590484; DSPS: 2359246281; Offset : 524287276908952 (diff 34271 @0)
08-28 09:54:54.920  1880  2405 D sensors_hal_Time: time_service_sensor1_cb: msg_type 2
08-28 09:54:54.920  1880  2405 D sensors_hal_Time: time_service_sensor1_cb: Sn 24, msg Id 3, txn Id 0
08-28 09:54:54.921  1880  2405 D sensors_hal_Time: tsOffsetIs: Apps: 596305766109227; DSPS: 2359901855; Offset : 524287276989693 (diff 35000 @0)
08-28 09:55:14.923  1880  2405 D sensors_hal_Time: time_service_sensor1_cb: msg_type 2
08-28 09:55:14.923  1880  2405 D sensors_hal_Time: time_service_sensor1_cb: Sn 24, msg Id 3, txn Id 0
08-28 09:55:14.923  1880  2405 D sensors_hal_Time: tsOffsetIs: Apps: 596325770278073; DSPS: 2360557351; Offset : 524287276904373 (diff 9115 @2)
08-28 09:55:34.928  1880  2405 D sensors_hal_Time: time_service_sensor1_cb: msg_type 2
08-28 09:55:34.928  1880  2405 D sensors_hal_Time: time_service_sensor1_cb: Sn 24, msg Id 3, txn Id 0
08-28 09:55:34.929  1880  2405 D sensors_hal_Time: tsOffsetIs: Apps: 596345774708638; DSPS: 2361212857; Offset : 524287276929866 (diff 34062 @0)
08-28 09:55:54.932  1880  2405 D sensors_hal_Time: time_service_sensor1_cb: msg_type 2
08-28 09:55:54.933  1880  2405 D sensors_hal_Time: time_service_sensor1_cb: Sn 24, msg Id 3, txn Id 0
08-28 09:55:54.933  1880  2405 D sensors_hal_Time: tsOffsetIs: Apps: 596365778852120; DSPS: 2361868352; Offset : 524287276950037 (diff 34167 @0)
08-28 09:56:14.940  1880  2405 D sensors_hal_Time: time_service_sensor1_cb: msg_type 2
08-28 09:56:14.940  1880  2405 D sensors_hal_Time: time_service_sensor1_cb: Sn 24, msg Id 3, txn Id 0
08-28 09:56:14.940  1880  2405 D sensors_hal_Time: tsOffsetIs: Apps: 596385785319613; DSPS: 2362523924; Offset : 524287276912673 (diff 36198 @0)
08-28 09:56:34.232  3861  3861 W MainApplication: onReceive intent : Intent { act=android.intent.action.BATTERY_CHANGED flg=0x60000010 (has extras) }
08-28 09:56:34.233  3102  3102 D UsbHostManagerService: intent receive : android.intent.action.BATTERY_CHANGED
08-28 09:56:34.946  1880  2405 D sensors_hal_Time: time_service_sensor1_cb: msg_type 2
08-28 09:56:34.946  1880  2405 D sensors_hal_Time: time_service_sensor1_cb: Sn 24, msg Id 3, txn Id 0
08-28 09:56:34.947  1880  2405 D sensors_hal_Time: tsOffsetIs: Apps: 596405792347834; DSPS: 2363179515; Offset : 524287276891360 (diff 35937 @0)
08-28 09:56:54.950  1880  2405 D sensors_hal_Time: time_service_sensor1_cb: msg_type 2
08-28 09:56:54.951  1880  2405 D sensors_hal_Time: time_service_sensor1_cb: Sn 24, msg Id 3, txn Id 0
08-28 09:56:54.951  1880  2405 D sensors_hal_Time: tsOffsetIs: Apps: 596425797173868; DSPS: 2363835033; Offset : 524287276895643 (diff 36197 @0)
08-28 09:57:14.958  1880  2405 D sensors_hal_Time: time_service_sensor1_cb: msg_type 2
08-28 09:57:14.958  1880  2405 D sensors_hal_Time: time_service_sensor1_cb: Sn 24, msg Id 3, txn Id 0
08-28 09:57:14.958  1880  2405 D sensors_hal_Time: tsOffsetIs: Apps: 596445803898704; DSPS: 2364490613; Offset : 524287276905544 (diff 33855 @0)
08-28 09:57:34.965  1880  2405 D sensors_hal_Time: time_service_sensor1_cb: msg_type 2
08-28 09:57:34.965  1880  2405 D sensors_hal_Time: time_service_sensor1_cb: Sn 24, msg Id 3, txn Id 0
08-28 09:57:34.965  1880  2405 D sensors_hal_Time: tsOffsetIs: Apps: 596465810982186; DSPS: 2365146205; Offset : 524287276990667 (diff 36146 @0)
08-28 09:57:54.971  1880  2405 D sensors_hal_Time: time_service_sensor1_cb: msg_type 2
08-28 09:57:54.971  1880  2405 D sensors_hal_Time: time_service_sensor1_cb: Sn 24, msg Id 3, txn Id 0
08-28 09:57:54.972  1880  2405 D sensors_hal_Time: tsOffsetIs: Apps: 596485817007856; DSPS: 2365801763; Offset : 524287276892164 (diff 34219 @0)
08-28 09:58:14.978  1880  2405 D sensors_hal_Time: time_service_sensor1_cb: msg_type 2
08-28 09:58:14.978  1880  2405 D sensors_hal_Time: time_service_sensor1_cb: Sn 24, msg Id 3, txn Id 0
08-28 09:58:14.979  1880  2405 D sensors_hal_Time: tsOffsetIs: Apps: 596505824683057; DSPS: 2366457374; Offset : 524287277350056 (diff 36198 @0)
08-28 09:58:34.986  1880  2405 D sensors_hal_Time: time_service_sensor1_cb: msg_type 2
08-28 09:58:34.986  1880  2405 D sensors_hal_Time: time_service_sensor1_cb: Sn 24, msg Id 3, txn Id 0
08-28 09:58:34.987  1880  2405 D sensors_hal_Time: tsOffsetIs: Apps: 596525832266018; DSPS: 2367112983; Offset : 524287276932318 (diff 35989 @0)
08-28 09:58:54.992  1880  2405 D sensors_hal_Time: time_service_sensor1_cb: msg_type 2
08-28 09:58:54.992  1880  2405 D sensors_hal_Time: time_service_sensor1_cb: Sn 24, msg Id 3, txn Id 0
08-28 09:58:54.993  1880  2405 D sensors_hal_Time: tsOffsetIs: Apps: 596545837919812; DSPS: 2367768528; Offset : 524287276899473 (diff 33802 @0)
08-28 09:59:14.997  1880  2405 D sensors_hal_Time: time_service_sensor1_cb: msg_type 2
08-28 09:59:14.998  1880  2405 D sensors_hal_Time: time_service_sensor1_cb: Sn 24, msg Id 3, txn Id 0
08-28 09:59:14.998  1880  2405 D sensors_hal_Time: tsOffsetIs: Apps: 596565843784440; DSPS: 2368424080; Offset : 524287276941446 (diff 34323 @0)
08-28 09:59:35.005  1880  2405 D sensors_hal_Time: time_service_sensor1_cb: msg_type 2
08-28 09:59:35.006  1880  2405 D sensors_hal_Time: time_service_sensor1_cb: Sn 24, msg Id 3, txn Id 0
08-28 09:59:35.006  1880  2405 D sensors_hal_Time: tsOffsetIs: Apps: 596585851710630; DSPS: 2369079700; Offset : 524287276937779 (diff 36042 @0)
08-28 09:59:55.013  1880  2405 D sensors_hal_Time: time_service_sensor1_cb: msg_type 2
08-28 09:59:55.014  1880  2405 D sensors_hal_Time: time_service_sensor1_cb: Sn 24, msg Id 3, txn Id 0
08-28 09:59:55.014  1880  2405 D sensors_hal_Time: tsOffsetIs: Apps: 596605859852758; DSPS: 2369735327; Offset : 524287276931116 (diff 35989 @0)
08-28 10:00:00.008  1880  2473 D PowerManagerServiceAO: acquireWakeLockInternal: lock=48793820, flags=0x40000001, tag="*alarm*", ws=WorkSource{1000}, historyTag=*alarm*:android.intent.action.TIME_TICK, uid=1000, pid=1880
08-28 10:00:00.012  1880  2473 V AlarmManager: RTC_WAKEUP set : Alarm{7fda1a3 tag *walarm*:ScheduleConditionProvider.EVALUATE type 0 when 1503903600000 android} when 1503903600000
08-28 10:00:00.198  1880  1880 D PowerManagerServiceAO: releaseWakeLockInternal: lock=48793820 [*alarm*], flags=0x0
08-28 10:00:15.022  1880  2405 D sensors_hal_Time: time_service_sensor1_cb: msg_type 2
08-28 10:00:15.022  1880  2405 D sensors_hal_Time: time_service_sensor1_cb: Sn 24, msg Id 3, txn Id 0
08-28 10:00:15.023  1880  2405 D sensors_hal_Time: tsOffsetIs: Apps: 596625868100407; DSPS: 2370390957; Offset : 524287276982741 (diff 33854 @0)
08-28 10:00:35.030  1880  2405 D sensors_hal_Time: time_service_sensor1_cb: msg_type 2
08-28 10:00:35.030  1880  2405 D sensors_hal_Time: time_service_sensor1_cb: Sn 24, msg Id 3, txn Id 0
08-28 10:00:35.031  1880  2405 D sensors_hal_Time: tsOffsetIs: Apps: 596645876373576; DSPS: 2371046588; Offset : 524287277040933 (diff 38490 @0)
08-28 10:00:55.037  1880  2405 D sensors_hal_Time: time_service_sensor1_cb: msg_type 2
08-28 10:00:55.037  1880  2405 D sensors_hal_Time: time_service_sensor1_cb: Sn 24, msg Id 3, txn Id 0
08-28 10:00:55.038  1880  2405 D sensors_hal_Time: tsOffsetIs: Apps: 596665883584350; DSPS: 2371702184; Offset : 524287276993960 (diff 35312 @0)
08-28 10:01:15.045  1880  2405 D sensors_hal_Time: time_service_sensor1_cb: msg_type 2
08-28 10:01:15.045  1880  2405 D sensors_hal_Time: time_service_sensor1_cb: Sn 24, msg Id 3, txn Id 0
08-28 10:01:15.046  1880  2405 D sensors_hal_Time: tsOffsetIs: Apps: 596685891311842; DSPS: 2372357798; Offset : 524287276885925 (diff 34166 @0)
08-28 10:01:29.173  1880  2473 D PowerManagerServiceAO: acquireWakeLockInternal: lock=48793820, flags=0x40000001, tag="*alarm*", ws=WorkSource{1000}, historyTag=*alarm*:android.intent.action.TIME_TICK, uid=1000, pid=1880
08-28 10:01:29.180  1880  2473 V AlarmManager: ELAPSED_WAKEUP set : Alarm{d754e82 tag *walarm*:X.097.ACTION_INEXACT_ALARM.FBNS.com.facebook.katana type 2 when 596700000 com.facebook.katana} when 596700000
08-28 10:01:29.184  1880  2473 V AlarmManager: ELAPSED_WAKEUP set : Alarm{36a3993 tag *walarm*:X.07A.ACTION_BACKUP_ALARM.MqttLite.com.facebook.orca type 2 when 596700000 com.facebook.orca} when 596700000
08-28 10:01:29.186  1880  2473 V AlarmManager: ELAPSED_WAKEUP set : Alarm{c777dd0 tag *walarm*:X.07A.ACTION_INEXACT_ALARM.MqttLite.com.facebook.orca type 2 when 596700000 com.facebook.orca} when 596700000
08-28 10:01:29.187  1880  2473 V AlarmManager: ELAPSED_WAKEUP set : Alarm{61621c9 tag *walarm*:X.08r.ACTION_INEXACT_ALARM.FBNS.com.facebook.katana type 2 when 596700000 com.facebook.katana} when 596700000
08-28 10:01:29.188  1880  2473 V AlarmManager: ELAPSED_WAKEUP set : Alarm{2dd0ce tag *walarm*:X.097.ACTION_BACKUP_ALARM.FBNS.com.facebook.katana type 2 when 596700000 com.facebook.katana} when 596700000
08-28 10:01:29.296  1880  1880 D PowerManagerServiceAO: releaseWakeLockInternal: lock=48793820 [*alarm*], flags=0x0
08-28 10:01:35.053  1880  2405 D sensors_hal_Time: time_service_sensor1_cb: msg_type 2
08-28 10:01:35.053  1880  2405 D sensors_hal_Time: time_service_sensor1_cb: Sn 24, msg Id 3, txn Id 0
08-28 10:01:35.053  1880  2405 D sensors_hal_Time: tsOffsetIs: Apps: 596705898738241; DSPS: 2373013401; Offset : 524287276937594 (diff 36979 @0)
08-28 10:01:55.060  1880  2405 D sensors_hal_Time: time_service_sensor1_cb: msg_type 2
08-28 10:01:55.061  1880  2405 D sensors_hal_Time: time_service_sensor1_cb: Sn 24, msg Id 3, txn Id 0
08-28 10:01:55.061  1880  2405 D sensors_hal_Time: tsOffsetIs: Apps: 596725906727348; DSPS: 2373669023; Offset : 524287276977606 (diff 35938 @0)
08-28 10:02:15.068  1880  2405 D sensors_hal_Time: time_service_sensor1_cb: msg_type 2
08-28 10:02:15.068  1880  2405 D sensors_hal_Time: time_service_sensor1_cb: Sn 24, msg Id 3, txn Id 0
08-28 10:02:15.068  1880  2405 D sensors_hal_Time: tsOffsetIs: Apps: 596745914363798; DSPS: 2374324633; Offset : 524287276897812 (diff 35573 @0)
08-28 10:02:35.074  1880  2405 D sensors_hal_Time: time_service_sensor1_cb: msg_type 2
08-28 10:02:35.074  1880  2405 D sensors_hal_Time: time_service_sensor1_cb: Sn 24, msg Id 3, txn Id 0
08-28 10:02:35.075  1880  2405 D sensors_hal_Time: tsOffsetIs: Apps: 596765920342957; DSPS: 2374980189; Offset : 524287276896698 (diff 38020 @0)
08-28 10:02:55.081  1880  2405 D sensors_hal_Time: time_service_sensor1_cb: msg_type 2
08-28 10:02:55.081  1880  2405 D sensors_hal_Time: time_service_sensor1_cb: Sn 24, msg Id 3, txn Id 0
08-28 10:02:55.081  1880  2405 D sensors_hal_Time: tsOffsetIs: Apps: 596785926967689; DSPS: 2375635766; Offset : 524287276978803 (diff 34583 @0)
08-28 10:03:15.087  1880  2405 D sensors_hal_Time: time_service_sensor1_cb: msg_type 2
08-28 10:03:15.087  1880  2405 D sensors_hal_Time: time_service_sensor1_cb: Sn 24, msg Id 3, txn Id 0
08-28 10:03:15.087  1880  2405 D sensors_hal_Time: tsOffsetIs: Apps: 596805932695234; DSPS: 2376291314; Offset : 524287276887455 (diff 36406 @0)
08-28 10:03:35.093  1880  2405 D sensors_hal_Time: time_service_sensor1_cb: msg_type 2
08-28 10:03:35.093  1880  2405 D sensors_hal_Time: time_service_sensor1_cb: Sn 24, msg Id 3, txn Id 0
08-28 10:03:35.093  1880  2405 D sensors_hal_Time: tsOffsetIs: Apps: 596825938770226; DSPS: 2376946873; Offset : 524287276889787 (diff 34792 @0)
08-28 10:03:55.098  1880  2405 D sensors_hal_Time: time_service_sensor1_cb: msg_type 2
08-28 10:03:55.098  1880  2405 D sensors_hal_Time: time_service_sensor1_cb: Sn 24, msg Id 3, txn Id 0
08-28 10:03:55.099  1880  2405 D sensors_hal_Time: tsOffsetIs: Apps: 596845944560271; DSPS: 2377602422; Offset : 524287276911436 (diff 33750 @0)
08-28 10:04:15.105  1880  2405 D sensors_hal_Time: time_service_sensor1_cb: msg_type 2
08-28 10:04:15.106  1880  2405 D sensors_hal_Time: time_service_sensor1_cb: Sn 24, msg Id 3, txn Id 0
08-28 10:04:15.106  1880  2405 D sensors_hal_Time: tsOffsetIs: Apps: 596865951646096; DSPS: 2378258015; Offset : 524287276927526 (diff 35990 @0)
08-28 10:04:35.112  1880  2405 D sensors_hal_Time: time_service_sensor1_cb: msg_type 2
08-28 10:04:35.112  1880  2405 D sensors_hal_Time: time_service_sensor1_cb: Sn 24, msg Id 3, txn Id 0
08-28 10:04:35.113  1880  2405 D sensors_hal_Time: tsOffsetIs: Apps: 596885958474370; DSPS: 2378913598; Offset : 524287276949911 (diff 34218 @0)
08-28 10:04:55.115  1880  2405 D sensors_hal_Time: time_service_sensor1_cb: msg_type 2
08-28 10:04:55.116  1880  2405 D sensors_hal_Time: time_service_sensor1_cb: Sn 24, msg Id 3, txn Id 0
08-28 10:04:55.116  1880  2405 D sensors_hal_Time: tsOffsetIs: Apps: 596905962570873; DSPS: 2379569093; Offset : 524287276882400 (diff 25208 @0)
08-28 10:04:55.379  1880  3261 D LocationManagerService: getLastLocation: Request[POWER_NONE passive fastest=0 num=1]
08-28 10:04:56.154  1880  3140 D LocationManagerService: getLastLocation: Request[POWER_NONE passive fastest=0 num=1]
08-28 10:04:56.180  1880  1991 D LocationManagerService: getLastLocation: Request[POWER_NONE passive fastest=0 num=1]
08-28 10:04:56.196  1880  2648 D LocationManagerService: getLastLocation: Request[POWER_NONE passive fastest=0 num=1]
08-28 10:04:56.214  1880  3282 D LocationManagerService: getLastLocation: Request[POWER_NONE passive fastest=0 num=1]
08-28 10:04:56.236  1880  3261 D LocationManagerService: getLastLocation: Request[POWER_NONE passive fastest=0 num=1]
08-28 10:04:56.268  1880  3140 D LocationManagerService: getLastLocation: Request[POWER_NONE passive fastest=0 num=1]
08-28 10:04:56.314  1880  3240 D LocationManagerService: getLastLocation: Request[POWER_NONE passive fastest=0 num=1]
08-28 10:04:56.360  1880  3189 D LocationManagerService: getLastLocation: Request[POWER_NONE passive fastest=0 num=1]
08-28 10:04:56.384  1880  3158 D LocationManagerService: getLastLocation: Request[POWER_NONE passive fastest=0 num=1]
08-28 10:04:56.425  1880  3188 D LocationManagerService: getLastLocation: Request[POWER_NONE passive fastest=0 num=1]
08-28 10:04:56.471  1880  2648 D LocationManagerService: getLastLocation: Request[POWER_NONE passive fastest=0 num=1]
08-28 10:04:56.510  1880  3282 D LocationManagerService: getLastLocation: Request[POWER_NONE passive fastest=0 num=1]
08-28 10:04:56.538  1880  3261 D LocationManagerService: getLastLocation: Request[POWER_NONE passive fastest=0 num=1]
08-28 10:04:56.905  1880  3226 D LocationManagerService: getLastLocation: Request[POWER_NONE passive fastest=0 num=1]
08-28 10:04:56.929  1880  3192 D LocationManagerService: getLastLocation: Request[POWER_NONE passive fastest=0 num=1]
08-28 10:04:56.957  1880  2655 D LocationManagerService: getLastLocation: Request[POWER_NONE passive fastest=0 num=1]
08-28 10:04:56.996  1880  1991 D LocationManagerService: getLastLocation: Request[POWER_NONE passive fastest=0 num=1]
08-28 10:05:15.124  1880  2405 D sensors_hal_Time: time_service_sensor1_cb: msg_type 2
08-28 10:05:15.124  1880  2405 D sensors_hal_Time: time_service_sensor1_cb: Sn 24, msg Id 3, txn Id 0
08-28 10:05:15.125  1880  2405 D sensors_hal_Time: tsOffsetIs: Apps: 596925970126178; DSPS: 2380224700; Offset : 524287276903823 (diff 34375 @0)
08-28 10:05:35.132  1880  2405 D sensors_hal_Time: time_service_sensor1_cb: msg_type 2
08-28 10:05:35.132  1880  2405 D sensors_hal_Time: time_service_sensor1_cb: Sn 24, msg Id 3, txn Id 0
08-28 10:05:35.132  1880  2405 D sensors_hal_Time: tsOffsetIs: Apps: 596945977906274; DSPS: 2380880315; Offset : 524287276903081 (diff 36146 @0)
08-28 10:05:55.139  1880  2405 D sensors_hal_Time: time_service_sensor1_cb: msg_type 2
08-28 10:05:55.139  1880  2405 D sensors_hal_Time: time_service_sensor1_cb: Sn 24, msg Id 3, txn Id 0
08-28 10:05:55.140  1880  2405 D sensors_hal_Time: tsOffsetIs: Apps: 596965985470485; DSPS: 2381535923; Offset : 524287276938803 (diff 34427 @0)
08-28 10:06:15.144  1880  2405 D sensors_hal_Time: time_service_sensor1_cb: msg_type 2
08-28 10:06:15.144  1880  2405 D sensors_hal_Time: time_service_sensor1_cb: Sn 24, msg Id 3, txn Id 0
08-28 10:06:15.145  1880  2405 D sensors_hal_Time: tsOffsetIs: Apps: 596985990265530; DSPS: 2382191440; Offset : 524287276901911 (diff 34948 @0)
08-28 10:06:35.151  1880  2405 D sensors_hal_Time: time_service_sensor1_cb: msg_type 2
08-28 10:06:35.151  1880  2405 D sensors_hal_Time: time_service_sensor1_cb: Sn 24, msg Id 3, txn Id 0
08-28 10:06:35.151  1880  2405 D sensors_hal_Time: tsOffsetIs: Apps: 597005996299741; DSPS: 2382846998; Offset : 524287276933928 (diff 35833 @0)
08-28 10:06:45.014  1880  2473 V AlarmManager: ELAPSED_WAKEUP set : Alarm{51438a9 tag *walarm*:android.content.syncmanager.SYNC_ALARM type 2 when 597015848 android} when 597015848
08-28 10:06:45.074  1880  1880 I ActivityManager: Start proc 29614:com.evernote/u0a25 for service com.evernote/.android.job.v21.PlatformJobService
08-28 10:06:55.154  1880  2405 D sensors_hal_Time: time_service_sensor1_cb: msg_type 2
08-28 10:06:55.154  1880  2405 D sensors_hal_Time: time_service_sensor1_cb: Sn 24, msg Id 3, txn Id 0
08-28 10:06:55.155  1880  2405 D sensors_hal_Time: tsOffsetIs: Apps: 597026000411452; DSPS: 2383502493; Offset : 524287276923969 (diff 34844 @0)
08-28 10:06:55.416  1880  3258 I ActivityManager: Killing 26491:com.google.android.gms.ui/u0a10 (adj 15): empty for 1861s
08-28 10:06:55.454  1880  1991 D ActivityManager: cleanUpApplicationRecord -- 26491
08-28 10:07:15.163  1880  2405 D sensors_hal_Time: time_service_sensor1_cb: msg_type 2
08-28 10:07:15.163  1880  2405 D sensors_hal_Time: time_service_sensor1_cb: Sn 24, msg Id 3, txn Id 0
08-28 10:07:15.163  1880  2405 D sensors_hal_Time: tsOffsetIs: Apps: 597046008768319; DSPS: 2384158126; Offset : 524287276911073 (diff 34688 @0)
08-28 10:07:35.170  1880  2405 D sensors_hal_Time: time_service_sensor1_cb: msg_type 2
08-28 10:07:35.170  1880  2405 D sensors_hal_Time: time_service_sensor1_cb: Sn 24, msg Id 3, txn Id 0
08-28 10:07:35.171  1880  2405 D sensors_hal_Time: tsOffsetIs: Apps: 597066015847791; DSPS: 2384813718; Offset : 524287276999296 (diff 35573 @0)
08-28 10:07:55.175  1880  2405 D sensors_hal_Time: time_service_sensor1_cb: msg_type 2
08-28 10:07:55.175  1880  2405 D sensors_hal_Time: time_service_sensor1_cb: Sn 24, msg Id 3, txn Id 0
08-28 10:07:55.176  1880  2405 D sensors_hal_Time: tsOffsetIs: Apps: 597086021214971; DSPS: 2385469254; Offset : 524287276907179 (diff 36250 @0)
08-28 10:08:15.183  1880  2405 D sensors_hal_Time: time_service_sensor1_cb: msg_type 2
08-28 10:08:15.184  1880  2405 D sensors_hal_Time: time_service_sensor1_cb: Sn 24, msg Id 3, txn Id 0
08-28 10:08:15.184  1880  2405 D sensors_hal_Time: tsOffsetIs: Apps: 597106029658088; DSPS: 2386124891; Offset : 524287276897161 (diff 36614 @0)
08-28 10:08:35.191  1880  2405 D sensors_hal_Time: time_service_sensor1_cb: msg_type 2
08-28 10:08:35.191  1880  2405 D sensors_hal_Time: time_service_sensor1_cb: Sn 24, msg Id 3, txn Id 0
08-28 10:08:35.191  1880  2405 D sensors_hal_Time: tsOffsetIs: Apps: 597126036498289; DSPS: 2386780475; Offset : 524287276900461 (diff 34687 @0)
08-28 10:08:55.197  1880  2405 D sensors_hal_Time: time_service_sensor1_cb: msg_type 2
08-28 10:08:55.197  1880  2405 D sensors_hal_Time: time_service_sensor1_cb: Sn 24, msg Id 3, txn Id 0
08-28 10:08:55.198  1880  2405 D sensors_hal_Time: tsOffsetIs: Apps: 597146043572864; DSPS: 2387436067; Offset : 524287276941780 (diff 33750 @0)
08-28 10:09:15.202  1880  2405 D sensors_hal_Time: time_service_sensor1_cb: msg_type 2
08-28 10:09:15.203  1880  2405 D sensors_hal_Time: time_service_sensor1_cb: Sn 24, msg Id 3, txn Id 0
08-28 10:09:15.203  1880  2405 D sensors_hal_Time: tsOffsetIs: Apps: 597166048819523; DSPS: 2388091599; Offset : 524287276891787 (diff 33281 @0)
08-28 10:09:35.210  1880  2405 D sensors_hal_Time: time_service_sensor1_cb: msg_type 2
08-28 10:09:35.210  1880  2405 D sensors_hal_Time: time_service_sensor1_cb: Sn 24, msg Id 3, txn Id 0
08-28 10:09:35.210  1880  2405 D sensors_hal_Time: tsOffsetIs: Apps: 597186056069672; DSPS: 2388747196; Offset : 524287276949426 (diff 34739 @0)
08-28 10:09:55.217  1880  2405 D sensors_hal_Time: time_service_sensor1_cb: msg_type 2
08-28 10:09:55.217  1880  2405 D sensors_hal_Time: time_service_sensor1_cb: Sn 24, msg Id 3, txn Id 0
08-28 10:09:55.218  1880  2405 D sensors_hal_Time: tsOffsetIs: Apps: 597206063481435; DSPS: 2389402799; Offset : 524287276905417 (diff 33281 @0)
08-28 10:10:15.226  1880  2405 D sensors_hal_Time: time_service_sensor1_cb: msg_type 2
08-28 10:10:15.226  1880  2405 D sensors_hal_Time: time_service_sensor1_cb: Sn 24, msg Id 3, txn Id 0
08-28 10:10:15.227  1880  2405 D sensors_hal_Time: tsOffsetIs: Apps: 597226072307365; DSPS: 2390058448; Offset : 524287276911662 (diff 33281 @0)
08-28 10:10:35.234  1880  2405 D sensors_hal_Time: time_service_sensor1_cb: msg_type 2
08-28 10:10:35.235  1880  2405 D sensors_hal_Time: time_service_sensor1_cb: Sn 24, msg Id 3, txn Id 0
08-28 10:10:35.235  1880  2405 D sensors_hal_Time: tsOffsetIs: Apps: 597246080668087; DSPS: 2390714083; Offset : 524287276880754 (diff 34479 @0)
08-28 10:10:55.242  1880  2405 D sensors_hal_Time: time_service_sensor1_cb: msg_type 2
08-28 10:10:55.243  1880  2405 D sensors_hal_Time: time_service_sensor1_cb: Sn 24, msg Id 3, txn Id 0
08-28 10:10:55.243  1880  2405 D sensors_hal_Time: tsOffsetIs: Apps: 597266088734954; DSPS: 2391369707; Offset : 524287276930877 (diff 34167 @0)
08-28 10:11:15.248  1880  2405 D sensors_hal_Time: time_service_sensor1_cb: msg_type 2
08-28 10:11:15.248  1880  2405 D sensors_hal_Time: time_service_sensor1_cb: Sn 24, msg Id 3, txn Id 0
08-28 10:11:15.249  1880  2405 D sensors_hal_Time: tsOffsetIs: Apps: 597286094277551; DSPS: 2392025248; Offset : 524287277034583 (diff 37500 @0)
08-28 10:11:35.254  1880  2405 D sensors_hal_Time: time_service_sensor1_cb: msg_type 2
08-28 10:11:35.255  1880  2405 D sensors_hal_Time: time_service_sensor1_cb: Sn 24, msg Id 3, txn Id 0
08-28 10:11:35.255  1880  2405 D sensors_hal_Time: tsOffsetIs: Apps: 597306101016345; DSPS: 2392680829; Offset : 524287276904200 (diff 34271 @0)
08-28 10:11:55.263  1880  2405 D sensors_hal_Time: time_service_sensor1_cb: msg_type 2
08-28 10:11:55.263  1880  2405 D sensors_hal_Time: time_service_sensor1_cb: Sn 24, msg Id 3, txn Id 0
08-28 10:11:55.263  1880  2405 D sensors_hal_Time: tsOffsetIs: Apps: 597326109477431; DSPS: 2393336467; Offset : 524287276923927 (diff 34531 @0)
08-28 10:12:15.271  1880  2405 D sensors_hal_Time: time_service_sensor1_cb: msg_type 2
08-28 10:12:15.271  1880  2405 D sensors_hal_Time: time_service_sensor1_cb: Sn 24, msg Id 3, txn Id 0
08-28 10:12:15.272  1880  2405 D sensors_hal_Time: tsOffsetIs: Apps: 597346117218309; DSPS: 2393992080; Offset : 524287276901930 (diff 35053 @0)
08-28 10:12:35.277  1880  2405 D sensors_hal_Time: time_service_sensor1_cb: msg_type 2
08-28 10:12:35.277  1880  2405 D sensors_hal_Time: time_service_sensor1_cb: Sn 24, msg Id 3, txn Id 0
08-28 10:12:35.277  1880  2405 D sensors_hal_Time: tsOffsetIs: Apps: 597366122953874; DSPS: 2394647628; Offset : 524287276899019 (diff 33125 @0)
08-28 10:12:55.282  1880  2405 D sensors_hal_Time: time_service_sensor1_cb: msg_type 2
08-28 10:12:55.282  1880  2405 D sensors_hal_Time: time_service_sensor1_cb: Sn 24, msg Id 3, txn Id 0
08-28 10:12:55.283  1880  2405 D sensors_hal_Time: tsOffsetIs: Apps: 597386128165742; DSPS: 2395303159; Offset : 524287276892771 (diff 34114 @0)
08-28 10:13:15.287  1880  2405 D sensors_hal_Time: time_service_sensor1_cb: msg_type 2
08-28 10:13:15.287  1880  2405 D sensors_hal_Time: time_service_sensor1_cb: Sn 24, msg Id 3, txn Id 0
08-28 10:13:15.287  1880  2405 D sensors_hal_Time: tsOffsetIs: Apps: 597406133236151; DSPS: 2395958685; Offset : 524287276898147 (diff 35677 @0)
08-28 10:13:35.293  1880  2405 D sensors_hal_Time: time_service_sensor1_cb: msg_type 2
08-28 10:13:35.293  1880  2405 D sensors_hal_Time: time_service_sensor1_cb: Sn 24, msg Id 3, txn Id 0
08-28 10:13:35.293  1880  2405 D sensors_hal_Time: tsOffsetIs: Apps: 597426138560414; DSPS: 2396614219; Offset : 524287277003002 (diff 36250 @0)
08-28 10:13:55.299  1880  2405 D sensors_hal_Time: time_service_sensor1_cb: msg_type 2
08-28 10:13:55.299  1880  2405 D sensors_hal_Time: time_service_sensor1_cb: Sn 24, msg Id 3, txn Id 0
08-28 10:13:55.300  1880  2405 D sensors_hal_Time: tsOffsetIs: Apps: 597446145083687; DSPS: 2397269793; Offset : 524287276903586 (diff 33334 @0)
08-28 10:14:15.306  1880  2405 D sensors_hal_Time: time_service_sensor1_cb: msg_type 2
08-28 10:14:15.307  1880  2405 D sensors_hal_Time: time_service_sensor1_cb: Sn 24, msg Id 3, txn Id 0
08-28 10:14:15.307  1880  2405 D sensors_hal_Time: tsOffsetIs: Apps: 597466152621440; DSPS: 2397925400; Offset : 524287276903785 (diff 33906 @0)
08-28 10:14:35.311  1880  2405 D sensors_hal_Time: time_service_sensor1_cb: msg_type 2
08-28 10:14:35.311  1880  2405 D sensors_hal_Time: time_service_sensor1_cb: Sn 24, msg Id 3, txn Id 0
08-28 10:14:35.312  1880  2405 D sensors_hal_Time: tsOffsetIs: Apps: 597486158479141; DSPS: 2398580952; Offset : 524287276898361 (diff 25157 @0)
08-28 10:14:55.319  1880  2405 D sensors_hal_Time: time_service_sensor1_cb: msg_type 2
08-28 10:14:55.319  1880  2405 D sensors_hal_Time: time_service_sensor1_cb: Sn 24, msg Id 3, txn Id 0
08-28 10:14:55.320  1880  2405 D sensors_hal_Time: tsOffsetIs: Apps: 597506165481060; DSPS: 2399236541; Offset : 524287276915400 (diff 33489 @0)
08-28 10:15:10.034  1880  2023 I BatteryStatsImpl: writeLocked() sync : false
08-28 10:15:15.326  1880  2405 D sensors_hal_Time: time_service_sensor1_cb: msg_type 2
08-28 10:15:15.326  1880  2405 D sensors_hal_Time: time_service_sensor1_cb: Sn 24, msg Id 3, txn Id 0
08-28 10:15:15.327  1880  2405 D sensors_hal_Time: tsOffsetIs: Apps: 597526172067147; DSPS: 2399892117; Offset : 524287276949872 (diff 34062 @0)
08-28 10:15:35.333  1880  2405 D sensors_hal_Time: time_service_sensor1_cb: msg_type 2
08-28 10:15:35.333  1880  2405 D sensors_hal_Time: time_service_sensor1_cb: Sn 24, msg Id 3, txn Id 0
08-28 10:15:35.333  1880  2405 D sensors_hal_Time: tsOffsetIs: Apps: 597546178992712; DSPS: 2400547704; Offset : 524287276907660 (diff 33490 @0)
08-28 10:15:55.341  1880  2405 D sensors_hal_Time: time_service_sensor1_cb: msg_type 2
08-28 10:15:55.341  1880  2405 D sensors_hal_Time: time_service_sensor1_cb: Sn 24, msg Id 3, txn Id 0
08-28 10:15:55.341  1880  2405 D sensors_hal_Time: tsOffsetIs: Apps: 597566186722965; DSPS: 2401203318; Offset : 524287276886057 (diff 32604 @0)
08-28 10:16:15.347  1880  2405 D sensors_hal_Time: time_service_sensor1_cb: msg_type 2
08-28 10:16:15.347  1880  2405 D sensors_hal_Time: time_service_sensor1_cb: Sn 24, msg Id 3, txn Id 0
08-28 10:16:15.347  1880  2405 D sensors_hal_Time: tsOffsetIs: Apps: 597586192731082; DSPS: 2401858874; Offset : 524287276913043 (diff 33229 @0)
08-28 10:16:29.174  1880  2473 D PowerManagerServiceAO: acquireWakeLockInternal: lock=48793820, flags=0x40000001, tag="*alarm*", ws=WorkSource{1000}, historyTag=*alarm*:android.intent.action.TIME_TICK, uid=1000, pid=1880
08-28 10:16:29.187  1880  2473 V AlarmManager: ELAPSED_WAKEUP set : Alarm{4b6a7c0 tag *walarm*:X.07A.ACTION_BACKUP_ALARM.MqttLite.com.facebook.orca type 2 when 597600000 com.facebook.orca} when 597600000
08-28 10:16:29.188  1880  2473 V AlarmManager: RTC_WAKEUP set : Alarm{7621cf9 tag *walarm*:com.google.android.gms/.checkin.EventLogServiceReceiver type 0 when 1503904589152 com.google.android.gms} when 1503904589152
08-28 10:16:29.193  1880  2473 V AlarmManager: ELAPSED_WAKEUP set : Alarm{819c29f tag *walarm*:X.08r.ACTION_INEXACT_ALARM.FBNS.com.facebook.katana type 2 when 597600000 com.facebook.katana} when 597600000
08-28 10:16:29.200  1880  2473 V AlarmManager: ELAPSED_WAKEUP set : Alarm{23e7fec tag *walarm*:X.07A.ACTION_INEXACT_ALARM.MqttLite.com.facebook.orca type 2 when 597600000 com.facebook.orca} when 597600000
08-28 10:16:29.220  1880  2473 V AlarmManager: ELAPSED_WAKEUP set : Alarm{961e9bb tag *walarm*:X.097.ACTION_INEXACT_ALARM.FBNS.com.facebook.katana type 2 when 597600000 com.facebook.katana} when 597600000
08-28 10:16:29.227  1880  2020 I ProcessStatsService: Prepared write state in 6ms
08-28 10:16:29.230  1880  2473 V AlarmManager: ELAPSED_WAKEUP set : Alarm{132bd16 tag *walarm*:X.097.ACTION_BACKUP_ALARM.FBNS.com.facebook.katana type 2 when 597600000 com.facebook.katana} when 597600000
08-28 10:16:29.331  1880  1880 D PowerManagerServiceAO: releaseWakeLockInternal: lock=48793820 [*alarm*], flags=0x0
08-28 10:16:34.234  3102  3102 D UsbHostManagerService: intent receive : android.intent.action.BATTERY_CHANGED
08-28 10:16:34.240  3861  3861 W MainApplication: onReceive intent : Intent { act=android.intent.action.BATTERY_CHANGED flg=0x60000010 (has extras) }
08-28 10:16:35.353  1880  2405 D sensors_hal_Time: time_service_sensor1_cb: msg_type 2
08-28 10:16:35.353  1880  2405 D sensors_hal_Time: time_service_sensor1_cb: Sn 24, msg Id 3, txn Id 0
08-28 10:16:35.354  1880  2405 D sensors_hal_Time: tsOffsetIs: Apps: 597606199115918; DSPS: 2402514444; Offset : 524287276889370 (diff 33698 @0)
08-28 10:16:55.360  1880  2405 D sensors_hal_Time: time_service_sensor1_cb: msg_type 2
08-28 10:16:55.360  1880  2405 D sensors_hal_Time: time_service_sensor1_cb: Sn 24, msg Id 3, txn Id 0
08-28 10:16:55.361  1880  2405 D sensors_hal_Time: tsOffsetIs: Apps: 597626206363879; DSPS: 2403170041; Offset : 524287276905524 (diff 35313 @0)
08-28 10:17:15.367  1880  2405 D sensors_hal_Time: time_service_sensor1_cb: msg_type 2
08-28 10:17:15.367  1880  2405 D sensors_hal_Time: time_service_sensor1_cb: Sn 24, msg Id 3, txn Id 0
08-28 10:17:15.368  1880  2405 D sensors_hal_Time: tsOffsetIs: Apps: 597646213603611; DSPS: 2403825638; Offset : 524287276952434 (diff 35209 @0)
08-28 10:17:35.374  1880  2405 D sensors_hal_Time: time_service_sensor1_cb: msg_type 2
08-28 10:17:35.374  1880  2405 D sensors_hal_Time: time_service_sensor1_cb: Sn 24, msg Id 3, txn Id 0
08-28 10:17:35.375  1880  2405 D sensors_hal_Time: tsOffsetIs: Apps: 597666220255531; DSPS: 2404481216; Offset : 524287276910609 (diff 35261 @0)
08-28 10:17:36.872  1880  3240 D ConnectivityService: getActiveNetwork nai=NetworkAgentInfo{ ni{[type: WIFI[], state: CONNECTED/CONNECTED, reason: (unspecified), extra: "SkySoftTech 3", roaming: false, failover: false, isAvailable: true, network type: 1]}  network{195}  lp{{InterfaceName: wlan0 LinkAddresses: [fe80::d213:fdff:fe42:6261/64,192.168.1.91/20,]  Routes: [fe80::/64 -> :: wlan0,192.168.0.0/20 -> 0.0.0.0 wlan0,0.0.0.0/0 -> 192.168.1.1 wlan0,] DnsAddresses: [192.168.1.1,] Domains:  MTU: 0 TcpBufferSizes: 524288,2097152,4194304,262144,524288,1048576 PcscfAddresses: [] }}  nc{[ Transports: WIFI Capabilities: INTERNET&NOT_RESTRICTED&TRUSTED&NOT_VPN&VALIDATED LinkUpBandwidth>=1048576Kbps LinkDnBandwidth>=1048576Kbps]}  Score{60}  everValidated{true}  lastValidated{true}  created{true} lingering{false} explicitlySelected{false} acceptUnvalidated{false} everCaptivePortalDetected{false} lastCaptivePortalDetected{false} }
08-28 10:17:55.382  1880  2405 D sensors_hal_Time: time_service_sensor1_cb: msg_type 2
08-28 10:17:55.382  1880  2405 D sensors_hal_Time: time_service_sensor1_cb: Sn 24, msg Id 3, txn Id 0
08-28 10:17:55.383  1880  2405 D sensors_hal_Time: tsOffsetIs: Apps: 597686228632763; DSPS: 2405136851; Offset : 524287276936342 (diff 33907 @0)
08-28 10:18:15.388  1880  2405 D sensors_hal_Time: time_service_sensor1_cb: msg_type 2
08-28 10:18:15.389  1880  2405 D sensors_hal_Time: time_service_sensor1_cb: Sn 24, msg Id 3, txn Id 0
08-28 10:18:15.389  1880  2405 D sensors_hal_Time: tsOffsetIs: Apps: 597706234396817; DSPS: 2405792400; Offset : 524287276978119 (diff 36562 @0)
08-28 10:18:26.631  1880  2473 V AlarmManager: ELAPSED_WAKEUP set : Alarm{1767e76 tag *walarm*:CONTEXT_MANAGER_ALARM_WAKEUP_49886 type 2 when 597717466 com.google.android.gms} when 597717466
08-28 10:18:26.658  1880  2656 I TetherStatsReporting: getTetherStats() called NetworkStats: elapsedRealtime=597717476
08-28 10:18:26.658  1880  2656 I TetherStatsReporting:   [0] iface=wlan0 uid=0 set=DEFAULT tag=0x0 rxBytes=21541331 rxPackets=108695 txBytes=1333854 txPackets=14812 operations=0
08-28 10:18:26.658  1880  2656 I TetherStatsReporting:   [1] iface=wlan0 uid=0 set=FOREGROUND tag=0x0 rxBytes=0 rxPackets=0 txBytes=0 txPackets=0 operations=0
08-28 10:18:26.658  1880  2656 I TetherStatsReporting:   [2] iface=wlan0 uid=1000 set=DEFAULT tag=0x0 rxBytes=452591 rxPackets=6056 txBytes=13413353 txPackets=10647 operations=0
08-28 10:18:26.658  1880  2656 I TetherStatsReporting:   [3] iface=wlan0 uid=1000 set=FOREGROUND tag=0x0 rxBytes=0 rxPackets=0 txBytes=0 txPackets=0 operations=0
08-28 10:18:26.658  1880  2656 I TetherStatsReporting:   [4] iface=wlan0 uid=1014 set=DEFAULT tag=0x0 rxBytes=17280 rxPackets=30 txBytes=10080 txPackets=30 operations=0
08-28 10:18:26.658  1880  2656 I TetherStatsReporting:   [5] iface=wlan0 uid=1014 set=FOREGROUND tag=0x0 rxBytes=0 rxPackets=0 txBytes=0 txPackets=0 operations=0
08-28 10:18:26.658  1880  2656 I TetherStatsReporting:   [6] iface=wlan0 uid=1020 set=DEFAULT tag=0x0 rxBytes=4243 rxPackets=37 txBytes=4682 txPackets=26 operations=0
08-28 10:18:26.658  1880  2656 I TetherStatsReporting:   [7] iface=wlan0 uid=1020 set=FOREGROUND tag=0x0 rxBytes=0 rxPackets=0 txBytes=0 txPackets=0 operations=0
08-28 10:18:26.658  1880  2656 I TetherStatsReporting:   [8] iface=wlan0 uid=1027 set=DEFAULT tag=0x0 rxBytes=1002 rxPackets=8 txBytes=2008 txPackets=8 operations=0
08-28 10:18:26.658  1880  2656 I TetherStatsReporting:   [9] iface=wlan0 uid=1027 set=FOREGROUND tag=0x0 rxBytes=0 rxPackets=0 txBytes=0 txPackets=0 operations=0
08-28 10:18:26.658  1880  2656 I TetherStatsReporting:   [10] iface=wlan0 uid=2901 set=DEFAULT tag=0x0 rxBytes=15821 rxPackets=17 txBytes=1992 txPackets=18 operations=0
08-28 10:18:26.658  1880  2656 I TetherStatsReporting:   [11] iface=wlan0 uid=2901 set=FOREGROUND tag=0x0 rxBytes=0 rxPackets=0 txBytes=0 txPackets=0 operations=0
08-28 10:18:26.658  1880  2656 I TetherStatsReporting:   [12] iface=wlan0 uid=2903 set=DEFAULT tag=0x0 rxBytes=1183781 rxPackets=3521 txBytes=102763 txPackets=933 operations=0
08-28 10:18:26.658  1880  2656 I TetherStatsReporting:   [13] iface=wlan0 uid=2903 set=FOREGROUND tag=0x0 rxBytes=0 rxPackets=0 txBytes=0 txPackets=0 operations=0
08-28 10:18:26.658  1880  2656 I TetherStatsReporting:   [14] iface=wlan0 uid=4001 set=DEFAULT tag=0x0 rxBytes=76 rxPackets=1 txBytes=380 txPackets=5 operations=0
08-28 10:18:26.658  1880  2656 I TetherStatsReporting:   [15] iface=wlan0 uid=4001 set=FOREGROUND tag=0x0 rxBytes=0 rxPackets=0 txBytes=0 txPackets=0 operations=0
08-28 10:18:26.658  1880  2656 I TetherStatsReporting:   [16] iface=wlan0 uid=10010 set=DEFAULT tag=0x0 rxBytes=7920217 rxPackets=17938 txBytes=4740911 txPackets=18797 operations=0
08-28 10:18:26.658  1880  2656 I TetherStatsReporting:   [17] iface=wlan0 uid=10010 set=FOREGROUND tag=0x0 rxBytes=509704 rxPackets=1336 txBytes=569526 txPackets=1710 operations=0
08-28 10:18:26.658  1880  2656 I TetherStatsReporting:   [18] iface=wlan0 uid=10025 set=DEFAULT tag=0x0 rxBytes=168060 rxPackets=333 txBytes=44928 txPackets=399 operations=0
08-28 10:18:26.658  1880  2656 I TetherStatsReporting:   [19] iface=wlan0 uid=10025 set=FOREGROUND tag=0x0 rxBytes=0 rxPackets=0 txBytes=0 txPackets=0 operations=0
08-28 10:18:26.658  1880  2656 I TetherStatsReporting:   [20] iface=wlan0 uid=10026 set=DEFAULT tag=0x0 rxBytes=0 rxPackets=0 txBytes=2527 txPackets=48 operations=0
08-28 10:18:26.658  1880  2656 I TetherStatsReporting:   [21] iface=wlan0 uid=10026 set=FOREGROUND tag=0x0 rxBytes=0 rxPackets=0 txBytes=0 txPackets=0 operations=0
08-28 10:18:26.658  1880  2656 I TetherStatsReporting:   [22] iface=wlan0 uid=10080 set=DEFAULT tag=0x0 rxBytes=572546 rxPackets=1397 txBytes=572471 txPackets=1570 operations=0
08-28 10:18:26.658  1880  2656 I TetherStatsReporting:   [23] iface=wlan0 uid=10080 set=FOREGROUND tag=0x0 rxBytes=0 rxPackets=0 txBytes=0 txPackets=0 operations=0
08-28 10:18:26.658  1880  2656 I TetherStatsReporting:   [24] iface=wlan0 uid=10081 set=DEFAULT tag=0x0 rxBytes=2668326 rxPackets=2724 txBytes=517681 txPackets=2587 operations=0
08-28 10:18:26.658  1880  2656 I TetherStatsReporting:   [25] iface=wlan0 uid=10081 set=FOREGROUND tag=0x0 rxBytes=116 rxPackets=2 txBytes=4936 txPackets=8 operations=0
08-28 10:18:26.658  1880  2656 I TetherStatsReporting:   [26] iface=wlan0 uid=10089 set=DEFAULT tag=0x0 rxBytes=12057245 rxPackets=8272 txBytes=467788 txPackets=7271 operations=0
08-28 10:18:26.658  1880  2656 I TetherStatsReporting:   [27] iface=wlan0 uid=10089 set=FOREGROUND tag=0x0 rxBytes=15201470 rxPackets=10405 txBytes=595850 txPackets=9197 operations=0
08-28 10:18:26.658  1880  2656 I TetherStatsReporting:   [28] iface=wlan0 uid=10091 set=DEFAULT tag=0x0 rxBytes=444627 rxPackets=1194 txBytes=373589 txPackets=1473 operations=0
08-28 10:18:26.658  1880  2656 I TetherStatsReporting:   [29] iface=wlan0 uid=10091 set=FOREGROUND tag=0x0 rxBytes=130662 rxPackets=392 txBytes=178647 txPackets=620 operations=0
08-28 10:18:26.658  1880  2656 I TetherStatsReporting:   [30] iface=wlan0 uid=10092 set=DEFAULT tag=0x0 rxBytes=136913 rxPackets=1113 txBytes=346834 txPackets=1476 operations=0
