08-28 06:16:29.473  1880  1880 D PowerManagerServiceAO: releaseWakeLockInternal: lock=48793820 [*alarm*], flags=0x0
08-28 06:17:16.723  1880  2473 D PowerManagerServiceAO: acquireWakeLockInternal: lock=48793820, flags=0x40000001, tag="*alarm*", ws=WorkSource{1000}, historyTag=*alarm*:android.intent.action.TIME_TICK, uid=1000, pid=1880
08-28 06:17:16.727  1880  2473 V AlarmManager: ELAPSED_WAKEUP set : Alarm{eaacab1 tag *walarm*:com.facebook.pulse.SCHEDULED_WAKEUP type 2 when 583247565 com.facebook.katana} when 583247565
08-28 06:17:16.751  1880  2473 V AlarmManager: ELAPSED_WAKEUP set : Alarm{bd9b317 tag *walarm*:com.facebook.pulse.SCHEDULED_WAKEUP type 2 when 583247577 com.facebook.orca} when 583247577
08-28 06:17:16.845  1880  1880 D PowerManagerServiceAO: releaseWakeLockInternal: lock=48793820 [*alarm*], flags=0x0
08-28 06:18:26.223  1880  2473 V AlarmManager: ELAPSED_WAKEUP set : Alarm{43c69b3 tag *walarm*:CONTEXT_MANAGER_ALARM_WAKEUP_49886 type 2 when 583317059 com.google.android.gms} when 583317059
08-28 06:26:34.226  3102  3102 D UsbHostManagerService: intent receive : android.intent.action.BATTERY_CHANGED
08-28 06:31:29.168  1880  2473 D PowerManagerServiceAO: acquireWakeLockInternal: lock=48793820, flags=0x40000001, tag="*alarm*", ws=WorkSource{1000}, historyTag=*alarm*:android.intent.action.TIME_TICK, uid=1000, pid=1880
08-28 06:31:29.176  1880  2473 V AlarmManager: ELAPSED_WAKEUP set : Alarm{83325a3 tag *walarm*:X.07A.ACTION_INEXACT_ALARM.MqttLite.com.facebook.orca type 2 when 584100000 com.facebook.orca} when 584100000
08-28 06:31:29.180  1880  2473 V AlarmManager: ELAPSED_WAKEUP set : Alarm{250e0a0 tag *walarm*:X.07A.ACTION_BACKUP_ALARM.MqttLite.com.facebook.orca type 2 when 584100000 com.facebook.orca} when 584100000
08-28 06:31:29.182  1880  2473 V AlarmManager: ELAPSED_WAKEUP set : Alarm{ca09459 tag *walarm*:X.097.ACTION_BACKUP_ALARM.FBNS.com.facebook.katana type 2 when 584100000 com.facebook.katana} when 584100000
08-28 06:31:29.184  1880  2473 V AlarmManager: ELAPSED_WAKEUP set : Alarm{368781e tag *walarm*:X.097.ACTION_INEXACT_ALARM.FBNS.com.facebook.katana type 2 when 584100000 com.facebook.katana} when 584100000
08-28 06:31:29.186  1880  2473 V AlarmManager: ELAPSED_WAKEUP set : Alarm{d4878ff tag *walarm*:X.08r.ACTION_INEXACT_ALARM.FBNS.com.facebook.katana type 2 when 584100000 com.facebook.katana} when 584100000
08-28 06:31:29.291  1880  1880 D PowerManagerServiceAO: releaseWakeLockInternal: lock=48793820 [*alarm*], flags=0x0
08-28 06:35:45.243  1880  2473 D PowerManagerServiceAO: acquireWakeLockInternal: lock=48793820, flags=0x40000001, tag="*alarm*", ws=WorkSource{1000}, historyTag=*alarm*:android.intent.action.TIME_TICK, uid=1000, pid=1880
08-28 06:35:45.246  1880  2473 V AlarmManager: ELAPSED_WAKEUP set : Alarm{4607585 tag *walarm*:X.2Z3.ACTION_ALARM.com.facebook.katana type 2 when 584356085 com.facebook.katana} when 584356085
08-28 06:35:45.345  1880  1880 D PowerManagerServiceAO: releaseWakeLockInternal: lock=48793820 [*alarm*], flags=0x0
08-28 06:36:00.545  1880  2020 I ProcessStatsService: Prepared write state in 10ms
08-28 06:36:00.556  1880  2020 I ProcessStatsService: Prepared write state in 9ms
08-28 06:36:34.231  3102  3102 D UsbHostManagerService: intent receive : android.intent.action.BATTERY_CHANGED
08-28 06:40:45.578  1880  2473 D PowerManagerServiceAO: acquireWakeLockInternal: lock=48793820, flags=0x40000001, tag="*alarm*", ws=WorkSource{1000}, historyTag=*alarm*:android.intent.action.TIME_TICK, uid=1000, pid=1880
08-28 06:40:45.584  1880  2473 V AlarmManager: ELAPSED_WAKEUP set : Alarm{882c9f5 tag *walarm*:X.2Z3.ACTION_ALARM.com.facebook.katana type 2 when 584656421 com.facebook.katana} when 584656421
08-28 06:40:45.695  1880  1880 D PowerManagerServiceAO: releaseWakeLockInternal: lock=48793820 [*alarm*], flags=0x0
08-28 06:45:10.005  1880  2023 I BatteryStatsImpl: writeLocked() sync : false
08-28 06:45:29.756  1880  1880 I EntropyMixer: Writing entropy...
08-28 06:46:29.174  1880  2473 D PowerManagerServiceAO: acquireWakeLockInternal: lock=48793820, flags=0x40000001, tag="*alarm*", ws=WorkSource{1000}, historyTag=*alarm*:android.intent.action.TIME_TICK, uid=1000, pid=1880
08-28 06:46:29.186  1880  2473 V AlarmManager: RTC_WAKEUP set : Alarm{a9edeea tag *walarm*:com.google.android.gms/.checkin.EventLogServiceReceiver type 0 when 1503891989151 com.google.android.gms} when 1503891989151
08-28 06:46:29.188  1880  2473 V AlarmManager: ELAPSED_WAKEUP set : Alarm{8c65db tag *walarm*:X.097.ACTION_BACKUP_ALARM.FBNS.com.facebook.katana type 2 when 585000000 com.facebook.katana} when 585000000
08-28 06:46:29.190  1880  2473 V AlarmManager: ELAPSED_WAKEUP set : Alarm{5324878 tag *walarm*:X.07A.ACTION_INEXACT_ALARM.MqttLite.com.facebook.orca type 2 when 585000000 com.facebook.orca} when 585000000
08-28 06:46:29.196  1880  2473 V AlarmManager: ELAPSED_WAKEUP set : Alarm{103ffb6 tag *walarm*:X.097.ACTION_INEXACT_ALARM.FBNS.com.facebook.katana type 2 when 585000000 com.facebook.katana} when 585000000
08-28 06:46:29.201  1880  2473 V AlarmManager: ELAPSED_WAKEUP set : Alarm{36184b7 tag *walarm*:X.07A.ACTION_BACKUP_ALARM.MqttLite.com.facebook.orca type 2 when 585000000 com.facebook.orca} when 585000000
08-28 06:46:29.203  1880  2473 V AlarmManager: ELAPSED_WAKEUP set : Alarm{37f7424 tag *walarm*:X.08r.ACTION_INEXACT_ALARM.FBNS.com.facebook.katana type 2 when 585000000 com.facebook.katana} when 585000000
08-28 06:46:29.297  1880  1880 D PowerManagerServiceAO: releaseWakeLockInternal: lock=48793820 [*alarm*], flags=0x0
08-28 06:46:34.232  3102  3102 D UsbHostManagerService: intent receive : android.intent.action.BATTERY_CHANGED
08-28 06:47:29.306  1880  2473 V AlarmManager: RTC_WAKEUP set : Alarm{22709a7 tag *walarm*:com.google.android.googlequicksearchbox/com.google.android.apps.gsa.tasks.VelvetBackgroundTasksIntentService type 0 when 1503891259439 com.google.android.googlequicksearchbox} when 1503891259439
08-28 06:56:34.228  3102  3102 D UsbHostManagerService: intent receive : android.intent.action.BATTERY_CHANGED
08-28 07:00:00.005  1880  2473 D PowerManagerServiceAO: acquireWakeLockInternal: lock=48793820, flags=0x40000001, tag="*alarm*", ws=WorkSource{1000}, historyTag=*alarm*:android.intent.action.TIME_TICK, uid=1000, pid=1880
08-28 07:00:00.008  1880  2473 V AlarmManager: RTC_WAKEUP set : Alarm{217e52 tag *walarm*:ScheduleConditionProvider.EVALUATE type 0 when 1503892800000 android} when 1503892800000
08-28 07:00:00.198  1880  1880 D PowerManagerServiceAO: releaseWakeLockInternal: lock=48793820 [*alarm*], flags=0x0
08-28 07:00:00.248  1880  2694 V KeyValueBackupJob: Scheduling k/v pass in 244 minutes
08-28 07:01:29.168  1880  2473 D PowerManagerServiceAO: acquireWakeLockInternal: lock=48793820, flags=0x40000001, tag="*alarm*", ws=WorkSource{1000}, historyTag=*alarm*:android.intent.action.TIME_TICK, uid=1000, pid=1880
08-28 07:01:29.176  1880  2473 V AlarmManager: ELAPSED_WAKEUP set : Alarm{ae22002 tag *walarm*:X.07A.ACTION_BACKUP_ALARM.MqttLite.com.facebook.orca type 2 when 585900000 com.facebook.orca} when 585900000
08-28 07:01:29.180  1880  2473 V AlarmManager: ELAPSED_WAKEUP set : Alarm{b946d13 tag *walarm*:X.097.ACTION_BACKUP_ALARM.FBNS.com.facebook.katana type 2 when 585900000 com.facebook.katana} when 585900000
08-28 07:01:29.182  1880  2473 V AlarmManager: ELAPSED_WAKEUP set : Alarm{7206b50 tag *walarm*:X.097.ACTION_INEXACT_ALARM.FBNS.com.facebook.katana type 2 when 585900000 com.facebook.katana} when 585900000
08-28 07:01:29.189  1880  2473 V AlarmManager: ELAPSED_WAKEUP set : Alarm{9604149 tag *walarm*:X.08r.ACTION_INEXACT_ALARM.FBNS.com.facebook.katana type 2 when 585900000 com.facebook.katana} when 585900000
08-28 07:01:29.193  1880  2473 V AlarmManager: ELAPSED_WAKEUP set : Alarm{9563a4e tag *walarm*:X.07A.ACTION_INEXACT_ALARM.MqttLite.com.facebook.orca type 2 when 585900000 com.facebook.orca} when 585900000
08-28 07:01:29.284  1880  1880 D PowerManagerServiceAO: releaseWakeLockInternal: lock=48793820 [*alarm*], flags=0x0
08-28 07:06:34.227  3102  3102 D UsbHostManagerService: intent receive : android.intent.action.BATTERY_CHANGED
08-28 07:06:45.012  1880  2473 D PowerManagerServiceAO: acquireWakeLockInternal: lock=48793820, flags=0x40000001, tag="*alarm*", ws=WorkSource{1000}, historyTag=*alarm*:android.intent.action.TIME_TICK, uid=1000, pid=1880
08-28 07:06:45.015  1880  2473 V AlarmManager: ELAPSED_WAKEUP set : Alarm{ce5f0f3 tag *walarm*:android.content.syncmanager.SYNC_ALARM type 2 when 586215854 android} when 586215854
08-28 07:06:45.036  1880  2020 I ProcessStatsService: Prepared write state in 10ms
08-28 07:06:45.121  1880  1880 D PowerManagerServiceAO: releaseWakeLockInternal: lock=48793820 [*alarm*], flags=0x0
08-28 07:15:10.033  1880  2023 I BatteryStatsImpl: writeLocked() sync : false
08-28 07:16:29.176  1880  2473 D PowerManagerServiceAO: acquireWakeLockInternal: lock=48793820, flags=0x40000001, tag="*alarm*", ws=WorkSource{1000}, historyTag=*alarm*:android.intent.action.TIME_TICK, uid=1000, pid=1880
08-28 07:16:29.186  1880  2473 V AlarmManager: ELAPSED_WAKEUP set : Alarm{4236536 tag *walarm*:X.08r.ACTION_INEXACT_ALARM.FBNS.com.facebook.katana type 2 when 586800000 com.facebook.katana} when 586800000
08-28 07:16:29.187  1880  2473 V AlarmManager: ELAPSED_WAKEUP set : Alarm{9acbc37 tag *walarm*:X.097.ACTION_INEXACT_ALARM.FBNS.com.facebook.katana type 2 when 586800000 com.facebook.katana} when 586800000
08-28 07:16:29.192  1880  2473 V AlarmManager: ELAPSED_WAKEUP set : Alarm{dbc5f0d tag *walarm*:X.097.ACTION_BACKUP_ALARM.FBNS.com.facebook.katana type 2 when 586800000 com.facebook.katana} when 586800000
08-28 07:16:29.193  1880  2473 V AlarmManager: ELAPSED_WAKEUP set : Alarm{f389ec2 tag *walarm*:X.07A.ACTION_INEXACT_ALARM.MqttLite.com.facebook.orca type 2 when 586800000 com.facebook.orca} when 586800000
08-28 07:16:29.196  1880  2473 V AlarmManager: RTC_WAKEUP set : Alarm{786e4d3 tag *walarm*:com.google.android.gms/.checkin.EventLogServiceReceiver type 0 when 1503893789152 com.google.android.gms} when 1503893789152
08-28 07:16:29.199  1880  2473 V AlarmManager: ELAPSED_WAKEUP set : Alarm{c59e810 tag *walarm*:X.07A.ACTION_BACKUP_ALARM.MqttLite.com.facebook.orca type 2 when 586800000 com.facebook.orca} when 586800000
08-28 07:16:29.275  1880  1880 D PowerManagerServiceAO: releaseWakeLockInternal: lock=48793820 [*alarm*], flags=0x0
08-28 07:16:34.233  3102  3102 D UsbHostManagerService: intent receive : android.intent.action.BATTERY_CHANGED
08-28 07:17:36.073  1880  3158 D ConnectivityService: getActiveNetwork nai=NetworkAgentInfo{ ni{[type: WIFI[], state: CONNECTED/CONNECTED, reason: (unspecified), extra: "SkySoftTech 3", roaming: false, failover: false, isAvailable: true, network type: 1]}  network{195}  lp{{InterfaceName: wlan0 LinkAddresses: [fe80::d213:fdff:fe42:6261/64,192.168.1.91/20,]  Routes: [fe80::/64 -> :: wlan0,192.168.0.0/20 -> 0.0.0.0 wlan0,0.0.0.0/0 -> 192.168.1.1 wlan0,] DnsAddresses: [192.168.1.1,] Domains:  MTU: 0 TcpBufferSizes: 524288,2097152,4194304,262144,524288,1048576 PcscfAddresses: [] }}  nc{[ Transports: WIFI Capabilities: INTERNET&NOT_RESTRICTED&TRUSTED&NOT_VPN&VALIDATED LinkUpBandwidth>=1048576Kbps LinkDnBandwidth>=1048576Kbps]}  Score{60}  everValidated{true}  lastValidated{true}  created{true} lingering{false} explicitlySelected{false} acceptUnvalidated{false} everCaptivePortalDetected{false} lastCaptivePortalDetected{false} }
08-28 07:18:22.197  3102  3102 D UsbHostManagerService: intent receive : android.intent.action.BATTERY_CHANGED
08-28 07:18:26.335  1880  2473 V AlarmManager: ELAPSED_WAKEUP set : Alarm{2d11b2b tag *walarm*:CONTEXT_MANAGER_ALARM_WAKEUP_49886 type 2 when 586917171 com.google.android.gms} when 586917171
08-28 07:31:29.176  1880  2473 V AlarmManager: ELAPSED_WAKEUP set : Alarm{7ee60cd tag *walarm*:com.google.android.gms.gcm.HEARTBEAT_ALARM type 2 when 587700000 com.google.android.gms} when 587700000
08-28 07:31:29.179  1880  2473 V AlarmManager: ELAPSED_WAKEUP set : Alarm{d8bdd82 tag *walarm*:X.07A.ACTION_INEXACT_ALARM.MqttLite.com.facebook.orca type 2 when 587700000 com.facebook.orca} when 587700000
08-28 07:31:29.181  1880  2473 V AlarmManager: ELAPSED_WAKEUP set : Alarm{6971c93 tag *walarm*:X.097.ACTION_BACKUP_ALARM.FBNS.com.facebook.katana type 2 when 587700000 com.facebook.katana} when 587700000
08-28 07:31:29.183  1880  2473 V AlarmManager: ELAPSED_WAKEUP set : Alarm{5be24d0 tag *walarm*:X.08r.ACTION_INEXACT_ALARM.FBNS.com.facebook.katana type 2 when 587700000 com.facebook.katana} when 587700000
08-28 07:31:29.185  1880  2473 V AlarmManager: ELAPSED_WAKEUP set : Alarm{a0d3cc9 tag *walarm*:X.097.ACTION_INEXACT_ALARM.FBNS.com.facebook.katana type 2 when 587700000 com.facebook.katana} when 587700000
08-28 07:31:29.187  1880  2473 V AlarmManager: ELAPSED_WAKEUP set : Alarm{c9e4fce tag *walarm*:X.07A.ACTION_BACKUP_ALARM.MqttLite.com.facebook.orca type 2 when 587700000 com.facebook.orca} when 587700000
08-28 07:36:34.226  3102  3102 D UsbHostManagerService: intent receive : android.intent.action.BATTERY_CHANGED
08-28 07:41:09.774  1880  2020 I ProcessStatsService: Prepared write state in 9ms
08-28 07:41:09.781  1880  2020 I ProcessStatsService: Prepared write state in 6ms
08-28 07:45:10.021  1880  2023 I BatteryStatsImpl: writeLocked() sync : false
08-28 07:46:29.175  1880  2473 D PowerManagerServiceAO: acquireWakeLockInternal: lock=48793820, flags=0x40000001, tag="*alarm*", ws=WorkSource{1000}, historyTag=*alarm*:android.intent.action.TIME_TICK, uid=1000, pid=1880
08-28 07:46:29.188  1880  2473 V AlarmManager: ELAPSED_WAKEUP set : Alarm{7ab86c4 tag *walarm*:X.097.ACTION_INEXACT_ALARM.FBNS.com.facebook.katana type 2 when 588600000 com.facebook.katana} when 588600000
08-28 07:46:29.189  1880  2473 V AlarmManager: RTC_WAKEUP set : Alarm{6b049ad tag *walarm*:com.google.android.gms/.checkin.EventLogServiceReceiver type 0 when 1503895589152 com.google.android.gms} when 1503895589152
08-28 07:46:29.194  1880  2473 V AlarmManager: ELAPSED_WAKEUP set : Alarm{7f66073 tag *walarm*:X.08r.ACTION_INEXACT_ALARM.FBNS.com.facebook.katana type 2 when 588600000 com.facebook.katana} when 588600000
08-28 07:46:29.200  1880  2473 V AlarmManager: ELAPSED_WAKEUP set : Alarm{13c4b30 tag *walarm*:X.097.ACTION_BACKUP_ALARM.FBNS.com.facebook.katana type 2 when 588600000 com.facebook.katana} when 588600000
08-28 07:46:29.204  1880  2473 V AlarmManager: ELAPSED_WAKEUP set : Alarm{44c90cf tag *walarm*:X.07A.ACTION_BACKUP_ALARM.MqttLite.com.facebook.orca type 2 when 588600000 com.facebook.orca} when 588600000
08-28 07:46:29.208  1880  2473 V AlarmManager: ELAPSED_WAKEUP set : Alarm{918e3a tag *walarm*:X.07A.ACTION_INEXACT_ALARM.MqttLite.com.facebook.orca type 2 when 588600000 com.facebook.orca} when 588600000
08-28 07:46:29.305  1880  1880 D PowerManagerServiceAO: releaseWakeLockInternal: lock=48793820 [*alarm*], flags=0x0
08-28 07:51:37.723  1880  2473 V AlarmManager: ELAPSED_WAKEUP set : Alarm{253a28c tag *walarm*:X.0uU.ACTION_ALARM.com.facebook.orca type 2 when 588908561 com.facebook.orca} when 588908561
08-28 08:01:29.170  1880  2473 D PowerManagerServiceAO: acquireWakeLockInternal: lock=48793820, flags=0x40000001, tag="*alarm*", ws=WorkSource{1000}, historyTag=*alarm*:android.intent.action.TIME_TICK, uid=1000, pid=1880
08-28 08:01:29.177  1880  2473 V AlarmManager: ELAPSED_WAKEUP set : Alarm{815a33e tag *walarm*:X.07A.ACTION_BACKUP_ALARM.MqttLite.com.facebook.orca type 2 when 589500000 com.facebook.orca} when 589500000
08-28 08:01:29.180  1880  2473 V AlarmManager: ELAPSED_WAKEUP set : Alarm{8e7959f tag *walarm*:X.08r.ACTION_INEXACT_ALARM.FBNS.com.facebook.katana type 2 when 589500000 com.facebook.katana} when 589500000
08-28 08:01:29.182  1880  2473 V AlarmManager: ELAPSED_WAKEUP set : Alarm{22b56ec tag *walarm*:X.097.ACTION_INEXACT_ALARM.FBNS.com.facebook.katana type 2 when 589500000 com.facebook.katana} when 589500000
08-28 08:01:29.184  1880  2473 V AlarmManager: ELAPSED_WAKEUP set : Alarm{7781ab5 tag *walarm*:X.097.ACTION_BACKUP_ALARM.FBNS.com.facebook.katana type 2 when 589500000 com.facebook.katana} when 589500000
08-28 08:01:29.185  1880  2473 V AlarmManager: ELAPSED_WAKEUP set : Alarm{344b54a tag *walarm*:X.07A.ACTION_INEXACT_ALARM.MqttLite.com.facebook.orca type 2 when 589500000 com.facebook.orca} when 589500000
08-28 08:01:29.284  1880  1880 D PowerManagerServiceAO: releaseWakeLockInternal: lock=48793820 [*alarm*], flags=0x0
08-28 08:06:34.231  3102  3102 D UsbHostManagerService: intent receive : android.intent.action.BATTERY_CHANGED
08-28 08:06:45.006  1880  2473 D PowerManagerServiceAO: acquireWakeLockInternal: lock=48793820, flags=0x40000001, tag="*alarm*", ws=WorkSource{1000}, historyTag=*alarm*:android.intent.action.TIME_TICK, uid=1000, pid=1880
08-28 08:06:45.009  1880  2473 V AlarmManager: ELAPSED_WAKEUP set : Alarm{b429423 tag *walarm*:android.content.syncmanager.SYNC_ALARM type 2 when 589815849 android} when 589815849
08-28 08:06:45.120  1880  1880 D PowerManagerServiceAO: releaseWakeLockInternal: lock=48793820 [*alarm*], flags=0x0
08-28 08:14:16.772  1880  2020 I ProcessStatsService: Prepared write state in 10ms
08-28 08:14:16.784  1880  2020 I ProcessStatsService: Prepared write state in 6ms
08-28 08:14:18.271  1880  1880 V NotificationService: pkg=com.facebook.katana canInterrupt=false intercept=true
08-28 08:14:18.272  1880  1880 I NotificationServiceEx: LED remove() : mLights=0|com.facebook.katana|0|c3Rvcnk6MTAwMDA4MDQ0NDU1NTcxOjE1MDM4OTcyNTI1MjMxMDA6NDUxNzYxNzExNTI2Njg3|10093
08-28 08:14:18.273  1880  1880 D NotificationServiceEx: updateLightListLocked :r=0|com.facebook.katana|0|c3Rvcnk6MTAwMDA4MDQ0NDU1NTcxOjE1MDM4OTcyNTI1MjMxMDA6NDUxNzYxNzExNTI2Njg3|10093, action=2
08-28 08:14:18.273  1880  1880 D NotificationServiceEx: notification=Notification(pri=2 contentView=null vibrate=[0,250,200,250] sound=android.resource://com.facebook.katana/raw/new_facebook_ringtone_7 tick defaults=0x0 flags=0x11 color=0xff4267b2 actions=2 vis=PRIVATE)
08-28 08:14:18.274  3102  3123 I LEDService: updateLightListInternal() : action=2 pkg=com.facebook.katana
08-28 08:14:18.275  1880  1880 I NotificationServiceEx: LED add() : mLights=0|com.facebook.katana|0|c3Rvcnk6MTAwMDA4MDQ0NDU1NTcxOjE1MDM4OTcyNTI1MjMxMDA6NDUxNzYxNzExNTI2Njg3|10093
08-28 08:14:18.276  1880  1880 D NotificationServiceEx: updateLightListLocked :r=0|com.facebook.katana|0|c3Rvcnk6MTAwMDA4MDQ0NDU1NTcxOjE1MDM4OTcyNTI1MjMxMDA6NDUxNzYxNzExNTI2Njg3|10093, action=3
08-28 08:14:18.276  1880  1880 D NotificationServiceEx: notification=Notification(pri=2 contentView=null vibrate=[0,250,200,250] sound=android.resource://com.facebook.katana/raw/new_facebook_ringtone_7 tick defaults=0x0 flags=0x11 color=0xff4267b2 actions=2 vis=PRIVATE)
08-28 08:14:18.277  3102  3117 I LEDService: updateLightListInternal() : action=3 pkg=com.facebook.katana
08-28 08:14:18.551  1880  3158 W PowerManagerServiceAO: start wakeUpForExtendedDisplay
08-28 08:14:18.551  1880  3158 V LGExtPowerManagerService: updateExtDisplayState : true
08-28 08:14:18.552  1880  3158 D PocketDetection: isDeviceInThePocket: wakeUpReason = wake_up_partial, pocketMonitoring = true, screenOffTimeout = 10000, realScreenOffTimeout = 10000, mProximitySensorEnabled = true, mPocketLightSensorEnabled = false, mPocketProximityPositive = false, mCurrentLuxforPocket = 4.0, mSensorCovered = false, mDeviceWakeUpDueToStateChanged = false, mLPWGSensorState = true, mIsScreenWakelockAcquired = false
08-28 08:14:18.552  1880  3158 I PocketDetection: unregisterListener proximity sensor
08-28 08:14:18.553  1880  3158 I SensorManager: removeAllSensors() [Sensor: LGE Knock-on Proximity Sensor] by com.android.server.power.PocketDetection.setProximitySensorEnabled():411
08-28 08:14:18.555  1880  3158 D LGExtPowerManagerService: ignore writing status
08-28 08:14:18.560  1880  3158 D LGExtPowerManagerService: Send DisplayStateChanged callback to EventGroup0, MainLCD : false, aodLCD : true
08-28 08:14:18.561  1880  3158 D LGExtPowerManagerService: Send DisplayStateChanged callback to SignBoardService_0, MainLCD : false, aodLCD : true
08-28 08:14:18.561  1880  3158 D LGExtPowerManagerService: Send DisplayStateChanged callback to DeviceIdleControllerAO, MainLCD : false, aodLCD : true
08-28 08:14:18.565  1880  3158 D LGExtPowerManagerService: Send DisplayStateChanged callback to (0)com.lge.signboard.aod.ClockLayout{d2eec10 I.E...... ......I. 0,0-0,0 #7f0b000d app:id/digital_clock}, MainLCD : false, aodLCD : true
08-28 08:14:18.566  1880  3158 D LGExtPowerManagerService: Send DisplayStateChanged callback to WindowManagerService, MainLCD : false, aodLCD : true
08-28 08:14:18.567  1880  3158 I WindowManager: [onDisplayStateChangedCallback] mainLcd= false  extLcd= true
08-28 08:14:18.567  1880  3158 I WindowManager: reevaluateMainAodVisibility : sendMessage
08-28 08:14:18.568  1880  2047 I WindowManager: reevaluateMainAodVisibility: true  mOnMainLcd= false  mOnExtLcd= true
08-28 08:14:18.568  1880  3158 I PowerManagerServiceAO: Partial waking up from sleep (uid 1000)...
08-28 08:14:18.568  1880  3158 W PowerManagerServiceAO: keep_aod # true
08-28 08:14:18.568  1880  2047 I WindowManager: [updateMainAodServiceVisibilityLocked] minMainAodWin = Window{95d73e7 u0 Main_Aod_System_com.lge.signboard (0)} vis = true before visibility = true mIsPowerOn = false
08-28 08:14:18.568  1880  2047 I WindowManager: [updateMainAodServiceVisibilityLocked] minMainAodWin = Window{db88151 u0 Main_Aod_Base_com.lge.signboard (0)} vis = true before visibility = true mIsPowerOn = false
08-28 08:14:18.571  1880  3158 W PowerManagerServiceAO: write keep_aod = true
08-28 08:14:18.572  1880  3158 D LPWGController: [updateScreenState] screen on = false, oldscreen on = false
08-28 08:14:18.572  1880  3158 I PowerManagerServiceAO: partialWakeUpInternal : wakeUpNoUpdateLocked true
08-28 08:14:18.573  1880  2052 W DisplayPowerControllerEx: updatePowerState() : mPowerRequest.policy = 0, mRequestPolicy = 5, mPowerState.getColorFadeLevel() = 0.0, mPowerState.getScreenState() = 1, mPowerState.getScreenBrightness() = 0, mTriggered = false
08-28 08:14:18.573  1880  2052 I WindowManager: displayMainAod : sendMessage
08-28 08:14:18.574  1880  2052 D DisplayPowerController: setScreenState : wasOn = false
08-28 08:14:18.574  1880  2052 D DisplayPowerController: setScreenState : isOff = false
08-28 08:14:18.574  1880  2052 D DisplayPowerController: setScreenState : mPowerState.getColorFadeLevel() = 0.0
08-28 08:14:18.574  1880  2052 I DisplayPowerController: Blocking screen on until initial contents have been drawn.
08-28 08:14:18.575  1880  2047 I WindowManager: displayMainAod : bShow=true mOnMainLcd= false  mOnExtLcd= true
08-28 08:14:18.575  1880  2047 I WindowManager: displayMainAod : Black Surface show.
08-28 08:14:18.575  1880  2655 D PowerManagerServiceAO: acquireWakeLockInternal: lock=240758656, flags=0x200, tag="NotificationHistoryWakeLock@31af3d4", ws=null, historyTag=null, uid=1000, pid=2760
08-28 08:14:18.575  1880  2052 D DisplayPowerController: setScreenState : mWindowManagerPolicy.screenTurningOn
08-28 08:14:18.575  1880  2052 I DisplayPowerController: setInteractive !isOff : true
08-28 08:14:18.575  1880  2052 W DisplayPowerControllerEx: setScreenState : mInputManagerInternal.setInteractive(false)
08-28 08:14:18.575  1880  2052 W DisplayPowerControllerEx: setScreenState : mInputManagerInternal.setSubInteractive(true)
08-28 08:14:18.575  1880  2052 D DisplayPowerControllerEx: [aod/alc] calculateAodBrightImpl lux = 0.0, level = 0, bright = 9
08-28 08:14:18.577  1880  2052 W ContextImpl: Calling a method in the system process without a qualified user: android.app.ContextImpl.sendBroadcast:763 com.android.server.display.DisplayPowerControllerEx.calculateAodBright:1166 com.android.server.display.DisplayPowerControllerEx.aodBacklightControl:1037 com.android.server.display.DisplayPowerControllerEx$MethodOverride.ajc$inlineAccessMethod$com_android_server_display_DisplayPowerControllerEx$MethodOverride$com_android_server_display_DisplayPowerControllerEx$aodBacklightControl:1 com.android.server.display.DisplayPowerControllerEx$MethodOverride.ajc$around$com_android_server_display_DisplayPowerControllerEx$MethodOverride$7$687d0ca3:1498 
08-28 08:14:18.577  1880  2052 I DisplayPowerControllerEx: [aod/alc] result aod brightness = 9
08-28 08:14:18.578  1880  2052 D DisplayPowerControllerEx: [aod/alc] aodBacklighControl, target = 9, mOldLux = 0.0, mCoverOpened = true
08-28 08:14:18.581  1880  2052 I DisplayPowerControllerEx: Target value same as current brightness
08-28 08:14:18.582  1880  2713 D DisplayPowerState: Updating screen state: state=ON, backlight=0
08-28 08:14:18.584  1880  2047 I DisplayManagerService: Display device changed state: "Built-in Screen", ON
08-28 08:14:18.670  1880  2052 I DisplayPowerController: Unblocked screen on after 97 ms
08-28 08:14:18.671  1880  2052 W DisplayPowerControllerEx: updatePowerState() : mPowerRequest.policy = 5, mRequestPolicy = 5, mPowerState.getColorFadeLevel() = 0.0, mPowerState.getScreenState() = 2, mPowerState.getScreenBrightness() = 255, mTriggered = false
08-28 08:14:18.671  1880  2052 I WindowManager: displayMainAod : sendMessage
08-28 08:14:18.671  1880  2052 D DisplayPowerController: setScreenState : isOff = false
08-28 08:14:18.671  1880  2052 W DisplayPowerControllerEx: setScreenState : mInputManagerInternal.setInteractive(false)
08-28 08:14:18.671  1880  2047 I WindowManager: displayMainAod : bShow=true mOnMainLcd= false  mOnExtLcd= true
08-28 08:14:18.671  1880  2047 I WindowManager: displayMainAod : Black Surface show.
08-28 08:14:19.581  1880  3240 D PowerManagerServiceAO: releaseWakeLockInternal: lock=240758656 [NotificationHistoryWakeLock@31af3d4], flags=0x0
08-28 08:14:19.582  1880  3240 I PowerManagerServiceAO: There was partial awake event during sleep state. ignore request for napping..
08-28 08:14:19.582  1880  3240 I PowerManagerService: Going to sleep from partial awake (uid 1000)...
08-28 08:14:19.582  1880  3240 I PowerManagerService: Going to sleep due to screen timeout (uid 1000)...
08-28 08:14:19.587  1880  3240 I PowerManagerServiceAO: Skip send dozing state to notifier
08-28 08:14:19.587  1880  3240 D LPWGController: [updateScreenState] screen on = false, oldscreen on = false
08-28 08:14:19.588  1880  2052 W ContextImpl: Calling a method in the system process without a qualified user: android.app.ContextImpl.sendBroadcast:763 com.android.server.power.PowerManagerServiceAO$PowerManagerServiceAO$4.run:2732 android.os.Handler.handleCallback:739 android.os.Handler.dispatchMessage:95 android.os.Looper.loop:148 
08-28 08:14:19.589  1880  3240 D PowerManagerServiceAO: setQuickCharging Mode lge_charger : 2
08-28 08:14:19.591  1880  3240 D PowerManagerServiceAO: updateUserActivitySummaryLocked: mBaseService.mWakefulness=Dozing, mUserActivitySummary=0x1, nextTimeout=70159817 (399591135 ms ago)
08-28 08:14:19.592  1880  3240 E PowerManagerService: POLICY_BRIGHT_PARTIALLY
08-28 08:14:19.592  1880  3240 E PowerManagerService: POLICY_BRIGHT_PARTIALLY
08-28 08:14:19.597  1880  2052 D LGExtPowerManagerService: Send DisplayStateChanged callback to EventGroup0, MainLCD : false, aodLCD : false
08-28 08:14:19.598  1880  2052 D LGExtPowerManagerService: Send DisplayStateChanged callback to SignBoardService_0, MainLCD : false, aodLCD : false
08-28 08:14:19.598  1880  2052 D LGExtPowerManagerService: Send DisplayStateChanged callback to DeviceIdleControllerAO, MainLCD : false, aodLCD : false
08-28 08:14:19.599  1880  2052 D LGExtPowerManagerService: Send DisplayStateChanged callback to (0)com.lge.signboard.aod.ClockLayout{d2eec10 I.E...... ......I. 0,0-0,0 #7f0b000d app:id/digital_clock}, MainLCD : false, aodLCD : false
08-28 08:14:19.600  1880  2052 D LGExtPowerManagerService: Send DisplayStateChanged callback to WindowManagerService, MainLCD : false, aodLCD : false
08-28 08:14:19.600  1880  2052 I WindowManager: [onDisplayStateChangedCallback] mainLcd= false  extLcd= false
08-28 08:14:19.600  1880  2052 I WindowManager: reevaluateMainAodVisibility : sendMessage
08-28 08:14:19.600  1880  2052 V LGExtPowerManagerService: updateExtDisplayState : false
08-28 08:14:19.600  1880  2047 I WindowManager: reevaluateMainAodVisibility: true  mOnMainLcd= false  mOnExtLcd= false
08-28 08:14:19.601  1880  2047 I WindowManager: [updateMainAodServiceVisibilityLocked] minMainAodWin = Window{95d73e7 u0 Main_Aod_System_com.lge.signboard (0)} vis = true before visibility = true mIsPowerOn = false
08-28 08:14:19.601  1880  2047 I WindowManager: [updateMainAodServiceVisibilityLocked] minMainAodWin = Window{db88151 u0 Main_Aod_Base_com.lge.signboard (0)} vis = true before visibility = true mIsPowerOn = false
08-28 08:14:19.608  1880  2052 I PowerManagerService: Sleeping (uid 1000)...
08-28 08:14:19.608  1880  2052 I PocketDetection: registerListener proximity sensor
08-28 08:14:19.609  1880  2052 I SensorManager: registerListenerImpl() [Sensor: LGE Knock-on Proximity Sensor, Rate: 200000, SensorEventListener: com.android.server.power.PocketDetection$1@10f4b53] by com.android.server.power.PocketDetection.setProximitySensorEnabled():404
08-28 08:14:19.620  1880  2052 I PocketDetection: registerListener light sensor for pocket detection
08-28 08:14:19.621  1880  2052 I SensorManager: registerListenerImpl() [Sensor: LGE Light, Rate: 1000000, SensorEventListener: com.android.server.power.PocketDetection$2@1a88c90] by com.android.server.power.PocketDetection.setPocketLightSensorEnabled():421
08-28 08:14:19.627  1880  2052 D PowerManagerServiceAO: updateUserActivitySummaryLocked: mBaseService.mWakefulness=Asleep, mUserActivitySummary=0x0, nextTimeout=70159817 (399591170 ms ago)
08-28 08:14:19.627  1880  2052 W DisplayPowerControllerEx: updatePowerState() : mPowerRequest.policy = 5, mRequestPolicy = 0, mPowerState.getColorFadeLevel() = 0.0, mPowerState.getScreenState() = 2, mPowerState.getScreenBrightness() = 255, mTriggered = false
08-28 08:14:19.627  1880  2052 I WindowManager: displayMainAod : sendMessage
08-28 08:14:19.628  1880  2047 I WindowManager: displayMainAod : bShow=true mOnMainLcd= false  mOnExtLcd= false
08-28 08:14:19.628  1880  2047 I WindowManager: displayMainAod : Black Surface show.
08-28 08:14:19.630  1880  2052 I PocketDetection: lux = 9.0
08-28 08:14:19.630  1880  2052 D PocketDetection: [updateLuxToDisplay] lux value = 9.0
08-28 08:14:19.630  1880  2052 I PocketDetection: unregisterListener light sensor for pocket detection
08-28 08:14:19.631  1880  2052 I SensorManager: removeAllSensors() [Sensor: LGE Light] by com.android.server.power.PocketDetection.setPocketLightSensorEnabled():439
08-28 08:14:19.828  1880  2052 W DisplayPowerControllerEx: updatePowerState() : mPowerRequest.policy = 5, mRequestPolicy = 0, mPowerState.getColorFadeLevel() = 0.0, mPowerState.getScreenState() = 2, mPowerState.getScreenBrightness() = 255, mTriggered = true
08-28 08:14:19.828  1880  2052 I WindowManager: displayMainAod : sendMessage
08-28 08:14:19.829  1880  2052 D DisplayPowerController: setScreenState : wasOn = true
08-28 08:14:19.829  1880  2052 D DisplayPowerController: setScreenState : isOff = true
08-28 08:14:19.829  1880  2052 W DisplayPowerController: unblockScreenOn : mPendingScreenOnUnblocker null
08-28 08:14:19.829  1880  2047 I WindowManager: displayMainAod : bShow=true mOnMainLcd= false  mOnExtLcd= false
08-28 08:14:19.829  1880  2047 I WindowManager: displayMainAod : Black Surface show.
08-28 08:14:19.830  1880  2052 I DisplayPowerController: setInteractive !isOff : false
08-28 08:14:19.830  1880  2052 D DisplayPowerControllerEx: [aod/alc] calculateAodBrightImpl lux = 9.0, level = 1, bright = 36
08-28 08:14:19.830  1880  2052 W ContextImpl: Calling a method in the system process without a qualified user: android.app.ContextImpl.sendBroadcast:763 com.android.server.display.DisplayPowerControllerEx.calculateAodBright:1166 com.android.server.display.DisplayPowerControllerEx.runAodAlc:1080 com.android.server.display.DisplayPowerControllerEx$MethodOverride.ajc$inlineAccessMethod$com_android_server_display_DisplayPowerControllerEx$MethodOverride$com_android_server_display_DisplayPowerControllerEx$runAodAlc:1 com.android.server.display.DisplayPowerControllerEx$MethodOverride.ajc$around$com_android_server_display_DisplayPowerControllerEx$MethodOverride$7$687d0ca3:1510 
08-28 08:14:19.831  1880  2052 I DisplayPowerControllerEx: [aod/alc] result aod brightness = 36
08-28 08:14:19.832  1880  2052 D DisplayPowerControllerEx: backlightAnimate() : else: mDeltaValue = 0
08-28 08:14:19.833  1880  2713 D DisplayPowerState: Updating screen state: state=OFF, backlight=0
08-28 08:14:19.834  1880  2047 I DisplayManagerService: Display device changed state: "Built-in Screen", OFF
08-28 08:14:19.855  1880  2052 D PocketDetection: mProximitySensorListener : mPocketProximityPositive = false, mSensorCovered = false
08-28 08:14:19.930  1880  2713 D DisplayPowerControllerEx: [aod/alc] calculateAodBrightImpl lux = 9.0, level = 1, bright = 36
08-28 08:14:19.932  1880  2713 W ContextImpl: Calling a method in the system process without a qualified user: android.app.ContextImpl.sendBroadcast:763 com.android.server.display.DisplayPowerControllerEx.calculateAodBright:1166 com.android.server.display.DisplayPowerControllerEx.aodBacklightControl:1037 com.android.server.display.DisplayManagerServiceEx.backlightAnimationForAOD:82 com.android.server.display.DisplayManagerServiceEx$MethodOverride.ajc$inlineAccessMethod$com_android_server_display_DisplayManagerServiceEx$MethodOverride$com_android_server_display_DisplayManagerServiceEx$backlightAnimationForAOD:1 
08-28 08:14:19.932  1880  2713 I DisplayPowerControllerEx: [aod/alc] result aod brightness = 36
08-28 08:14:19.932  1880  2713 D DisplayPowerControllerEx: [aod/alc] aodBacklighControl, target = 36, mOldLux = 9.0, mCoverOpened = true
08-28 08:14:19.934  1880  2713 I DisplayPowerControllerEx: Target value same as current brightness
08-28 08:14:19.935  1880  2052 W DisplayPowerControllerEx: updatePowerState() : mPowerRequest.policy = 0, mRequestPolicy = 0, mPowerState.getColorFadeLevel() = 0.0, mPowerState.getScreenState() = 1, mPowerState.getScreenBrightness() = 0, mTriggered = false
08-28 08:14:19.935  1880  2052 I WindowManager: displayMainAod : sendMessage
08-28 08:14:19.936  1880  2052 D DisplayPowerController: setScreenState : isOff = true
08-28 08:14:19.936  1880  2047 I WindowManager: displayMainAod : bShow=true mOnMainLcd= false  mOnExtLcd= false
08-28 08:14:19.936  1880  2047 I WindowManager: displayMainAod : Black Surface show.
08-28 08:15:10.034  1880  2023 I BatteryStatsImpl: writeLocked() sync : false
08-28 08:16:29.175  1880  2473 D PowerManagerServiceAO: acquireWakeLockInternal: lock=48793820, flags=0x40000001, tag="*alarm*", ws=WorkSource{1000}, historyTag=*alarm*:android.intent.action.TIME_TICK, uid=1000, pid=1880
08-28 08:16:29.190  1880  2473 V AlarmManager: ELAPSED_WAKEUP set : Alarm{773aa8b tag *walarm*:X.08r.ACTION_INEXACT_ALARM.FBNS.com.facebook.katana type 2 when 590400000 com.facebook.katana} when 590400000
08-28 08:16:29.193  1880  2473 V AlarmManager: ELAPSED_WAKEUP set : Alarm{cb82768 tag *walarm*:X.07A.ACTION_BACKUP_ALARM.MqttLite.com.facebook.orca type 2 when 590400000 com.facebook.orca} when 590400000
08-28 08:16:29.195  1880  2473 V AlarmManager: ELAPSED_WAKEUP set : Alarm{ff06467 tag *walarm*:X.07A.ACTION_INEXACT_ALARM.MqttLite.com.facebook.orca type 2 when 590400000 com.facebook.orca} when 590400000
08-28 08:16:29.202  1880  2473 V AlarmManager: ELAPSED_WAKEUP set : Alarm{c01c8b2 tag *walarm*:X.097.ACTION_INEXACT_ALARM.FBNS.com.facebook.katana type 2 when 590400000 com.facebook.katana} when 590400000
08-28 08:16:29.203  1880  2473 V AlarmManager: RTC_WAKEUP set : Alarm{394e003 tag *walarm*:com.google.android.gms/.checkin.EventLogServiceReceiver type 0 when 1503897389152 com.google.android.gms} when 1503897389152
08-28 08:16:29.285  1880  1880 D PowerManagerServiceAO: releaseWakeLockInternal: lock=48793820 [*alarm*], flags=0x0
08-28 08:16:34.231  3102  3102 D UsbHostManagerService: intent receive : android.intent.action.BATTERY_CHANGED
08-28 08:17:32.668  1880  2473 V AlarmManager: ELAPSED_WAKEUP set : Alarm{6747bdc tag *walarm*:CONTEXT_MANAGER_ALARM_WAKEUP_49886 type 2 when 590463500 com.google.android.gms} when 590463500
08-28 08:18:26.464  1880  2473 D PowerManagerServiceAO: acquireWakeLockInternal: lock=48793820, flags=0x40000001, tag="*alarm*", ws=WorkSource{1000}, historyTag=*alarm*:android.intent.action.TIME_TICK, uid=1000, pid=1880
08-28 08:18:26.468  1880  2473 V AlarmManager: ELAPSED_WAKEUP set : Alarm{b24e4f8 tag *walarm*:CONTEXT_MANAGER_ALARM_WAKEUP_49886 type 2 when 590517306 com.google.android.gms} when 590517306
08-28 08:18:26.579  1880  1880 D PowerManagerServiceAO: releaseWakeLockInternal: lock=48793820 [*alarm*], flags=0x0
08-28 08:19:53.995  1880  3261 I ActivityManager: Start proc 28242:com.google.android.gms:snet/u0a10 for service com.google.android.gms/.chimera.SnetIntentOperationService
08-28 08:19:55.547  1880  3158 D CryptdConnector: SND -> {234 cryptfs cryptocomplete}
08-28 08:19:55.556  1880  2513 D CryptdConnector: RCV <- {200 234 0}
08-28 08:19:55.557  1880  3158 D CryptdConnector: SND -> {235 cryptfs getpwtype}
08-28 08:19:55.559  1880  2513 D CryptdConnector: RCV <- {213 235 default}
08-28 08:20:05.752  1880  1991 I ActivityManager: Killing 25095:com.google.android.music:main/u0a117 (adj 15): empty for 18323s
08-28 08:20:05.797  1880  3258 D ActivityManager: cleanUpApplicationRecord -- 25095
08-28 08:26:34.232  3102  3102 D UsbHostManagerService: intent receive : android.intent.action.BATTERY_CHANGED
08-28 08:29:01.528  1880  2052 W DisplayPowerControllerEx: [aod/alc] lux = 11.0
08-28 08:29:01.528  1880  2052 D DisplayPowerControllerEx: [aod/alc] calculateAodBrightImpl lux = 11.0, level = 2, bright = 75
08-28 08:29:01.530  1880  2052 W ContextImpl: Calling a method in the system process without a qualified user: android.app.ContextImpl.sendBroadcast:763 com.android.server.display.DisplayPowerControllerEx.calculateAodBright:1166 com.android.server.display.DisplayPowerControllerEx.runAodAlc:1080 com.android.server.display.DisplayPowerControllerEx$3.onSensorChanged:1068 android.hardware.SystemSensorManager$SensorEventQueue.dispatchSensorEvent:505 
08-28 08:29:01.531  1880  2052 I DisplayPowerControllerEx: [aod/alc] result aod brightness = 75
08-28 08:29:01.533  1880  2052 D DisplayPowerControllerEx: backlightAnimate() : else: mDeltaValue = 0
08-28 08:31:29.170  1880  2473 D PowerManagerServiceAO: acquireWakeLockInternal: lock=48793820, flags=0x40000001, tag="*alarm*", ws=WorkSource{1000}, historyTag=*alarm*:android.intent.action.TIME_TICK, uid=1000, pid=1880
08-28 08:31:29.176  1880  2473 V AlarmManager: ELAPSED_WAKEUP set : Alarm{62b82ca tag *walarm*:X.097.ACTION_BACKUP_ALARM.FBNS.com.facebook.katana type 2 when 591300000 com.facebook.katana} when 591300000
08-28 08:31:29.182  1880  2473 V AlarmManager: ELAPSED_WAKEUP set : Alarm{49c6c3b tag *walarm*:X.07A.ACTION_INEXACT_ALARM.MqttLite.com.facebook.orca type 2 when 591300000 com.facebook.orca} when 591300000
08-28 08:31:29.189  1880  2473 V AlarmManager: ELAPSED_WAKEUP set : Alarm{363f58 tag *walarm*:X.08r.ACTION_INEXACT_ALARM.FBNS.com.facebook.katana type 2 when 591300000 com.facebook.katana} when 591300000
08-28 08:31:29.191  1880  2473 V AlarmManager: ELAPSED_WAKEUP set : Alarm{475f8b1 tag *walarm*:X.07A.ACTION_BACKUP_ALARM.MqttLite.com.facebook.orca type 2 when 591300000 com.facebook.orca} when 591300000
08-28 08:31:29.192  1880  2473 V AlarmManager: ELAPSED_WAKEUP set : Alarm{1e70196 tag *walarm*:X.097.ACTION_INEXACT_ALARM.FBNS.com.facebook.katana type 2 when 591300000 com.facebook.katana} when 591300000
08-28 08:31:29.294  1880  1880 D PowerManagerServiceAO: releaseWakeLockInternal: lock=48793820 [*alarm*], flags=0x0
08-28 08:32:29.318  1880  2473 D PowerManagerServiceAO: acquireWakeLockInternal: lock=48793820, flags=0x40000001, tag="*alarm*", ws=WorkSource{1000}, historyTag=*alarm*:android.intent.action.TIME_TICK, uid=1000, pid=1880
08-28 08:32:29.335  1880  2473 V AlarmManager: RTC_WAKEUP set : Alarm{180fc46 tag *walarm*:com.android.vending/com.google.android.finsky.hygiene.DailyHygiene$DailyHygieneService type 0 when 1503898128546 com.android.vending} when 1503898128546
08-28 08:32:29.468  1880  1880 D PowerManagerServiceAO: releaseWakeLockInternal: lock=48793820 [*alarm*], flags=0x0
08-28 08:32:32.178  1880  1880 V NotificationService: pkg=com.android.vending canInterrupt=false intercept=true
08-28 08:32:32.179  1880  1880 I NotificationServiceEx: LED remove() : mLights=0|com.android.vending|-234430262|null|10080
08-28 08:32:32.179  1880  1880 D NotificationServiceEx: updateLightListLocked :r=0|com.android.vending|-234430262|null|10080, action=2
08-28 08:32:32.179  1880  1880 D NotificationServiceEx: notification=Notification(pri=-1 contentView=null vibrate=null sound=null tick defaults=0x0 flags=0x110 color=0xff0f9d58 category=status actions=1 vis=PRIVATE)
08-28 08:32:32.355  1880  2473 V AlarmManager: RTC_WAKEUP set : Alarm{6563fe2 tag *walarm*:com.android.vending/com.google.android.finsky.flushlogs.FlushLogsReceiver type 0 when 1503898352195 com.android.vending} when 1503898352195
08-28 08:32:32.422  1880  2648 W PowerManagerServiceAO: start wakeUpForExtendedDisplay
08-28 08:32:32.422  1880  2648 V LGExtPowerManagerService: updateExtDisplayState : true
08-28 08:32:32.422  1880  2648 D PocketDetection: isDeviceInThePocket: wakeUpReason = wake_up_partial, pocketMonitoring = true, screenOffTimeout = 10000, realScreenOffTimeout = 10000, mProximitySensorEnabled = true, mPocketLightSensorEnabled = false, mPocketProximityPositive = false, mCurrentLuxforPocket = 4.0, mSensorCovered = false, mDeviceWakeUpDueToStateChanged = false, mLPWGSensorState = true, mIsScreenWakelockAcquired = false
08-28 08:32:32.422  1880  2648 I PocketDetection: unregisterListener proximity sensor
08-28 08:32:32.423  1880  2648 I SensorManager: removeAllSensors() [Sensor: LGE Knock-on Proximity Sensor] by com.android.server.power.PocketDetection.setProximitySensorEnabled():411
08-28 08:32:32.423  1880  2648 D LGExtPowerManagerService: ignore writing status
08-28 08:32:32.424  1880  2648 D LGExtPowerManagerService: Send DisplayStateChanged callback to EventGroup0, MainLCD : false, aodLCD : true
08-28 08:32:32.424  1880  2648 D LGExtPowerManagerService: Send DisplayStateChanged callback to SignBoardService_0, MainLCD : false, aodLCD : true
08-28 08:32:32.424  1880  2648 D LGExtPowerManagerService: Send DisplayStateChanged callback to DeviceIdleControllerAO, MainLCD : false, aodLCD : true
08-28 08:32:32.424  1880  2648 D LGExtPowerManagerService: Send DisplayStateChanged callback to (0)com.lge.signboard.aod.ClockLayout{d2eec10 I.E...... ......I. 0,0-0,0 #7f0b000d app:id/digital_clock}, MainLCD : false, aodLCD : true
08-28 08:32:32.424  1880  2648 D LGExtPowerManagerService: Send DisplayStateChanged callback to WindowManagerService, MainLCD : false, aodLCD : true
08-28 08:32:32.424  1880  2648 I WindowManager: [onDisplayStateChangedCallback] mainLcd= false  extLcd= true
08-28 08:32:32.424  1880  2648 I WindowManager: reevaluateMainAodVisibility : sendMessage
08-28 08:32:32.424  1880  2047 I WindowManager: reevaluateMainAodVisibility: true  mOnMainLcd= false  mOnExtLcd= true
08-28 08:32:32.424  1880  2047 I WindowManager: [updateMainAodServiceVisibilityLocked] minMainAodWin = Window{95d73e7 u0 Main_Aod_System_com.lge.signboard (0)} vis = true before visibility = true mIsPowerOn = false
08-28 08:32:32.424  1880  2047 I WindowManager: [updateMainAodServiceVisibilityLocked] minMainAodWin = Window{db88151 u0 Main_Aod_Base_com.lge.signboard (0)} vis = true before visibility = true mIsPowerOn = false
08-28 08:32:32.425  1880  2648 I PowerManagerServiceAO: Partial waking up from sleep (uid 1000)...
08-28 08:32:32.425  1880  2648 W PowerManagerServiceAO: keep_aod # true
08-28 08:32:32.426  1880  2648 W PowerManagerServiceAO: write keep_aod = true
08-28 08:32:32.426  1880  2648 D LPWGController: [updateScreenState] screen on = false, oldscreen on = false
08-28 08:32:32.426  1880  2648 I PowerManagerServiceAO: partialWakeUpInternal : wakeUpNoUpdateLocked true
08-28 08:32:32.427  1880  2052 W DisplayPowerControllerEx: updatePowerState() : mPowerRequest.policy = 0, mRequestPolicy = 5, mPowerState.getColorFadeLevel() = 0.0, mPowerState.getScreenState() = 1, mPowerState.getScreenBrightness() = 0, mTriggered = false
08-28 08:32:32.427  1880  2052 I WindowManager: displayMainAod : sendMessage
08-28 08:32:32.427  1880  2052 D DisplayPowerController: setScreenState : wasOn = false
08-28 08:32:32.427  1880  2052 D DisplayPowerController: setScreenState : isOff = false
08-28 08:32:32.427  1880  2052 D DisplayPowerController: setScreenState : mPowerState.getColorFadeLevel() = 0.0
08-28 08:32:32.427  1880  2052 I DisplayPowerController: Blocking screen on until initial contents have been drawn.
08-28 08:32:32.427  1880  2052 D DisplayPowerController: setScreenState : mWindowManagerPolicy.screenTurningOn
08-28 08:32:32.427  1880  2052 I DisplayPowerController: setInteractive !isOff : true
08-28 08:32:32.427  1880  2052 W DisplayPowerControllerEx: setScreenState : mInputManagerInternal.setInteractive(false)
08-28 08:32:32.427  1880  2052 W DisplayPowerControllerEx: setScreenState : mInputManagerInternal.setSubInteractive(true)
08-28 08:32:32.427  1880  2052 D DisplayPowerControllerEx: [aod/alc] calculateAodBrightImpl lux = 11.0, level = 2, bright = 75
08-28 08:32:32.427  1880  3240 D PowerManagerServiceAO: acquireWakeLockInternal: lock=146871530, flags=0x200, tag="EventServiceWakeLock", ws=null, historyTag=null, uid=1000, pid=2760
08-28 08:32:32.428  1880  2052 W ContextImpl: Calling a method in the system process without a qualified user: android.app.ContextImpl.sendBroadcast:763 com.android.server.display.DisplayPowerControllerEx.calculateAodBright:1166 com.android.server.display.DisplayPowerControllerEx.aodBacklightControl:1037 com.android.server.display.DisplayPowerControllerEx$MethodOverride.ajc$inlineAccessMethod$com_android_server_display_DisplayPowerControllerEx$MethodOverride$com_android_server_display_DisplayPowerControllerEx$aodBacklightControl:1 com.android.server.display.DisplayPowerControllerEx$MethodOverride.ajc$around$com_android_server_display_DisplayPowerControllerEx$MethodOverride$7$687d0ca3:1498 
08-28 08:32:32.428  1880  2052 I DisplayPowerControllerEx: [aod/alc] result aod brightness = 75
08-28 08:32:32.428  1880  2052 D DisplayPowerControllerEx: [aod/alc] aodBacklighControl, target = 75, mOldLux = 11.0, mCoverOpened = true
08-28 08:32:32.428  1880  2047 I WindowManager: displayMainAod : bShow=true mOnMainLcd= false  mOnExtLcd= true
08-28 08:32:32.428  1880  2047 I WindowManager: displayMainAod : Black Surface show.
08-28 08:32:32.428  1880  2052 I DisplayPowerControllerEx: Target value same as current brightness
08-28 08:32:32.429  1880  2713 D DisplayPowerState: Updating screen state: state=ON, backlight=0
08-28 08:32:32.429  1880  2047 I DisplayManagerService: Display device changed state: "Built-in Screen", ON
08-28 08:32:32.518  1880  2052 I DisplayPowerController: Unblocked screen on after 91 ms
08-28 08:32:32.518  1880  2052 W DisplayPowerControllerEx: updatePowerState() : mPowerRequest.policy = 5, mRequestPolicy = 5, mPowerState.getColorFadeLevel() = 0.0, mPowerState.getScreenState() = 2, mPowerState.getScreenBrightness() = 255, mTriggered = false
08-28 08:32:32.518  1880  2052 I WindowManager: displayMainAod : sendMessage
08-28 08:32:32.518  1880  2052 D DisplayPowerController: setScreenState : isOff = false
08-28 08:32:32.518  1880  2052 W DisplayPowerControllerEx: setScreenState : mInputManagerInternal.setInteractive(false)
08-28 08:32:32.518  1880  2047 I WindowManager: displayMainAod : bShow=true mOnMainLcd= false  mOnExtLcd= true
08-28 08:32:32.518  1880  2047 I WindowManager: displayMainAod : Black Surface show.
--------- beginning of main
08-28 08:32:32.518  1880  2052 V KeyguardServiceDelegate: onScreenTurnedOn()
08-28 08:32:32.538  1880  3230 W PowerManagerServiceAO: start wakeUpForExtendedDisplay
08-28 08:32:32.538  1880  3230 W PowerManagerServiceAO: ignore partial wakeup request because already awake state
08-28 08:32:32.538  1880  3282 D PowerManagerServiceAO: acquireWakeLockInternal: lock=240758656, flags=0x200, tag="NotificationHistoryWakeLock@31af3d4", ws=null, historyTag=null, uid=1000, pid=2760
08-28 08:32:33.540  1880  3240 D PowerManagerServiceAO: releaseWakeLockInternal: lock=240758656 [NotificationHistoryWakeLock@31af3d4], flags=0x0
08-28 08:32:35.442  2760  2760 I MiniActivity: [MiniActivity] do hide when wakelock14
08-28 08:32:35.443  1880  3189 W PowerManagerServiceAO: start wakeUpForExtendedDisplay
08-28 08:32:35.443  1880  3189 W PowerManagerServiceAO: ignore partial wakeup request because already awake state
08-28 08:32:35.444  2760  2760 D MiniActivity: MiniActivity.acquire(), mPowerManagerWakeLock: WakeLock{6fecbca held=false, refCount=0}
08-28 08:32:35.447  1880  3261 D PowerManagerServiceAO: acquireWakeLockInternal: lock=236164534, flags=0x200, tag="MiniActivity", ws=null, historyTag=null, uid=1000, pid=2760
08-28 08:32:35.455  1880  3192 D PowerManagerServiceAO: acquireWakeLockInternal: lock=112747191, flags=0x200, tag="EventServiceWakeLock_EXTRA", ws=null, historyTag=null, uid=1000, pid=2760
08-28 08:32:35.457  1880  3240 D PowerManagerServiceAO: releaseWakeLockInternal: lock=146871530 [EventServiceWakeLock], flags=0x0
08-28 08:32:35.654  1880  2648 D PowerManagerServiceAO: releaseWakeLockInternal: lock=236164534 [MiniActivity], flags=0x0
08-28 08:32:35.656  2760  2760 D MiniActivity: MiniActivity.release(), mPowerManagerWakeLock: WakeLock{6fecbca held=false, refCount=0}
08-28 08:32:35.959  1880  3159 D PowerManagerServiceAO: releaseWakeLockInternal: lock=112747191 [EventServiceWakeLock_EXTRA], flags=0x0
