08-28 09:18:24.360  1880  2405 D sensors_hal_Time: tsOffsetIs: Apps: 594115205261260; DSPS: 2288121557; Offset : 524287276940964 (diff 34583 @0)
08-28 09:18:26.519  1880  2473 V AlarmManager: ELAPSED_WAKEUP set : Alarm{2e90fcc tag *walarm*:CONTEXT_MANAGER_ALARM_WAKEUP_49886 type 2 when 594117350 com.google.android.gms} when 594117350
08-28 09:18:26.562  1880  2656 I TetherStatsReporting: getTetherStats() called NetworkStats: elapsedRealtime=594117375
08-28 09:18:26.562  1880  2656 I TetherStatsReporting:   [0] iface=wlan0 uid=0 set=DEFAULT tag=0x0 rxBytes=21538833 rxPackets=108639 txBytes=1333388 txPackets=14805 operations=0
08-28 09:18:26.562  1880  2656 I TetherStatsReporting:   [1] iface=wlan0 uid=0 set=FOREGROUND tag=0x0 rxBytes=0 rxPackets=0 txBytes=0 txPackets=0 operations=0
08-28 09:18:26.562  1880  2656 I TetherStatsReporting:   [2] iface=wlan0 uid=1000 set=DEFAULT tag=0x0 rxBytes=452591 rxPackets=6056 txBytes=13413353 txPackets=10647 operations=0
08-28 09:18:26.562  1880  2656 I TetherStatsReporting:   [3] iface=wlan0 uid=1000 set=FOREGROUND tag=0x0 rxBytes=0 rxPackets=0 txBytes=0 txPackets=0 operations=0
08-28 09:18:26.562  1880  2656 I TetherStatsReporting:   [4] iface=wlan0 uid=1014 set=DEFAULT tag=0x0 rxBytes=17280 rxPackets=30 txBytes=10080 txPackets=30 operations=0
08-28 09:18:26.562  1880  2656 I TetherStatsReporting:   [5] iface=wlan0 uid=1014 set=FOREGROUND tag=0x0 rxBytes=0 rxPackets=0 txBytes=0 txPackets=0 operations=0
08-28 09:18:26.562  1880  2656 I TetherStatsReporting:   [6] iface=wlan0 uid=1020 set=DEFAULT tag=0x0 rxBytes=4243 rxPackets=37 txBytes=4682 txPackets=26 operations=0
08-28 09:18:26.562  1880  2656 I TetherStatsReporting:   [7] iface=wlan0 uid=1020 set=FOREGROUND tag=0x0 rxBytes=0 rxPackets=0 txBytes=0 txPackets=0 operations=0
08-28 09:18:26.562  1880  2656 I TetherStatsReporting:   [8] iface=wlan0 uid=1027 set=DEFAULT tag=0x0 rxBytes=1002 rxPackets=8 txBytes=2008 txPackets=8 operations=0
08-28 09:18:26.562  1880  2656 I TetherStatsReporting:   [9] iface=wlan0 uid=1027 set=FOREGROUND tag=0x0 rxBytes=0 rxPackets=0 txBytes=0 txPackets=0 operations=0
08-28 09:18:26.562  1880  2656 I TetherStatsReporting:   [10] iface=wlan0 uid=2901 set=DEFAULT tag=0x0 rxBytes=15821 rxPackets=17 txBytes=1992 txPackets=18 operations=0
08-28 09:18:26.562  1880  2656 I TetherStatsReporting:   [11] iface=wlan0 uid=2901 set=FOREGROUND tag=0x0 rxBytes=0 rxPackets=0 txBytes=0 txPackets=0 operations=0
08-28 09:18:26.562  1880  2656 I TetherStatsReporting:   [12] iface=wlan0 uid=2903 set=DEFAULT tag=0x0 rxBytes=1183781 rxPackets=3521 txBytes=102763 txPackets=933 operations=0
08-28 09:18:26.562  1880  2656 I TetherStatsReporting:   [13] iface=wlan0 uid=2903 set=FOREGROUND tag=0x0 rxBytes=0 rxPackets=0 txBytes=0 txPackets=0 operations=0
08-28 09:18:26.562  1880  2656 I TetherStatsReporting:   [14] iface=wlan0 uid=4001 set=DEFAULT tag=0x0 rxBytes=76 rxPackets=1 txBytes=380 txPackets=5 operations=0
08-28 09:18:26.562  1880  2656 I TetherStatsReporting:   [15] iface=wlan0 uid=4001 set=FOREGROUND tag=0x0 rxBytes=0 rxPackets=0 txBytes=0 txPackets=0 operations=0
08-28 09:18:26.562  1880  2656 I TetherStatsReporting:   [16] iface=wlan0 uid=10010 set=DEFAULT tag=0x0 rxBytes=7890701 rxPackets=17851 txBytes=4717831 txPackets=18710 operations=0
08-28 09:18:26.562  1880  2656 I TetherStatsReporting:   [17] iface=wlan0 uid=10010 set=FOREGROUND tag=0x0 rxBytes=509704 rxPackets=1336 txBytes=569526 txPackets=1710 operations=0
08-28 09:18:26.562  1880  2656 I TetherStatsReporting:   [18] iface=wlan0 uid=10025 set=DEFAULT tag=0x0 rxBytes=162689 rxPackets=323 txBytes=43336 txPackets=385 operations=0
08-28 09:18:26.562  1880  2656 I TetherStatsReporting:   [19] iface=wlan0 uid=10025 set=FOREGROUND tag=0x0 rxBytes=0 rxPackets=0 txBytes=0 txPackets=0 operations=0
08-28 09:18:26.562  1880  2656 I TetherStatsReporting:   [20] iface=wlan0 uid=10026 set=DEFAULT tag=0x0 rxBytes=0 rxPackets=0 txBytes=2527 txPackets=48 operations=0
08-28 09:18:26.562  1880  2656 I TetherStatsReporting:   [21] iface=wlan0 uid=10026 set=FOREGROUND tag=0x0 rxBytes=0 rxPackets=0 txBytes=0 txPackets=0 operations=0
08-28 09:18:26.562  1880  2656 I TetherStatsReporting:   [22] iface=wlan0 uid=10080 set=DEFAULT tag=0x0 rxBytes=572546 rxPackets=1397 txBytes=572471 txPackets=1570 operations=0
08-28 09:18:26.562  1880  2656 I TetherStatsReporting:   [23] iface=wlan0 uid=10080 set=FOREGROUND tag=0x0 rxBytes=0 rxPackets=0 txBytes=0 txPackets=0 operations=0
08-28 09:18:26.562  1880  2656 I TetherStatsReporting:   [24] iface=wlan0 uid=10081 set=DEFAULT tag=0x0 rxBytes=2668326 rxPackets=2724 txBytes=517681 txPackets=2587 operations=0
08-28 09:18:26.562  1880  2656 I TetherStatsReporting:   [25] iface=wlan0 uid=10081 set=FOREGROUND tag=0x0 rxBytes=116 rxPackets=2 txBytes=4936 txPackets=8 operations=0
08-28 09:18:26.562  1880  2656 I TetherStatsReporting:   [26] iface=wlan0 uid=10089 set=DEFAULT tag=0x0 rxBytes=12057245 rxPackets=8272 txBytes=467788 txPackets=7271 operations=0
08-28 09:18:26.562  1880  2656 I TetherStatsReporting:   [27] iface=wlan0 uid=10089 set=FOREGROUND tag=0x0 rxBytes=15201470 rxPackets=10405 txBytes=595850 txPackets=9197 operations=0
08-28 09:18:26.562  1880  2656 I TetherStatsReporting:   [28] iface=wlan0 uid=10091 set=DEFAULT tag=0x0 rxBytes=444627 rxPackets=1194 txBytes=373589 txPackets=1473 operations=0
08-28 09:18:26.562  1880  2656 I TetherStatsReporting:   [29] iface=wlan0 uid=10091 set=FOREGROUND tag=0x0 rxBytes=130662 rxPackets=392 txBytes=178647 txPackets=620 operations=0
08-28 09:18:26.562  1880  2656 I TetherStatsReporting:   [30] iface=wlan0 uid=10092 set=DEFAULT tag=0x0 rxBytes=136913 rxPackets=1113 txBytes=346834 txPackets=1476 operations=0
08-28 09:18:26.562  1880  2656 I TetherStatsReporting:   [31] iface=wlan0 uid=10092 set=FOREGROUND tag=0x0 rxBytes=0 rxPackets=0 txBytes=0 txPackets=0 operations=0
08-28 09:18:26.562  1880  2656 I TetherStatsReporting:   [32] iface=wlan0 uid=10093 set=DEFAULT tag=0x0 rxBytes=4936202 rxPackets=7085 txBytes=912778 txPackets=6735 operations=0
08-28 09:18:26.562  1880  2656 I TetherStatsReporting:   [33] iface=wlan0 uid=10093 set=FOREGROUND tag=0x0 rxBytes=4075451 rxPackets=3255 txBytes=159458 txPackets=2224 operations=0
08-28 09:18:26.562  1880  2656 I TetherStatsReporting:   [34] iface=wlan0 uid=10095 set=DEFAULT tag=0x0 rxBytes=6998291 
08-28 09:18:26.562  1880  2656 I TetherStatsReporting: combining tether stats
08-28 09:18:26.565  3269  3281 D QtiTetherService/IpaWrapper: getStats(false)
08-28 09:18:26.584  1880  2648 D LocationManagerService: getAllProviders()=[passive, gps, network]
08-28 09:18:44.364  1880  2405 D sensors_hal_Time: time_service_sensor1_cb: msg_type 2
08-28 09:18:44.364  1880  2405 D sensors_hal_Time: time_service_sensor1_cb: Sn 24, msg Id 3, txn Id 0
08-28 09:18:44.365  1880  2405 D sensors_hal_Time: tsOffsetIs: Apps: 594135210294794; DSPS: 2288777082; Offset : 524287276899411 (diff 34895 @0)
08-28 09:19:04.368  1880  2405 D sensors_hal_Time: time_service_sensor1_cb: msg_type 2
08-28 09:19:04.368  1880  2405 D sensors_hal_Time: time_service_sensor1_cb: Sn 24, msg Id 3, txn Id 0
08-28 09:19:04.369  1880  2405 D sensors_hal_Time: tsOffsetIs: Apps: 594155214685307; DSPS: 2289432586; Offset : 524287276976616 (diff 37240 @0)
08-28 09:19:24.373  1880  2405 D sensors_hal_Time: time_service_sensor1_cb: msg_type 2
08-28 09:19:24.373  1880  2405 D sensors_hal_Time: time_service_sensor1_cb: Sn 24, msg Id 3, txn Id 0
08-28 09:19:24.374  1880  2405 D sensors_hal_Time: tsOffsetIs: Apps: 594175219169206; DSPS: 2290088093; Offset : 524287276930134 (diff 34166 @0)
08-28 09:19:44.377  1880  2405 D sensors_hal_Time: time_service_sensor1_cb: msg_type 2
08-28 09:19:44.378  1880  2405 D sensors_hal_Time: time_service_sensor1_cb: Sn 24, msg Id 3, txn Id 0
08-28 09:19:44.378  1880  2405 D sensors_hal_Time: tsOffsetIs: Apps: 594195223799615; DSPS: 2290743605; Offset : 524287276964424 (diff 35521 @0)
08-28 09:20:04.382  1880  2405 D sensors_hal_Time: time_service_sensor1_cb: msg_type 2
08-28 09:20:04.382  1880  2405 D sensors_hal_Time: time_service_sensor1_cb: Sn 24, msg Id 3, txn Id 0
08-28 09:20:04.382  1880  2405 D sensors_hal_Time: tsOffsetIs: Apps: 594215228097680; DSPS: 2291399105; Offset : 524287276910731 (diff 35052 @0)
08-28 09:20:24.386  1880  2405 D sensors_hal_Time: time_service_sensor1_cb: msg_type 2
08-28 09:20:24.386  1880  2405 D sensors_hal_Time: time_service_sensor1_cb: Sn 24, msg Id 3, txn Id 0
08-28 09:20:24.387  1880  2405 D sensors_hal_Time: tsOffsetIs: Apps: 594235232465277; DSPS: 2292054608; Offset : 524287276914079 (diff 34792 @0)
08-28 09:20:44.391  1880  2405 D sensors_hal_Time: time_service_sensor1_cb: msg_type 2
08-28 09:20:44.391  1880  2405 D sensors_hal_Time: time_service_sensor1_cb: Sn 24, msg Id 3, txn Id 0
08-28 09:20:44.392  1880  2405 D sensors_hal_Time: tsOffsetIs: Apps: 594255237282561; DSPS: 2292710126; Offset : 524287276962269 (diff 37656 @0)
08-28 09:20:53.796  1880  1880 D WifiServerServiceExt: SUPPLICANT_STATE_CHANGED_ACTION
08-28 09:20:53.796  1880  1880 D WifiServerServiceExt: setSupplicantStateGROUP_HANDSHAKE
08-28 09:20:53.812  1880  1880 D WifiServerServiceExt: SUPPLICANT_STATE_CHANGED_ACTION
08-28 09:20:53.812  1880  1880 D WifiServerServiceExt: setSupplicantStateGROUP_HANDSHAKE
08-28 09:20:53.818  1880  1880 D WifiServerServiceExt: SUPPLICANT_STATE_CHANGED_ACTION
08-28 09:20:53.818  1880  1880 D WifiServerServiceExt: setSupplicantStateCOMPLETED
08-28 09:21:04.395  1880  2405 D sensors_hal_Time: time_service_sensor1_cb: msg_type 2
08-28 09:21:04.396  1880  2405 D sensors_hal_Time: time_service_sensor1_cb: Sn 24, msg Id 3, txn Id 0
08-28 09:21:04.396  1880  2405 D sensors_hal_Time: tsOffsetIs: Apps: 594275241749012; DSPS: 2293365633; Offset : 524287276889954 (diff 34687 @0)
08-28 09:21:24.400  1880  2405 D sensors_hal_Time: time_service_sensor1_cb: msg_type 2
08-28 09:21:24.400  1880  2405 D sensors_hal_Time: time_service_sensor1_cb: Sn 24, msg Id 3, txn Id 0
08-28 09:21:24.401  1880  2405 D sensors_hal_Time: tsOffsetIs: Apps: 594295246175254; DSPS: 2294021138; Offset : 524287276890756 (diff 34011 @0)
08-28 09:21:44.405  1880  2405 D sensors_hal_Time: time_service_sensor1_cb: msg_type 2
08-28 09:21:44.405  1880  2405 D sensors_hal_Time: time_service_sensor1_cb: Sn 24, msg Id 3, txn Id 0
08-28 09:21:44.406  1880  2405 D sensors_hal_Time: tsOffsetIs: Apps: 594315251283944; DSPS: 2294676665; Offset : 524287276944651 (diff 35938 @0)
08-28 09:22:04.409  1880  2405 D sensors_hal_Time: time_service_sensor1_cb: msg_type 2
08-28 09:22:04.410  1880  2405 D sensors_hal_Time: time_service_sensor1_cb: Sn 24, msg Id 3, txn Id 0
08-28 09:22:04.410  1880  2405 D sensors_hal_Time: tsOffsetIs: Apps: 594335255620916; DSPS: 2295332167; Offset : 524287276907007 (diff 34844 @0)
08-28 09:22:24.414  1880  2405 D sensors_hal_Time: time_service_sensor1_cb: msg_type 2
08-28 09:22:24.414  1880  2405 D sensors_hal_Time: time_service_sensor1_cb: Sn 24, msg Id 3, txn Id 0
08-28 09:22:24.415  1880  2405 D sensors_hal_Time: tsOffsetIs: Apps: 594355260397627; DSPS: 2295987684; Offset : 524287276892120 (diff 34375 @0)
08-28 09:22:44.418  1880  2405 D sensors_hal_Time: time_service_sensor1_cb: msg_type 2
08-28 09:22:44.419  1880  2405 D sensors_hal_Time: time_service_sensor1_cb: Sn 24, msg Id 3, txn Id 0
08-28 09:22:44.419  1880  2405 D sensors_hal_Time: tsOffsetIs: Apps: 594375264630119; DSPS: 2296643182; Offset : 524287276954463 (diff 36615 @0)
08-28 09:23:04.423  1880  2405 D sensors_hal_Time: time_service_sensor1_cb: msg_type 2
08-28 09:23:04.423  1880  2405 D sensors_hal_Time: time_service_sensor1_cb: Sn 24, msg Id 3, txn Id 0
08-28 09:23:04.423  1880  2405 D sensors_hal_Time: tsOffsetIs: Apps: 594395268947403; DSPS: 2297298684; Offset : 524287276937938 (diff 33906 @0)
08-28 09:23:24.427  1880  2405 D sensors_hal_Time: time_service_sensor1_cb: msg_type 2
08-28 09:23:24.427  1880  2405 D sensors_hal_Time: time_service_sensor1_cb: Sn 24, msg Id 3, txn Id 0
08-28 09:23:24.428  1880  2405 D sensors_hal_Time: tsOffsetIs: Apps: 594415273537656; DSPS: 2297954194; Offset : 524287276910450 (diff 36093 @0)
08-28 09:23:44.432  1880  2405 D sensors_hal_Time: time_service_sensor1_cb: msg_type 2
08-28 09:23:44.432  1880  2405 D sensors_hal_Time: time_service_sensor1_cb: Sn 24, msg Id 3, txn Id 0
08-28 09:23:44.433  1880  2405 D sensors_hal_Time: tsOffsetIs: Apps: 594435278066763; DSPS: 2298609703; Offset : 524287276891344 (diff 33907 @0)
08-28 09:24:04.436  1880  2405 D sensors_hal_Time: time_service_sensor1_cb: msg_type 2
08-28 09:24:04.437  1880  2405 D sensors_hal_Time: time_service_sensor1_cb: Sn 24, msg Id 3, txn Id 0
08-28 09:24:04.437  1880  2405 D sensors_hal_Time: tsOffsetIs: Apps: 594455282974151; DSPS: 2299265223; Offset : 524287276916440 (diff 34740 @0)
08-28 09:24:24.442  1880  2405 D sensors_hal_Time: time_service_sensor1_cb: msg_type 2
08-28 09:24:24.442  1880  2405 D sensors_hal_Time: time_service_sensor1_cb: Sn 24, msg Id 3, txn Id 0
08-28 09:24:24.443  1880  2405 D sensors_hal_Time: tsOffsetIs: Apps: 594475287986175; DSPS: 2299920748; Offset : 524287276893481 (diff 35781 @0)
08-28 09:24:44.446  1880  2405 D sensors_hal_Time: time_service_sensor1_cb: msg_type 2
08-28 09:24:44.447  1880  2405 D sensors_hal_Time: time_service_sensor1_cb: Sn 24, msg Id 3, txn Id 0
08-28 09:24:44.447  1880  2405 D sensors_hal_Time: tsOffsetIs: Apps: 594495292606480; DSPS: 2300576259; Offset : 524287276905293 (diff 35104 @0)
08-28 09:25:04.451  1880  2405 D sensors_hal_Time: time_service_sensor1_cb: msg_type 2
08-28 09:25:04.451  1880  2405 D sensors_hal_Time: time_service_sensor1_cb: Sn 24, msg Id 3, txn Id 0
08-28 09:25:04.451  1880  2405 D sensors_hal_Time: tsOffsetIs: Apps: 594515296977462; DSPS: 2301231762; Offset : 524287276912443 (diff 35261 @0)
08-28 09:25:24.455  1880  2405 D sensors_hal_Time: time_service_sensor1_cb: msg_type 2
08-28 09:25:24.456  1880  2405 D sensors_hal_Time: time_service_sensor1_cb: Sn 24, msg Id 3, txn Id 0
08-28 09:25:24.456  1880  2405 D sensors_hal_Time: tsOffsetIs: Apps: 594535301785058; DSPS: 2301887280; Offset : 524287276898288 (diff 35520 @0)
08-28 09:25:44.460  1880  2405 D sensors_hal_Time: time_service_sensor1_cb: msg_type 2
08-28 09:25:44.460  1880  2405 D sensors_hal_Time: time_service_sensor1_cb: Sn 24, msg Id 3, txn Id 0
08-28 09:25:44.461  1880  2405 D sensors_hal_Time: tsOffsetIs: Apps: 594555306085571; DSPS: 2302542781; Offset : 524287276938114 (diff 35729 @0)
08-28 09:26:04.464  1880  2405 D sensors_hal_Time: time_service_sensor1_cb: msg_type 2
08-28 09:26:04.465  1880  2405 D sensors_hal_Time: time_service_sensor1_cb: Sn 24, msg Id 3, txn Id 0
08-28 09:26:04.465  1880  2405 D sensors_hal_Time: tsOffsetIs: Apps: 594575310580824; DSPS: 2303198288; Offset : 524287276905356 (diff 36250 @0)
08-28 09:26:24.469  1880  2405 D sensors_hal_Time: time_service_sensor1_cb: msg_type 2
08-28 09:26:24.469  1880  2405 D sensors_hal_Time: time_service_sensor1_cb: Sn 24, msg Id 3, txn Id 0
08-28 09:26:24.470  1880  2405 D sensors_hal_Time: tsOffsetIs: Apps: 594595315210973; DSPS: 2303853800; Offset : 524287276896807 (diff 36198 @0)
08-28 09:26:44.473  1880  2405 D sensors_hal_Time: time_service_sensor1_cb: msg_type 2
08-28 09:26:44.473  1880  2405 D sensors_hal_Time: time_service_sensor1_cb: Sn 24, msg Id 3, txn Id 0
08-28 09:26:44.474  1880  2405 D sensors_hal_Time: tsOffsetIs: Apps: 594615319904351; DSPS: 2304509314; Offset : 524287276928395 (diff 35989 @0)
08-28 09:27:04.479  1880  2405 D sensors_hal_Time: time_service_sensor1_cb: msg_type 2
08-28 09:27:04.479  1880  2405 D sensors_hal_Time: time_service_sensor1_cb: Sn 24, msg Id 3, txn Id 0
08-28 09:27:04.480  1880  2405 D sensors_hal_Time: tsOffsetIs: Apps: 594635324978406; DSPS: 2305164840; Offset : 524287276938093 (diff 33906 @0)
08-28 09:27:24.484  1880  2405 D sensors_hal_Time: time_service_sensor1_cb: msg_type 2
08-28 09:27:24.484  1880  2405 D sensors_hal_Time: time_service_sensor1_cb: Sn 24, msg Id 3, txn Id 0
08-28 09:27:24.484  1880  2405 D sensors_hal_Time: tsOffsetIs: Apps: 594655329824387; DSPS: 2305820359; Offset : 524287276891467 (diff 34531 @0)
08-28 09:27:44.488  1880  2405 D sensors_hal_Time: time_service_sensor1_cb: msg_type 2
08-28 09:27:44.488  1880  2405 D sensors_hal_Time: time_service_sensor1_cb: Sn 24, msg Id 3, txn Id 0
08-28 09:27:44.488  1880  2405 D sensors_hal_Time: tsOffsetIs: Apps: 594675334213963; DSPS: 2306475863; Offset : 524287276925444 (diff 35000 @0)
08-28 09:28:04.492  1880  2405 D sensors_hal_Time: time_service_sensor1_cb: msg_type 2
08-28 09:28:04.493  1880  2405 D sensors_hal_Time: time_service_sensor1_cb: Sn 24, msg Id 3, txn Id 0
08-28 09:28:04.493  1880  2405 D sensors_hal_Time: tsOffsetIs: Apps: 594695338949476; DSPS: 2307131378; Offset : 524287276891619 (diff 34167 @0)
08-28 09:28:24.497  1880  2405 D sensors_hal_Time: time_service_sensor1_cb: msg_type 2
08-28 09:28:24.497  1880  2405 D sensors_hal_Time: time_service_sensor1_cb: Sn 24, msg Id 3, txn Id 0
08-28 09:28:24.498  1880  2405 D sensors_hal_Time: tsOffsetIs: Apps: 594715343530615; DSPS: 2307786888; Offset : 524287276895798 (diff 35312 @0)
08-28 09:28:44.502  1880  2405 D sensors_hal_Time: time_service_sensor1_cb: msg_type 2
08-28 09:28:44.502  1880  2405 D sensors_hal_Time: time_service_sensor1_cb: Sn 24, msg Id 3, txn Id 0
08-28 09:28:44.502  1880  2405 D sensors_hal_Time: tsOffsetIs: Apps: 594735348428159; DSPS: 2308442408; Offset : 524287276950399 (diff 36303 @0)
08-28 09:29:04.507  1880  2405 D sensors_hal_Time: time_service_sensor1_cb: msg_type 2
08-28 09:29:04.508  1880  2405 D sensors_hal_Time: time_service_sensor1_cb: Sn 24, msg Id 3, txn Id 0
08-28 09:29:04.508  1880  2405 D sensors_hal_Time: tsOffsetIs: Apps: 594755353644714; DSPS: 2309097939; Offset : 524287276907693 (diff 33750 @0)
08-28 09:29:24.512  1880  2405 D sensors_hal_Time: time_service_sensor1_cb: msg_type 2
08-28 09:29:24.512  1880  2405 D sensors_hal_Time: time_service_sensor1_cb: Sn 24, msg Id 3, txn Id 0
08-28 09:29:24.513  1880  2405 D sensors_hal_Time: tsOffsetIs: Apps: 594775358162988; DSPS: 2309753447; Offset : 524287276988636 (diff 34896 @0)
08-28 09:29:44.516  1880  2405 D sensors_hal_Time: time_service_sensor1_cb: msg_type 2
08-28 09:29:44.517  1880  2405 D sensors_hal_Time: time_service_sensor1_cb: Sn 24, msg Id 3, txn Id 0
08-28 09:29:44.517  1880  2405 D sensors_hal_Time: tsOffsetIs: Apps: 594795362823032; DSPS: 2310408960; Offset : 524287276902016 (diff 37344 @0)
08-28 09:30:04.521  1880  2405 D sensors_hal_Time: time_service_sensor1_cb: msg_type 2
08-28 09:30:04.522  1880  2405 D sensors_hal_Time: time_service_sensor1_cb: Sn 24, msg Id 3, txn Id 0
08-28 09:30:04.522  1880  2405 D sensors_hal_Time: tsOffsetIs: Apps: 594815368000993; DSPS: 2311064490; Offset : 524287276973031 (diff 37448 @0)
08-28 09:30:24.526  1880  2405 D sensors_hal_Time: time_service_sensor1_cb: msg_type 2
08-28 09:30:24.526  1880  2405 D sensors_hal_Time: time_service_sensor1_cb: Sn 24, msg Id 3, txn Id 0
08-28 09:30:24.526  1880  2405 D sensors_hal_Time: tsOffsetIs: Apps: 594835371902965; DSPS: 2311719977; Offset : 524287276916720 (diff 34323 @0)
08-28 09:30:44.530  1880  2405 D sensors_hal_Time: time_service_sensor1_cb: msg_type 2
08-28 09:30:44.531  1880  2405 D sensors_hal_Time: time_service_sensor1_cb: Sn 24, msg Id 3, txn Id 0
08-28 09:30:44.531  1880  2405 D sensors_hal_Time: tsOffsetIs: Apps: 594855376436447; DSPS: 2312375486; Offset : 524287276979124 (diff 35678 @0)
08-28 09:31:04.535  1880  2405 D sensors_hal_Time: time_service_sensor1_cb: msg_type 2
08-28 09:31:04.535  1880  2405 D sensors_hal_Time: time_service_sensor1_cb: Sn 24, msg Id 3, txn Id 0
08-28 09:31:04.536  1880  2405 D sensors_hal_Time: tsOffsetIs: Apps: 594875381310241; DSPS: 2313031006; Offset : 524287276933568 (diff 35104 @0)
08-28 09:31:24.540  1880  2405 D sensors_hal_Time: time_service_sensor1_cb: msg_type 2
08-28 09:31:24.540  1880  2405 D sensors_hal_Time: time_service_sensor1_cb: Sn 24, msg Id 3, txn Id 0
08-28 09:31:24.540  1880  2405 D sensors_hal_Time: tsOffsetIs: Apps: 594895385877681; DSPS: 2313686515; Offset : 524287276954801 (diff 36927 @0)
08-28 09:31:29.170  1880  2473 D PowerManagerServiceAO: acquireWakeLockInternal: lock=48793820, flags=0x40000001, tag="*alarm*", ws=WorkSource{1000}, historyTag=*alarm*:android.intent.action.TIME_TICK, uid=1000, pid=1880
08-28 09:31:29.175  1880  2473 V AlarmManager: ELAPSED_WAKEUP set : Alarm{a383ef5 tag *walarm*:X.08r.ACTION_INEXACT_ALARM.FBNS.com.facebook.katana type 2 when 594900000 com.facebook.katana} when 594900000
08-28 09:31:29.178  1880  2473 V AlarmManager: ELAPSED_WAKEUP set : Alarm{39fa48a tag *walarm*:X.07A.ACTION_BACKUP_ALARM.MqttLite.com.facebook.orca type 2 when 594900000 com.facebook.orca} when 594900000
08-28 09:31:29.184  1880  2473 V AlarmManager: ELAPSED_WAKEUP set : Alarm{bd74afb tag *walarm*:X.07A.ACTION_INEXACT_ALARM.MqttLite.com.facebook.orca type 2 when 594900000 com.facebook.orca} when 594900000
08-28 09:31:29.186  1880  2473 V AlarmManager: ELAPSED_WAKEUP set : Alarm{ca59718 tag *walarm*:X.097.ACTION_BACKUP_ALARM.FBNS.com.facebook.katana type 2 when 594900000 com.facebook.katana} when 594900000
08-28 09:31:29.191  1880  2473 V AlarmManager: ELAPSED_WAKEUP set : Alarm{b1ad571 tag *walarm*:X.097.ACTION_INEXACT_ALARM.FBNS.com.facebook.katana type 2 when 594900000 com.facebook.katana} when 594900000
08-28 09:31:29.282  1880  1880 D PowerManagerServiceAO: releaseWakeLockInternal: lock=48793820 [*alarm*], flags=0x0
08-28 09:31:44.544  1880  2405 D sensors_hal_Time: time_service_sensor1_cb: msg_type 2
08-28 09:31:44.545  1880  2405 D sensors_hal_Time: time_service_sensor1_cb: Sn 24, msg Id 3, txn Id 0
08-28 09:31:44.545  1880  2405 D sensors_hal_Time: tsOffsetIs: Apps: 594915390900955; DSPS: 2314342040; Offset : 524287276902493 (diff 34583 @0)
08-28 09:32:04.549  1880  2405 D sensors_hal_Time: time_service_sensor1_cb: msg_type 2
08-28 09:32:04.550  1880  2405 D sensors_hal_Time: time_service_sensor1_cb: Sn 24, msg Id 3, txn Id 0
08-28 09:32:04.550  1880  2405 D sensors_hal_Time: tsOffsetIs: Apps: 594935395646833; DSPS: 2314997556; Offset : 524287276886899 (diff 33333 @0)
08-28 09:32:24.554  1880  2405 D sensors_hal_Time: time_service_sensor1_cb: msg_type 2
08-28 09:32:24.554  1880  2405 D sensors_hal_Time: time_service_sensor1_cb: Sn 24, msg Id 3, txn Id 0
08-28 09:32:24.555  1880  2405 D sensors_hal_Time: tsOffsetIs: Apps: 594955400615575; DSPS: 2315653078; Offset : 524287276992367 (diff 37083 @0)
08-28 09:32:44.559  1880  2405 D sensors_hal_Time: time_service_sensor1_cb: msg_type 2
08-28 09:32:44.559  1880  2405 D sensors_hal_Time: time_service_sensor1_cb: Sn 24, msg Id 3, txn Id 0
08-28 09:32:44.560  1880  2405 D sensors_hal_Time: tsOffsetIs: Apps: 594975405260255; DSPS: 2316308590; Offset : 524287276958063 (diff 35625 @0)
08-28 09:33:04.564  1880  2405 D sensors_hal_Time: time_service_sensor1_cb: msg_type 2
08-28 09:33:04.564  1880  2405 D sensors_hal_Time: time_service_sensor1_cb: Sn 24, msg Id 3, txn Id 0
08-28 09:33:04.564  1880  2405 D sensors_hal_Time: tsOffsetIs: Apps: 594995410201133; DSPS: 2316964112; Offset : 524287276958347 (diff 35364 @0)
08-28 09:33:24.568  1880  2405 D sensors_hal_Time: time_service_sensor1_cb: msg_type 2
08-28 09:33:24.568  1880  2405 D sensors_hal_Time: time_service_sensor1_cb: Sn 24, msg Id 3, txn Id 0
08-28 09:33:24.569  1880  2405 D sensors_hal_Time: tsOffsetIs: Apps: 595015414455396; DSPS: 2317619612; Offset : 524287276936790 (diff 34167 @0)
08-28 09:33:44.573  1880  2405 D sensors_hal_Time: time_service_sensor1_cb: msg_type 2
08-28 09:33:44.573  1880  2405 D sensors_hal_Time: time_service_sensor1_cb: Sn 24, msg Id 3, txn Id 0
08-28 09:33:44.573  1880  2405 D sensors_hal_Time: tsOffsetIs: Apps: 595035418831899; DSPS: 2318275115; Offset : 524287276910452 (diff 35781 @0)
08-28 09:34:04.577  1880  2405 D sensors_hal_Time: time_service_sensor1_cb: msg_type 2
08-28 09:34:04.577  1880  2405 D sensors_hal_Time: time_service_sensor1_cb: Sn 24, msg Id 3, txn Id 0
08-28 09:34:04.578  1880  2405 D sensors_hal_Time: tsOffsetIs: Apps: 595055423377099; DSPS: 2318930624; Offset : 524287276908792 (diff 36511 @0)
08-28 09:34:24.582  1880  2405 D sensors_hal_Time: time_service_sensor1_cb: msg_type 2
08-28 09:34:24.582  1880  2405 D sensors_hal_Time: time_service_sensor1_cb: Sn 24, msg Id 3, txn Id 0
08-28 09:34:24.582  1880  2405 D sensors_hal_Time: tsOffsetIs: Apps: 595075427815425; DSPS: 2319586130; Offset : 524287276890224 (diff 33855 @0)
08-28 09:34:44.587  1880  2405 D sensors_hal_Time: time_service_sensor1_cb: msg_type 2
08-28 09:34:44.587  1880  2405 D sensors_hal_Time: time_service_sensor1_cb: Sn 24, msg Id 3, txn Id 0
08-28 09:34:44.587  1880  2405 D sensors_hal_Time: tsOffsetIs: Apps: 595095432983074; DSPS: 2320241659; Offset : 524287276902198 (diff 37344 @0)
08-28 09:35:04.592  1880  2405 D sensors_hal_Time: time_service_sensor1_cb: msg_type 2
08-28 09:35:04.592  1880  2405 D sensors_hal_Time: time_service_sensor1_cb: Sn 24, msg Id 3, txn Id 0
08-28 09:35:04.592  1880  2405 D sensors_hal_Time: tsOffsetIs: Apps: 595115438094785; DSPS: 2320897187; Offset : 524287276887712 (diff 38958 @0)
08-28 09:35:24.597  1880  2405 D sensors_hal_Time: time_service_sensor1_cb: msg_type 2
08-28 09:35:24.597  1880  2405 D sensors_hal_Time: time_service_sensor1_cb: Sn 24, msg Id 3, txn Id 0
08-28 09:35:24.597  1880  2405 D sensors_hal_Time: tsOffsetIs: Apps: 595135442938683; DSPS: 2321552705; Offset : 524287276907853 (diff 35000 @0)
08-28 09:35:44.602  1880  2405 D sensors_hal_Time: time_service_sensor1_cb: msg_type 2
08-28 09:35:44.602  1880  2405 D sensors_hal_Time: time_service_sensor1_cb: Sn 24, msg Id 3, txn Id 0
08-28 09:35:44.602  1880  2405 D sensors_hal_Time: tsOffsetIs: Apps: 595155447988051; DSPS: 2322208231; Offset : 524287276974168 (diff 35937 @0)
08-28 09:35:53.845  1880  3188 V LGSettingsProvider: call_put(global:device_idle_constants=null)  calling package = com.google.android.gms  callingUserId : 0
08-28 09:35:53.845  1880  3282 V LGSettingsProvider: call_put(global:phenotype_test_setting=null)  calling package = com.google.android.gms  callingUserId : 0
08-28 09:35:54.157  1880  2473 D PowerManagerServiceAO: acquireWakeLockInternal: lock=48793820, flags=0x40000001, tag="*alarm*", ws=WorkSource{1000}, historyTag=*alarm*:android.intent.action.TIME_TICK, uid=1000, pid=1880
08-28 09:35:54.159  1880  2473 V AlarmManager: ELAPSED_WAKEUP set : Alarm{71c4ff2 tag *walarm*:run_background_task9 type 2 when 595164897 com.google.android.googlequicksearchbox} when 595164897
08-28 09:35:54.226  1880  1880 D PowerManagerServiceAO: releaseWakeLockInternal: lock=48793820 [*alarm*], flags=0x0
08-28 09:36:04.605  1880  2405 D sensors_hal_Time: time_service_sensor1_cb: msg_type 2
08-28 09:36:04.605  1880  2405 D sensors_hal_Time: time_service_sensor1_cb: Sn 24, msg Id 3, txn Id 0
08-28 09:36:04.606  1880  2405 D sensors_hal_Time: tsOffsetIs: Apps: 595175450840908; DSPS: 2322863684; Offset : 524287276905765 (diff 34479 @0)
08-28 09:36:24.143  1880  2473 D PowerManagerServiceAO: acquireWakeLockInternal: lock=48793820, flags=0x40000001, tag="*alarm*", ws=WorkSource{1000}, historyTag=*alarm*:android.intent.action.TIME_TICK, uid=1000, pid=1880
08-28 09:36:24.146  1880  2473 V AlarmManager: ELAPSED_WAKEUP set : Alarm{19d8a13 tag *walarm*:com.google.android.gms.gcm.ACTION_CHECK_QUEUE type 2 when 595194985 com.google.android.gms} when 595194985
08-28 09:36:24.255  1880  1880 D PowerManagerServiceAO: releaseWakeLockInternal: lock=48793820 [*alarm*], flags=0x0
08-28 09:36:24.608  1880  2405 D sensors_hal_Time: time_service_sensor1_cb: msg_type 2
08-28 09:36:24.609  1880  2405 D sensors_hal_Time: time_service_sensor1_cb: Sn 24, msg Id 3, txn Id 0
08-28 09:36:24.609  1880  2405 D sensors_hal_Time: tsOffsetIs: Apps: 595195454966369; DSPS: 2323519179; Offset : 524287276911979 (diff 35729 @0)
08-28 09:36:34.225  3102  3102 D UsbHostManagerService: intent receive : android.intent.action.BATTERY_CHANGED
08-28 09:36:34.228  3861  3861 W MainApplication: onReceive intent : Intent { act=android.intent.action.BATTERY_CHANGED flg=0x60000010 (has extras) }
08-28 09:36:44.613  1880  2405 D sensors_hal_Time: time_service_sensor1_cb: msg_type 2
08-28 09:36:44.613  1880  2405 D sensors_hal_Time: time_service_sensor1_cb: Sn 24, msg Id 3, txn Id 0
08-28 09:36:44.614  1880  2405 D sensors_hal_Time: tsOffsetIs: Apps: 595215459080893; DSPS: 2324174674; Offset : 524287276999467 (diff 35052 @0)
08-28 09:37:04.618  1880  2405 D sensors_hal_Time: time_service_sensor1_cb: msg_type 2
08-28 09:37:04.618  1880  2405 D sensors_hal_Time: time_service_sensor1_cb: Sn 24, msg Id 3, txn Id 0
08-28 09:37:04.618  1880  2405 D sensors_hal_Time: tsOffsetIs: Apps: 595235463722239; DSPS: 2324830186; Offset : 524287276908235 (diff 33594 @0)
08-28 09:37:24.622  1880  2405 D sensors_hal_Time: time_service_sensor1_cb: msg_type 2
08-28 09:37:24.622  1880  2405 D sensors_hal_Time: time_service_sensor1_cb: Sn 24, msg Id 3, txn Id 0
08-28 09:37:24.623  1880  2405 D sensors_hal_Time: tsOffsetIs: Apps: 595255468439211; DSPS: 2325485701; Offset : 524287276937302 (diff 35105 @0)
08-28 09:37:44.627  1880  2405 D sensors_hal_Time: time_service_sensor1_cb: msg_type 2
08-28 09:37:44.627  1880  2405 D sensors_hal_Time: time_service_sensor1_cb: Sn 24, msg Id 3, txn Id 0
08-28 09:37:44.628  1880  2405 D sensors_hal_Time: tsOffsetIs: Apps: 595275473527693; DSPS: 2326141228; Offset : 524287276927758 (diff 36302 @0)
08-28 09:38:04.632  1880  2405 D sensors_hal_Time: time_service_sensor1_cb: msg_type 2
08-28 09:38:04.632  1880  2405 D sensors_hal_Time: time_service_sensor1_cb: Sn 24, msg Id 3, txn Id 0
08-28 09:38:04.633  1880  2405 D sensors_hal_Time: tsOffsetIs: Apps: 595295478310133; DSPS: 2326796744; Offset : 524287276909613 (diff 35157 @0)
08-28 09:38:24.637  1880  2405 D sensors_hal_Time: time_service_sensor1_cb: msg_type 2
08-28 09:38:24.637  1880  2405 D sensors_hal_Time: time_service_sensor1_cb: Sn 24, msg Id 3, txn Id 0
08-28 09:38:24.637  1880  2405 D sensors_hal_Time: tsOffsetIs: Apps: 595315483242521; DSPS: 2327452266; Offset : 524287276897789 (diff 34635 @0)
08-28 09:38:44.642  1880  2405 D sensors_hal_Time: time_service_sensor1_cb: msg_type 2
08-28 09:38:44.642  1880  2405 D sensors_hal_Time: time_service_sensor1_cb: Sn 24, msg Id 3, txn Id 0
08-28 09:38:44.642  1880  2405 D sensors_hal_Time: tsOffsetIs: Apps: 595335488151732; DSPS: 2328107787; Offset : 524287276932368 (diff 35261 @0)
08-28 09:39:04.646  1880  2405 D sensors_hal_Time: time_service_sensor1_cb: msg_type 2
08-28 09:39:04.646  1880  2405 D sensors_hal_Time: time_service_sensor1_cb: Sn 24, msg Id 3, txn Id 0
08-28 09:39:04.647  1880  2405 D sensors_hal_Time: tsOffsetIs: Apps: 595355492448495; DSPS: 2328763288; Offset : 524287276887637 (diff 35000 @0)
08-28 09:39:24.651  1880  2405 D sensors_hal_Time: time_service_sensor1_cb: msg_type 2
08-28 09:39:24.651  1880  2405 D sensors_hal_Time: time_service_sensor1_cb: Sn 24, msg Id 3, txn Id 0
08-28 09:39:24.652  1880  2405 D sensors_hal_Time: tsOffsetIs: Apps: 595375497166457; DSPS: 2329418802; Offset : 524287276905762 (diff 34740 @0)
08-28 09:39:44.655  1880  2405 D sensors_hal_Time: time_service_sensor1_cb: msg_type 2
08-28 09:39:44.655  1880  2405 D sensors_hal_Time: time_service_sensor1_cb: Sn 24, msg Id 3, txn Id 0
08-28 09:39:44.656  1880  2405 D sensors_hal_Time: tsOffsetIs: Apps: 595395501574730; DSPS: 2330074307; Offset : 524287276927371 (diff 34948 @0)
08-28 09:40:04.660  1880  2405 D sensors_hal_Time: time_service_sensor1_cb: msg_type 2
08-28 09:40:04.661  1880  2405 D sensors_hal_Time: time_service_sensor1_cb: Sn 24, msg Id 3, txn Id 0
08-28 09:40:04.661  1880  2405 D sensors_hal_Time: tsOffsetIs: Apps: 595415506571025; DSPS: 2330729830; Offset : 524287276991437 (diff 34531 @0)
08-28 09:40:24.665  1880  2405 D sensors_hal_Time: time_service_sensor1_cb: msg_type 2
08-28 09:40:24.665  1880  2405 D sensors_hal_Time: time_service_sensor1_cb: Sn 24, msg Id 3, txn Id 0
08-28 09:40:24.666  1880  2405 D sensors_hal_Time: tsOffsetIs: Apps: 595435511451382; DSPS: 2331385350; Offset : 524287276908408 (diff 34531 @0)
08-28 09:40:44.670  1880  2405 D sensors_hal_Time: time_service_sensor1_cb: msg_type 2
08-28 09:40:44.671  1880  2405 D sensors_hal_Time: time_service_sensor1_cb: Sn 24, msg Id 3, txn Id 0
08-28 09:40:44.671  1880  2405 D sensors_hal_Time: tsOffsetIs: Apps: 595455516574343; DSPS: 2332040878; Offset : 524287276903895 (diff 33489 @0)
08-28 09:41:04.675  1880  2405 D sensors_hal_Time: time_service_sensor1_cb: msg_type 2
08-28 09:41:04.675  1880  2405 D sensors_hal_Time: time_service_sensor1_cb: Sn 24, msg Id 3, txn Id 0
08-28 09:41:04.675  1880  2405 D sensors_hal_Time: tsOffsetIs: Apps: 595475521171731; DSPS: 2332696389; Offset : 524287276893180 (diff 33594 @0)
08-28 09:41:24.678  1880  2405 D sensors_hal_Time: time_service_sensor1_cb: msg_type 2
08-28 09:41:24.679  1880  2405 D sensors_hal_Time: time_service_sensor1_cb: Sn 24, msg Id 3, txn Id 0
08-28 09:41:24.679  1880  2405 D sensors_hal_Time: tsOffsetIs: Apps: 595495525261984; DSPS: 2333351883; Offset : 524287276894130 (diff 33489 @0)
08-28 09:41:44.684  1880  2405 D sensors_hal_Time: time_service_sensor1_cb: msg_type 2
08-28 09:41:44.684  1880  2405 D sensors_hal_Time: time_service_sensor1_cb: Sn 24, msg Id 3, txn Id 0
08-28 09:41:44.685  1880  2405 D sensors_hal_Time: tsOffsetIs: Apps: 595515530175570; DSPS: 2334007404; Offset : 524287276896808 (diff 38542 @0)
08-28 09:42:04.687  1880  2405 D sensors_hal_Time: time_service_sensor1_cb: msg_type 2
08-28 09:42:04.687  1880  2405 D sensors_hal_Time: time_service_sensor1_cb: Sn 24, msg Id 3, txn Id 0
08-28 09:42:04.688  1880  2405 D sensors_hal_Time: tsOffsetIs: Apps: 595535533826031; DSPS: 2334662884; Offset : 524287276884196 (diff 36718 @0)
08-28 09:42:24.692  1880  2405 D sensors_hal_Time: time_service_sensor1_cb: msg_type 2
08-28 09:42:24.692  1880  2405 D sensors_hal_Time: time_service_sensor1_cb: Sn 24, msg Id 3, txn Id 0
08-28 09:42:24.693  1880  2405 D sensors_hal_Time: tsOffsetIs: Apps: 595555538429148; DSPS: 2335318394; Offset : 524287276947567 (diff 34583 @0)
08-28 09:42:44.697  1880  2405 D sensors_hal_Time: time_service_sensor1_cb: msg_type 2
08-28 09:42:44.697  1880  2405 D sensors_hal_Time: time_service_sensor1_cb: Sn 24, msg Id 3, txn Id 0
08-28 09:42:44.697  1880  2405 D sensors_hal_Time: tsOffsetIs: Apps: 595575543246224; DSPS: 2335973912; Offset : 524287276903309 (diff 33177 @0)
08-28 09:43:04.702  1880  2405 D sensors_hal_Time: time_service_sensor1_cb: msg_type 2
08-28 09:43:04.702  1880  2405 D sensors_hal_Time: time_service_sensor1_cb: Sn 24, msg Id 3, txn Id 0
08-28 09:43:04.702  1880  2405 D sensors_hal_Time: tsOffsetIs: Apps: 595595548127570; DSPS: 2336629432; Offset : 524287276944550 (diff 37969 @0)
08-28 09:43:24.707  1880  2405 D sensors_hal_Time: time_service_sensor1_cb: msg_type 2
08-28 09:43:24.707  1880  2405 D sensors_hal_Time: time_service_sensor1_cb: Sn 24, msg Id 3, txn Id 0
08-28 09:43:24.707  1880  2405 D sensors_hal_Time: tsOffsetIs: Apps: 595615553115323; DSPS: 2337284955; Offset : 524287276952781 (diff 33698 @0)
08-28 09:43:44.711  1880  2405 D sensors_hal_Time: time_service_sensor1_cb: msg_type 2
08-28 09:43:44.712  1880  2405 D sensors_hal_Time: time_service_sensor1_cb: Sn 24, msg Id 3, txn Id 0
08-28 09:43:44.712  1880  2405 D sensors_hal_Time: tsOffsetIs: Apps: 595635557806826; DSPS: 2337940469; Offset : 524287276987416 (diff 35625 @0)
08-28 09:44:04.716  1880  2405 D sensors_hal_Time: time_service_sensor1_cb: msg_type 2
08-28 09:44:04.716  1880  2405 D sensors_hal_Time: time_service_sensor1_cb: Sn 24, msg Id 3, txn Id 0
08-28 09:44:04.717  1880  2405 D sensors_hal_Time: tsOffsetIs: Apps: 595655561926871; DSPS: 2338595964; Offset : 524287276959985 (diff 38125 @0)
08-28 09:44:24.720  1880  2405 D sensors_hal_Time: time_service_sensor1_cb: msg_type 2
08-28 09:44:24.720  1880  2405 D sensors_hal_Time: time_service_sensor1_cb: Sn 24, msg Id 3, txn Id 0
08-28 09:44:24.721  1880  2405 D sensors_hal_Time: tsOffsetIs: Apps: 595675566738165; DSPS: 2339251482; Offset : 524287276897807 (diff 35573 @0)
08-28 09:44:44.724  1880  2405 D sensors_hal_Time: time_service_sensor1_cb: msg_type 2
08-28 09:44:44.724  1880  2405 D sensors_hal_Time: time_service_sensor1_cb: Sn 24, msg Id 3, txn Id 0
08-28 09:44:44.725  1880  2405 D sensors_hal_Time: tsOffsetIs: Apps: 595695570830709; DSPS: 2339906976; Offset : 524287276948939 (diff 36250 @0)
08-28 09:45:04.730  1880  2405 D sensors_hal_Time: time_service_sensor1_cb: msg_type 2
08-28 09:45:04.730  1880  2405 D sensors_hal_Time: time_service_sensor1_cb: Sn 24, msg Id 3, txn Id 0
08-28 09:45:04.730  1880  2405 D sensors_hal_Time: tsOffsetIs: Apps: 595715575055441; DSPS: 2340562474; Offset : 524287276995552 (diff 36615 @0)
08-28 09:45:10.033  1880  2023 I BatteryStatsImpl: writeLocked() sync : false
08-28 09:45:24.734  1880  2405 D sensors_hal_Time: time_service_sensor1_cb: msg_type 2
08-28 09:45:24.734  1880  2405 D sensors_hal_Time: time_service_sensor1_cb: Sn 24, msg Id 3, txn Id 0
08-28 09:45:24.734  1880  2405 D sensors_hal_Time: tsOffsetIs: Apps: 595735579847725; DSPS: 2341217991; Offset : 524287276914544 (diff 33594 @0)
08-28 09:45:29.788  1880  1880 I EntropyMixer: Writing entropy...
08-28 09:45:44.739  1880  2405 D sensors_hal_Time: time_service_sensor1_cb: msg_type 2
08-28 09:45:44.739  1880  2405 D sensors_hal_Time: time_service_sensor1_cb: Sn 24, msg Id 3, txn Id 0
08-28 09:45:44.740  1880  2405 D sensors_hal_Time: tsOffsetIs: Apps: 595755584886676; DSPS: 2341873517; Offset : 524287276962552 (diff 34687 @0)
08-28 09:46:04.743  1880  2405 D sensors_hal_Time: time_service_sensor1_cb: msg_type 2
08-28 09:46:04.743  1880  2405 D sensors_hal_Time: time_service_sensor1_cb: Sn 24, msg Id 3, txn Id 0
08-28 09:46:04.743  1880  2405 D sensors_hal_Time: tsOffsetIs: Apps: 595775589147189; DSPS: 2342529016; Offset : 524287276905471 (diff 32448 @0)
08-28 09:46:24.748  1880  2405 D sensors_hal_Time: time_service_sensor1_cb: msg_type 2
08-28 09:46:24.748  1880  2405 D sensors_hal_Time: time_service_sensor1_cb: Sn 24, msg Id 3, txn Id 0
08-28 09:46:24.748  1880  2405 D sensors_hal_Time: tsOffsetIs: Apps: 595795593935463; DSPS: 2343184533; Offset : 524287276984125 (diff 35521 @0)
08-28 09:46:29.174  1880  2473 D PowerManagerServiceAO: acquireWakeLockInternal: lock=48793820, flags=0x40000001, tag="*alarm*", ws=WorkSource{1000}, historyTag=*alarm*:android.intent.action.TIME_TICK, uid=1000, pid=1880
08-28 09:46:29.187  1880  2473 V AlarmManager: ELAPSED_WAKEUP set : Alarm{813bb4e tag *walarm*:X.08r.ACTION_INEXACT_ALARM.FBNS.com.facebook.katana type 2 when 595800000 com.facebook.katana} when 595800000
08-28 09:46:29.207  1880  2473 V AlarmManager: ELAPSED_WAKEUP set : Alarm{5fcd57c tag *walarm*:X.07A.ACTION_INEXACT_ALARM.MqttLite.com.facebook.orca type 2 when 595800000 com.facebook.orca} when 595800000
08-28 09:46:29.215  1880  2020 I ProcessStatsService: Prepared write state in 9ms
08-28 09:46:29.221  1880  2473 V AlarmManager: ELAPSED_WAKEUP set : Alarm{df05581 tag *walarm*:X.07A.ACTION_BACKUP_ALARM.MqttLite.com.facebook.orca type 2 when 595800000 com.facebook.orca} when 595800000
08-28 09:46:29.225  1880  2473 V AlarmManager: ELAPSED_WAKEUP set : Alarm{ccbc8bd tag *walarm*:X.097.ACTION_BACKUP_ALARM.FBNS.com.facebook.katana type 2 when 595800000 com.facebook.katana} when 595800000
08-28 09:46:29.226  1880  2473 V AlarmManager: ELAPSED_WAKEUP set : Alarm{91c3eb2 tag *walarm*:X.097.ACTION_INEXACT_ALARM.FBNS.com.facebook.katana type 2 when 595800000 com.facebook.katana} when 595800000
08-28 09:46:29.226  1880  2473 V AlarmManager: RTC_WAKEUP set : Alarm{bcd1e03 tag *walarm*:com.google.android.gms/.checkin.EventLogServiceReceiver type 0 when 1503902789152 com.google.android.gms} when 1503902789152
08-28 09:46:29.300  1880  1880 D PowerManagerServiceAO: releaseWakeLockInternal: lock=48793820 [*alarm*], flags=0x0
08-28 09:46:34.231  3102  3102 D UsbHostManagerService: intent receive : android.intent.action.BATTERY_CHANGED
08-28 09:46:34.232  3861  3861 W MainApplication: onReceive intent : Intent { act=android.intent.action.BATTERY_CHANGED flg=0x60000010 (has extras) }
08-28 09:46:44.752  1880  2405 D sensors_hal_Time: time_service_sensor1_cb: msg_type 2
08-28 09:46:44.753  1880  2405 D sensors_hal_Time: time_service_sensor1_cb: Sn 24, msg Id 3, txn Id 0
08-28 09:46:44.753  1880  2405 D sensors_hal_Time: tsOffsetIs: Apps: 595815598310351; DSPS: 2343840036; Offset : 524287276954037 (diff 34218 @0)
08-28 09:47:04.756  1880  2405 D sensors_hal_Time: time_service_sensor1_cb: msg_type 2
08-28 09:47:04.757  1880  2405 D sensors_hal_Time: time_service_sensor1_cb: Sn 24, msg Id 3, txn Id 0
08-28 09:47:04.757  1880  2405 D sensors_hal_Time: tsOffsetIs: Apps: 595835602694718; DSPS: 2344495540; Offset : 524287276945408 (diff 34479 @0)
08-28 09:47:08.497   542   926 I Atd     : [USB_M] ATD_USBSTATE_UNPLUG
08-28 09:47:08.498   542   542 I Atd     : void atd_process_event(atd_event_msg_s) received event (ATD_EVENT_USB_UNPLUG)
08-28 09:47:08.498   542   542 I Atd     : Receive USB disconnection event... stop threads
08-28 09:47:08.498   542   542 I Atd     : lge_diag_deinit: Do nothing!!
08-28 09:47:08.498   542   542 I Atd     : [TTY_DEINIT] lge_tty_deinit call ================
08-28 09:47:08.509   542   542 I Atd     : [TTY_DEINIT] fail count for get_internal_bit_clear() : 0
08-28 09:47:08.520   542   542 I Atd     : [TTY_DEINIT] fail count for get_internal_bit_clear() : 1
08-28 09:47:08.522  1880  1880 I NotificationServiceEx: LED remove() : mLights=-1|android|34406902|null|1000
08-28 09:47:08.522  1880  1880 D NotificationServiceEx: updateLightListLocked :r=-1|android|34406902|null|1000, action=2
08-28 09:47:08.522  1880  1880 D NotificationServiceEx: notification=Notification(pri=-1 contentView=null vibrate=default sound=null tick defaults=0x2 flags=0x2 color=0xff607d8b vis=PUBLIC)
08-28 09:47:08.522  1880  1880 I NotificationServiceEx: LED remove() : mLights=-1|android|17040406|null|1000
08-28 09:47:08.522  1880  1880 D NotificationServiceEx: updateLightListLocked :r=-1|android|17040406|null|1000, action=2
08-28 09:47:08.523  1880  1880 D NotificationServiceEx: notification=Notification(pri=-1 contentView=null vibrate=null sound=null tick defaults=0x0 flags=0x2 color=0xff607d8b vis=PUBLIC)
08-28 09:47:08.530   542   542 I Atd     : [TTY_DEINIT] fail count for get_internal_bit_clear() : 2
08-28 09:47:08.540   542   542 I Atd     : [TTY_DEINIT] fail count for get_internal_bit_clear() : 3
08-28 09:47:08.550   542   542 I Atd     : [TTY_DEINIT] fail count for get_internal_bit_clear() : 4
08-28 09:47:08.552 18009 18009 I PCSuite : [StartReceiver] USB DISCONNECTED ver UsbManger
08-28 09:47:08.555 18009 18009 D PCSuite : [ConnectionStatusManager][getConnectionType]0
08-28 09:47:08.556 18009 18009 D PCSuite : [ConnectionStatusManager][DisconnectionType]1
08-28 09:47:08.558 18009 18009 D PCSuite : [ConnectionStatusManager][DisconnectionType]connecttype = null
08-28 09:47:08.558 18009 18009 D PCSuite : [StartReceiver][checkEUTStatus] eutStatus = EUT_NONE
08-28 09:47:08.559 18009 18009 W ContextImpl: Calling a method in the system process without a qualified user: android.app.ContextImpl.stopService:1227 android.content.ContextWrapper.stopService:586 android.content.ContextWrapper.stopService:586 com.lge.sync.StartReceiver.onReceive:163 android.app.ActivityThread.handleReceiver:2743 
08-28 09:47:08.560 18009 18009 D PCSuite : [StartReceiver][LGSW]false, [OBEXSERVICE]false
08-28 09:47:08.560   542   542 I Atd     : [TTY_DEINIT] fail count for get_internal_bit_clear() : 5
08-28 09:47:08.560 18009 18009 I PCSuite : [ObexService]onDestroy()
08-28 09:47:08.560 18009 18009 I PCSuite : [ObexManager][stopService]
08-28 09:47:08.561 18009 18009 E PCSuite : [ObexManager][ReadThread]stopThread
08-28 09:47:08.563 18009 18009 V jni/jni_main.c: [PCSuite_JNI] : finalize.
08-28 09:47:08.563 18009 18009 V jni/jni_main.c: 
08-28 09:47:08.563 18009 18009 V jni/jni_main.c: [PCSuite_JNI] : write obex stop
08-28 09:47:08.563 18009 18009 V jni/jni_main.c: 
08-28 09:47:08.563 18009 18031 V jni/jni_main.c: [PCSuite_JNI] read navtive stream!!  
08-28 09:47:08.563 18009 18031 E PCSuite : [ObexManager][ReadThread]2. readThread KILL 
08-28 09:47:08.571   542   542 I Atd     : [TTY_DEINIT] fail count for get_internal_bit_clear() : 6
08-28 09:47:08.571 18009 18009 V jni/jni_main.c: [PCSuite_JNI] : unlink 
08-28 09:47:08.571 18009 18009 V jni/jni_main.c: 
08-28 09:47:08.571 18009 18009 I PCSuite : [ObexManager][stopUMS]
08-28 09:47:08.571 18009 18009 I PCSuite : [ObexManager][connection_destroy]
08-28 09:47:08.573  1880  3240 I ActivityManager: Start proc 29357:com.android.settings/1000 for broadcast com.android.settings/.deviceinfo.UsbSettingsReceiver
08-28 09:47:08.574 18009 18009 I PCSuite : [UsbConnection][destroyConnection]unregisterReceiver
08-28 09:47:08.574 18009 18009 D PCSuite : [ConnectionStatusManager][DisconnectionType]1
08-28 09:47:08.575 18009 18009 D PCSuite : [ConnectionStatusManager][DisconnectionType]connecttype = null
08-28 09:47:08.575 18009 18009 D PCSuite : [ConnectionStatusManager][DisconnectionType]2
08-28 09:47:08.575 18009 18009 D PCSuite : [ConnectionStatusManager][DisconnectionType]connecttype = null
08-28 09:47:08.580   542 18041 I Atd     : [ioctl] USB unpluged, but inputted data in ioctl_fn
08-28 09:47:08.581   542   542 I Atd     : [TTY_DEINIT] fail count for get_internal_bit_clear() : 7
08-28 09:47:08.584  1880  3189 V LGSettingsProvider: call_put(system:pcsuite_wifi_connection_status=0)  calling package = com.lge.sync  callingUserId : 0
08-28 09:47:08.585 18009 18009 I PCSuite : [ObexService][onDestroy]foregroundServiceReceiver Unregistered
08-28 09:47:08.585 18009 18009 W ContextImpl: Calling a method in the system process without a qualified user: android.app.ContextImpl.sendBroadcast:763 android.content.ContextWrapper.sendBroadcast:396 com.lge.sync.obex.ObexService.notifyObexServiceDestroy:482 com.lge.sync.obex.ObexService.onDestroy:182 android.app.ActivityThread.handleStopService:3058 
08-28 09:47:08.589 18009 18009 I PCSuite : [ObexService][stopForegroundService]
08-28 09:47:08.591   542   542 I Atd     : [TTY_DEINIT] fail count for get_internal_bit_clear() : 8
08-28 09:47:08.594 18009 18009 I PCSuite : [StartReceiver]com.lge.sync.obexservice.forceclose
08-28 09:47:08.594 18009 18009 D PCSuite : [StartReceiver][LGSW]false, [OBEXSERVICE]false
08-28 09:47:08.596  1880  3158 I ActivityManager: Killing 26923:com.facebook.appmanager/u0a107 (adj 15): empty for 11739s
08-28 09:47:08.601   542   542 I Atd     : [TTY_DEINIT] fail count for get_internal_bit_clear() : 9
08-28 09:47:08.611   542   542 I Atd     : [TTY_DEINIT] fail count for get_internal_bit_clear() : 10
08-28 09:47:08.617 29357 29357 W System  : ClassLoader referenced unknown path: /system/priv-app/LGSettings/lib/arm
08-28 09:47:08.621   542   542 I Atd     : [TTY_DEINIT] fail count for get_internal_bit_clear() : 11
08-28 09:47:08.632   542   542 I Atd     : [TTY_DEINIT] fail count for get_internal_bit_clear() : 12
08-28 09:47:08.642   542   542 I Atd     : [TTY_DEINIT] fail count for get_internal_bit_clear() : 13
08-28 09:47:08.650  1880  3230 D ActivityManager: cleanUpApplicationRecord -- 26923
08-28 09:47:08.652   542   542 I Atd     : [TTY_DEINIT] fail count for get_internal_bit_clear() : 14
08-28 09:47:08.660 29357 29357 W System  : ClassLoader referenced unknown path: /system/priv-app/LGBluetoothSetting/lib/arm
08-28 09:47:08.662   542   542 I Atd     : [TTY_DEINIT] fail count for get_internal_bit_clear() : 15
08-28 09:47:08.666 29357 29357 I IndexDatabaseHelper: Using schema version: 116
08-28 09:47:08.667 29357 29357 I IndexDatabaseHelper: Index is fine
08-28 09:47:08.672   542   542 I Atd     : [TTY_DEINIT] fail count for get_internal_bit_clear() : 16
08-28 09:47:08.681 29357 29357 D UsbSettingsReceiver: [AUTORUN] onReceive() : action = android.hardware.usb.action.USB_STATE
08-28 09:47:08.681 29357 29357 D UsbSettingsReceiver: [AUTORUN] sys.usb.config = mtp,adb
08-28 09:47:08.681 29357 29357 D UsbSettingsReceiver: [AUTORUN] sys.usb.state = mtp,adb
08-28 09:47:08.682 29357 29357 D UsbSettingsReceiver: [AUTORUN] persist.sys.usb.config = mtp,adb
08-28 09:47:08.682 29357 29357 D UsbSettingsReceiver: [AUTORUN] onReceive() : app userid = 0, current userid = 0
08-28 09:47:08.683   542   542 I Atd     : [TTY_DEINIT] fail count for get_internal_bit_clear() : 17
08-28 09:47:08.693   542   542 I Atd     : [TTY_DEINIT] fail count for get_internal_bit_clear() : 18
08-28 09:47:08.695 29357 29357 D UsbSettingsReceiver: [AUTORUN] onReceive() : getDefaultFunction = mtp
08-28 09:47:08.695 29357 29357 D UsbSettingsReceiver: [AUTORUN] onReceive() : USB_FUNCTION_CDROM_STORAGE = false
08-28 09:47:08.695 29357 29357 D UsbSettingsReceiver: [AUTORUN] onReceive() : mDirectAutorun = true
08-28 09:47:08.695 29357 29357 D UsbSettingsReceiver: [AUTORUN] onReceive() : mActivityUsbModeChange = false
08-28 09:47:08.695 29357 29357 D UsbSettingsReceiver: [AUTORUN] onReceive() : mActivityFinish = false
08-28 09:47:08.695 29357 29357 D UsbSettingsReceiver: [AUTORUN] onReceive() : ===== USB Disconnected =====
08-28 09:47:08.704   542   542 I Atd     : [TTY_DEINIT] fail count for get_internal_bit_clear() : 19
08-28 09:47:08.714   542   542 I Atd     : [TTY_DEINIT] lge_tty_deinit start ================
08-28 09:47:08.714 29357 29357 D UsbSettingsControl: [AUTORUN] setUsbConnected() : connected=false
08-28 09:47:08.717 29357 29357 D UsbSettingsReceiver: [AUTORUN] setUsbDisconnect() : deviceProvisioned=1
08-28 09:47:08.719 29357 29357 D UsbSettingsControl: [AUTORUN] getTetherStatus() : status=false
08-28 09:47:08.721  1880  1880 V NotificationService: pkg=android canInterrupt=false intercept=true
