08-28 05:06:45.009  1880  2473 V AlarmManager: ELAPSED_WAKEUP set : Alarm{8ac794 tag *walarm*:android.content.syncmanager.SYNC_ALARM type 2 when 579015848 android} when 579015848
08-28 05:06:45.102  1880  1880 D PowerManagerServiceAO: releaseWakeLockInternal: lock=48793820 [*alarm*], flags=0x0
08-28 05:10:46.151  1880  2473 V AlarmManager: ELAPSED_WAKEUP set : Alarm{aa65419 tag *walarm*:X.2Z3.ACTION_ALARM.com.facebook.katana type 2 when 579256988 com.facebook.katana} when 579256988
08-28 05:15:10.023  1880  2023 I BatteryStatsImpl: writeLocked() sync : false
08-28 05:16:29.174  1880  2473 D PowerManagerServiceAO: acquireWakeLockInternal: lock=48793820, flags=0x40000001, tag="*alarm*", ws=WorkSource{1000}, historyTag=*alarm*:android.intent.action.TIME_TICK, uid=1000, pid=1880
08-28 05:16:29.184  1880  2473 V AlarmManager: RTC_WAKEUP set : Alarm{f7afb16 tag *walarm*:com.google.android.gms/.checkin.EventLogServiceReceiver type 0 when 1503886589152 com.google.android.gms} when 1503886589152
08-28 05:16:29.185  1880  2473 V AlarmManager: ELAPSED_WAKEUP set : Alarm{8e1cc97 tag *walarm*:X.097.ACTION_INEXACT_ALARM.FBNS.com.facebook.katana type 2 when 579600000 com.facebook.katana} when 579600000
08-28 05:16:29.189  1880  2473 V AlarmManager: ELAPSED_WAKEUP set : Alarm{319d66d tag *walarm*:X.07A.ACTION_INEXACT_ALARM.MqttLite.com.facebook.orca type 2 when 579600000 com.facebook.orca} when 579600000
08-28 05:16:29.191  1880  2473 V AlarmManager: ELAPSED_WAKEUP set : Alarm{6a3b2a2 tag *walarm*:X.097.ACTION_BACKUP_ALARM.FBNS.com.facebook.katana type 2 when 579600000 com.facebook.katana} when 579600000
08-28 05:16:29.197  1880  2473 V AlarmManager: ELAPSED_WAKEUP set : Alarm{f6c9b33 tag *walarm*:X.08r.ACTION_INEXACT_ALARM.FBNS.com.facebook.katana type 2 when 579600000 com.facebook.katana} when 579600000
08-28 05:16:29.200  1880  2473 V AlarmManager: ELAPSED_WAKEUP set : Alarm{8ae56ee tag *walarm*:X.07A.ACTION_BACKUP_ALARM.MqttLite.com.facebook.orca type 2 when 579600000 com.facebook.orca} when 579600000
08-28 05:16:29.288  1880  1880 D PowerManagerServiceAO: releaseWakeLockInternal: lock=48793820 [*alarm*], flags=0x0
08-28 05:16:34.231  3102  3102 D UsbHostManagerService: intent receive : android.intent.action.BATTERY_CHANGED
08-28 05:18:26.118  1880  2473 V AlarmManager: ELAPSED_WAKEUP set : Alarm{3cfa27f tag *walarm*:CONTEXT_MANAGER_ALARM_WAKEUP_49886 type 2 when 579716952 com.google.android.gms} when 579716952
08-28 05:28:42.671  1880  3282 I ActivityManager: Start proc 26491:com.google.android.gms.ui/u0a10 for service com.google.android.gms/.chimera.UiIntentOperationService
08-28 05:28:42.914  1880  2020 I ActivityManager: Start proc 26519:com.google.android.instantapps.supervisor/u0a127 for broadcast com.google.android.instantapps.supervisor/.ExperimentUpdateReceiver
08-28 05:28:43.088  1880  2473 D PowerManagerServiceAO: acquireWakeLockInternal: lock=48793820, flags=0x40000001, tag="*alarm*", ws=WorkSource{1000}, historyTag=*alarm*:android.intent.action.TIME_TICK, uid=1000, pid=1880
08-28 05:28:43.089  1880  2473 V AlarmManager: ELAPSED_WAKEUP set : Alarm{4b62f3c tag *walarm*:run_background_task9 type 2 when 580333894 com.google.android.googlequicksearchbox} when 580333894
08-28 05:28:43.186  1880  1880 D PowerManagerServiceAO: releaseWakeLockInternal: lock=48793820 [*alarm*], flags=0x0
08-28 05:28:50.434  1880  3282 I ActivityManager: Killing 24928:com.lge.ia.task.smartsetting/u0a72 (adj 15): empty for 8780s
08-28 05:28:50.470  1880  3226 D ActivityManager: cleanUpApplicationRecord -- 24928
08-28 05:28:52.982  1880  3261 I ActivityManager: Killing 24968:com.google.android.gms.unstable/u0a10 (adj 15): empty for 8637s
08-28 05:28:53.031  1880  1990 D ActivityManager: cleanUpApplicationRecord -- 24968
08-28 05:29:13.319  1880  2473 D PowerManagerServiceAO: acquireWakeLockInternal: lock=48793820, flags=0x40000001, tag="*alarm*", ws=WorkSource{1000}, historyTag=*alarm*:android.intent.action.TIME_TICK, uid=1000, pid=1880
08-28 05:29:13.323  1880  2473 V AlarmManager: ELAPSED_WAKEUP set : Alarm{813dd2a tag *walarm*:com.google.android.gms.gcm.ACTION_CHECK_QUEUE type 2 when 580364161 com.google.android.gms} when 580364161
08-28 05:29:13.435  1880  1880 D PowerManagerServiceAO: releaseWakeLockInternal: lock=48793820 [*alarm*], flags=0x0
08-28 05:31:29.170  1880  2473 D PowerManagerServiceAO: acquireWakeLockInternal: lock=48793820, flags=0x40000001, tag="*alarm*", ws=WorkSource{1000}, historyTag=*alarm*:android.intent.action.TIME_TICK, uid=1000, pid=1880
08-28 05:31:29.176  1880  2473 V AlarmManager: ELAPSED_WAKEUP set : Alarm{60419f7 tag *walarm*:X.097.ACTION_BACKUP_ALARM.FBNS.com.facebook.katana type 2 when 580500000 com.facebook.katana} when 580500000
08-28 05:31:29.178  1880  2473 V AlarmManager: ELAPSED_WAKEUP set : Alarm{bb28064 tag *walarm*:X.097.ACTION_INEXACT_ALARM.FBNS.com.facebook.katana type 2 when 580500000 com.facebook.katana} when 580500000
08-28 05:31:29.180  1880  2473 V AlarmManager: ELAPSED_WAKEUP set : Alarm{f7752cd tag *walarm*:X.07A.ACTION_INEXACT_ALARM.MqttLite.com.facebook.orca type 2 when 580500000 com.facebook.orca} when 580500000
08-28 05:31:29.186  1880  2473 V AlarmManager: ELAPSED_WAKEUP set : Alarm{896e782 tag *walarm*:X.08r.ACTION_INEXACT_ALARM.FBNS.com.facebook.katana type 2 when 580500000 com.facebook.katana} when 580500000
08-28 05:31:29.188  1880  2473 V AlarmManager: ELAPSED_WAKEUP set : Alarm{3565e93 tag *walarm*:X.07A.ACTION_BACKUP_ALARM.MqttLite.com.facebook.orca type 2 when 580500000 com.facebook.orca} when 580500000
08-28 05:31:29.283  1880  1880 D PowerManagerServiceAO: releaseWakeLockInternal: lock=48793820 [*alarm*], flags=0x0
08-28 05:31:44.468  1880  2020 I ProcessStatsService: Prepared write state in 13ms
08-28 05:31:44.476  1880  2020 I ProcessStatsService: Prepared write state in 7ms
08-28 05:31:44.500  1880  2018 I ProcessStatsService: Pruning old procstats: /data/system/procstats/state-2017-08-27-01-46-29.bin
08-28 05:36:34.226  3102  3102 D UsbHostManagerService: intent receive : android.intent.action.BATTERY_CHANGED
08-28 05:45:10.023  1880  2023 I BatteryStatsImpl: writeLocked() sync : false
08-28 05:45:45.429  1880  2018 V NetworkPolicy: [LGE_DATA][onAppIdleStateChanged] uid: 1000, packageName: com.hy.system.fontserver, userId: 0, idle: false
08-28 05:45:45.430  1880  2018 V NetworkPolicy: [LGE_DATA][onAppIdleStateChanged] uid: 1000, packageName: com.android.LGSetupWizard, userId: 0, idle: false
08-28 05:45:45.430  1880  2018 V NetworkPolicy: [LGE_DATA][onAppIdleStateChanged] uid: 10058, packageName: com.lge.videotool, userId: 0, idle: false
08-28 05:45:45.435  1880  2018 V NetworkPolicy: [LGE_DATA][onAppIdleStateChanged] uid: 10124, packageName: com.google.android.youtube, userId: 0, idle: false
08-28 05:45:45.439  1880  2018 V NetworkPolicy: [LGE_DATA][onAppIdleStateChanged] uid: 10063, packageName: com.lge.sizechangable.weather.platform, userId: 0, idle: false
08-28 05:45:45.445  1880  2018 V NetworkPolicy: [LGE_DATA][onAppIdleStateChanged] uid: 1001, packageName: com.android.providers.telephony, userId: 0, idle: false
08-28 05:45:45.445  1880  2018 V NetworkPolicy: [LGE_DATA][onAppIdleStateChanged] uid: 10081, packageName: com.google.android.googlequicksearchbox, userId: 0, idle: false
08-28 05:45:45.452  1880  2018 V NetworkPolicy: [LGE_DATA][onAppIdleStateChanged] uid: 10020, packageName: com.android.providers.calendar, userId: 0, idle: false
08-28 05:45:45.457  1880  2018 V NetworkPolicy: [LGE_DATA][onAppIdleStateChanged] uid: 10026, packageName: com.android.providers.media, userId: 0, idle: false
08-28 05:45:45.462  1880  2018 V NetworkPolicy: [LGE_DATA][onAppIdleStateChanged] uid: 10095, packageName: com.google.android.apps.docs.editors.docs, userId: 0, idle: false
08-28 05:45:45.467  1880  2018 V NetworkPolicy: [LGE_DATA][onAppIdleStateChanged] uid: 1000, packageName: com.lge.systemservice, userId: 0, idle: false
08-28 05:45:45.468  1880  2018 V NetworkPolicy: [LGE_DATA][onAppIdleStateChanged] uid: 10013, packageName: com.google.android.onetimeinitializer, userId: 0, idle: false
08-28 05:45:45.473  1880  2018 V NetworkPolicy: [LGE_DATA][onAppIdleStateChanged] uid: 10120, packageName: com.qualcomm.shutdownlistner, userId: 0, idle: false
08-28 05:45:45.477  1880  2018 V NetworkPolicy: [LGE_DATA][onAppIdleStateChanged] uid: 10078, packageName: com.android.wallpapercropper, userId: 0, idle: false
08-28 05:45:45.481  1880  2018 V NetworkPolicy: [LGE_DATA][onAppIdleStateChanged] uid: 1000, packageName: com.quicinc.cne.CNEService, userId: 0, idle: false
08-28 05:45:45.481  1880  2018 V NetworkPolicy: [LGE_DATA][onAppIdleStateChanged] uid: 2901, packageName: com.lge.appbox.client, userId: 0, idle: false
08-28 05:45:45.482  1880  2018 V NetworkPolicy: [LGE_DATA][onAppIdleStateChanged] uid: 1000, packageName: com.lge.turkhiddenmenu, userId: 0, idle: false
08-28 05:45:45.482  1880  2018 V NetworkPolicy: [LGE_DATA][onAppIdleStateChanged] uid: 10057, packageName: com.lge.vrplayer, userId: 0, idle: false
08-28 05:45:45.487  1880  2018 V NetworkPolicy: [LGE_DATA][onAppIdleStateChanged] uid: 10034, packageName: com.lge.formmanager, userId: 0, idle: false
08-28 05:45:45.491  1880  2018 V NetworkPolicy: [LGE_DATA][onAppIdleStateChanged] uid: 1000, packageName: com.lge.lgdmsclient, userId: 0, idle: false
08-28 05:45:45.492  1880  2018 V NetworkPolicy: [LGE_DATA][onAppIdleStateChanged] uid: 2902, packageName: org.simalliance.openmobileapi.service, userId: 0, idle: false
08-28 05:45:45.492  1880  2018 V NetworkPolicy: [LGE_DATA][onAppIdleStateChanged] uid: 10087, packageName: com.android.documentsui, userId: 0, idle: false
08-28 05:45:45.496  1880  2018 V NetworkPolicy: [LGE_DATA][onAppIdleStateChanged] uid: 10008, packageName: com.android.externalstorage, userId: 0, idle: false
08-28 05:45:45.500  1880  2018 V NetworkPolicy: [LGE_DATA][onAppIdleStateChanged] uid: 1000, packageName: com.lge.android.atservice, userId: 0, idle: false
08-28 05:45:45.501  1880  2018 V NetworkPolicy: [LGE_DATA][onAppIdleStateChanged] uid: 10099, packageName: com.android.htmlviewer, userId: 0, idle: false
08-28 05:45:45.507  1880  2018 V NetworkPolicy: [LGE_DATA][onAppIdleStateChanged] uid: 1000, packageName: com.lge.wfd.spmirroring.source, userId: 0, idle: false
08-28 05:45:45.507  1880  2018 V NetworkPolicy: [LGE_DATA][onAppIdleStateChanged] uid: 10125, packageName: com.whatsapp, userId: 0, idle: false
08-28 05:45:45.512  1880  2018 V NetworkPolicy: [LGE_DATA][onAppIdleStateChanged] uid: 10079, packageName: com.lge.app.floating.res, userId: 0, idle: false
08-28 05:45:45.517  1880  2018 V NetworkPolicy: [LGE_DATA][onAppIdleStateChanged] uid: 10006, packageName: com.lge.cloudhub, userId: 0, idle: false
08-28 05:45:45.524  1880  2018 V NetworkPolicy: [LGE_DATA][onAppIdleStateChanged] uid: 1001, packageName: com.android.mms.service, userId: 0, idle: false
08-28 05:45:45.524  1880  2018 V NetworkPolicy: [LGE_DATA][onAppIdleStateChanged] uid: 2903, packageName: com.lge.remote.lgairdrive, userId: 0, idle: false
08-28 05:45:45.525  1880  2018 V NetworkPolicy: [LGE_DATA][onAppIdleStateChanged] uid: 10096, packageName: com.google.android.apps.docs.editors.sheets, userId: 0, idle: false
08-28 05:45:45.530  1880  2018 V NetworkPolicy: [LGE_DATA][onAppIdleStateChanged] uid: 10000, packageName: com.lge.sui.widget, userId: 0, idle: false
08-28 05:45:45.536  1880  2018 V NetworkPolicy: [LGE_DATA][onAppIdleStateChanged] uid: 10101, packageName: com.google.android.apps.docs.editors.slides, userId: 0, idle: false
08-28 05:45:45.542  1880  2018 V NetworkPolicy: [LGE_DATA][onAppIdleStateChanged] uid: 10026, packageName: com.android.providers.downloads, userId: 0, idle: false
08-28 05:45:45.548  1880  2018 V NetworkPolicy: [LGE_DATA][onAppIdleStateChanged] uid: 10023, packageName: com.lge.camera, userId: 0, idle: false
08-28 05:45:45.554  1880  2018 V NetworkPolicy: [LGE_DATA][onAppIdleStateChanged] uid: 1000, packageName: com.lge.touchcontrol, userId: 0, idle: false
08-28 05:45:45.555  1880  2018 V NetworkPolicy: [LGE_DATA][onAppIdleStateChanged] uid: 1000, packageName: com.lge.eltest, userId: 0, idle: false
08-28 05:45:45.555  1880  2018 V NetworkPolicy: [LGE_DATA][onAppIdleStateChanged] uid: 10052, packageName: com.lge.LGSetupView, userId: 0, idle: false
08-28 05:45:45.561  1880  2018 V NetworkPolicy: [LGE_DATA][onAppIdleStateChanged] uid: 1000, packageName: com.lge.homeselector, userId: 0, idle: false
08-28 05:45:45.561  1880  2018 V NetworkPolicy: [LGE_DATA][onAppIdleStateChanged] uid: 1000, packageName: com.lge.springcleaning, userId: 0, idle: false
08-28 05:45:45.561  1880  2018 V NetworkPolicy: [LGE_DATA][onAppIdleStateChanged] uid: 1000, packageName: com.crucialtec.uaf, userId: 0, idle: false
08-28 05:45:45.561  1880  2018 V NetworkPolicy: [LGE_DATA][onAppIdleStateChanged] uid: 10113, packageName: com.qualcomm.qti.telephonyservice, userId: 0, idle: false
08-28 05:45:45.566  1880  2018 V NetworkPolicy: [LGE_DATA][onAppIdleStateChanged] uid: 1000, packageName: com.lge.gnsstest, userId: 0, idle: false
08-28 05:45:45.567  1880  2018 V NetworkPolicy: [LGE_DATA][onAppIdleStateChanged] uid: 10033, packageName: com.lge.fmradio, userId: 0, idle: false
08-28 05:45:45.570  1880  2018 V NetworkPolicy: [LGE_DATA][onAppIdleStateChanged] uid: 10109, packageName: com.lge.miniclock.font.default, userId: 0, idle: false
08-28 05:45:45.574  1880  2018 V NetworkPolicy: [LGE_DATA][onAppIdleStateChanged] uid: 10003, packageName: com.google.android.configupdater, userId: 0, idle: false
08-28 05:45:45.577  1880  2018 V NetworkPolicy: [LGE_DATA][onAppIdleStateChanged] uid: 10050, packageName: com.lge.lifetracker, userId: 0, idle: false
08-28 05:45:45.580  1880  2018 V NetworkPolicy: [LGE_DATA][onAppIdleStateChanged] uid: 10114, packageName: com.lge.smartshare.provider, userId: 0, idle: false
08-28 05:45:45.583  1880  2018 V NetworkPolicy: [LGE_DATA][onAppIdleStateChanged] uid: 10094, packageName: com.crucialsoft.fido.client, userId: 0, idle: false
08-28 05:45:45.586  1880  2018 V NetworkPolicy: [LGE_DATA][onAppIdleStateChanged] uid: 10131, packageName: com.nine.mobile, userId: 0, idle: false
08-28 05:45:45.589  1880  2018 V NetworkPolicy: [LGE_DATA][onAppIdleStateChanged] uid: 10005, packageName: com.android.defcontainer, userId: 0, idle: false
08-28 05:45:45.591  1880  2018 V NetworkPolicy: [LGE_DATA][onAppIdleStateChanged] uid: 10026, packageName: com.android.providers.downloads.ui, userId: 0, idle: false
08-28 05:45:45.596  1880  2018 V NetworkPolicy: [LGE_DATA][onAppIdleStateChanged] uid: 10080, packageName: com.android.vending, userId: 0, idle: false
08-28 05:45:45.596  1880  2018 V NetworkPolicy: [LGE_DATA][onAppIdleStateChanged] uid: 10110, packageName: com.android.pacprocessor, userId: 0, idle: false
08-28 05:45:45.598  1880  2018 V NetworkPolicy: [LGE_DATA][onAppIdleStateChanged] uid: 1000, packageName: com.qualcomm.cabl, userId: 0, idle: false
08-28 05:45:45.598  1880  2018 V NetworkPolicy: [LGE_DATA][onAppIdleStateChanged] uid: 1000, packageName: com.lge.myplace.engine, userId: 0, idle: false
08-28 05:45:45.598  1880  2018 V NetworkPolicy: [LGE_DATA][onAppIdleStateChanged] uid: 1000, packageName: com.lge.shutdownmonitor, userId: 0, idle: false
08-28 05:45:45.598  1880  2018 V NetworkPolicy: [LGE_DATA][onAppIdleStateChanged] uid: 10119, packageName: com.lge.videoeditorres, userId: 0, idle: false
08-28 05:45:45.602  1880  2018 V NetworkPolicy: [LGE_DATA][onAppIdleStateChanged] uid: 10086, packageName: com.android.certinstaller, userId: 0, idle: false
08-28 05:45:45.606  1880  2018 V NetworkPolicy: [LGE_DATA][onAppIdleStateChanged] uid: 10004, packageName: com.android.carrierconfig, userId: 0, idle: false
08-28 05:45:45.608  1880  2018 V NetworkPolicy: [LGE_DATA][onAppIdleStateChanged] uid: 10122, packageName: com.google.android.marvin.talkback, userId: 0, idle: false
08-28 05:45:45.612  1880  2018 V NetworkPolicy: [LGE_DATA][onAppIdleStateChanged] uid: 10039, packageName: com.lge.launcher2.theme.optimus, userId: 0, idle: false
08-28 05:45:45.615  1880  2018 V NetworkPolicy: [LGE_DATA][onAppIdleStateChanged] uid: 1000, packageName: com.android.settingsaccessibility, userId: 0, idle: false
08-28 05:45:45.616  1880  2018 V NetworkPolicy: [LGE_DATA][onAppIdleStateChanged] uid: 1000, packageName: android, userId: 0, idle: false
08-28 05:45:45.616  1880  2018 V NetworkPolicy: [LGE_DATA][onAppIdleStateChanged] uid: 10030, packageName: com.android.contacts, userId: 0, idle: false
08-28 05:45:45.619  1880  2018 V NetworkPolicy: [LGE_DATA][onAppIdleStateChanged] uid: 1000, packageName: com.qualcomm.wfd.service, userId: 0, idle: false
08-28 05:45:45.619  1880  2018 V NetworkPolicy: [LGE_DATA][onAppIdleStateChanged] uid: 2903, packageName: com.lge.smartshare, userId: 0, idle: false
08-28 05:45:45.619  1880  2018 V NetworkPolicy: [LGE_DATA][onAppIdleStateChanged] uid: 1000, packageName: com.lge.lockscreensettings, userId: 0, idle: false
08-28 05:45:45.619  1880  2018 V NetworkPolicy: [LGE_DATA][onAppIdleStateChanged] uid: 10066, packageName: com.lge.lockscreen.livewallpaper.cat, userId: 0, idle: false
08-28 05:45:45.624  1880  2018 V NetworkPolicy: [LGE_DATA][onAppIdleStateChanged] uid: 2901, packageName: com.lge.gallery.vr.wallpaper, userId: 0, idle: false
08-28 05:45:45.624  1880  2018 V NetworkPolicy: [LGE_DATA][onAppIdleStateChanged] uid: 1000, packageName: com.qualcomm.qti.GBAHttpAuthentication.auth, userId: 0, idle: false
08-28 05:45:45.624  1880  2018 V NetworkPolicy: [LGE_DATA][onAppIdleStateChanged] uid: 2901, packageName: com.lge.ia.task.incalagent, userId: 0, idle: false
08-28 05:45:45.624  1880  2018 V NetworkPolicy: [LGE_DATA][onAppIdleStateChanged] uid: 10016, packageName: com.android.hotwordenrollment, userId: 0, idle: false
08-28 05:45:45.628  1880  2018 V NetworkPolicy: [LGE_DATA][onAppIdleStateChanged] uid: 10048, packageName: com.android.mms, userId: 0, idle: false
08-28 05:45:45.628  1880  2018 V NetworkPolicy: [LGE_DATA][onAppIdleStateChanged] uid: 1027, packageName: com.android.nfc, userId: 0, idle: false
08-28 05:45:45.628  1880  2018 V NetworkPolicy: [LGE_DATA][onAppIdleStateChanged] uid: 1001, packageName: com.android.stk, userId: 0, idle: false
08-28 05:45:45.628  1880  2018 V NetworkPolicy: [LGE_DATA][onAppIdleStateChanged] uid: 10002, packageName: com.android.backupconfirm, userId: 0, idle: false
08-28 05:45:45.632  1880  2018 V NetworkPolicy: [LGE_DATA][onAppIdleStateChanged] uid: 10092, packageName: com.instagram.android, userId: 0, idle: false
08-28 05:45:45.636  1880  2018 V NetworkPolicy: [LGE_DATA][onAppIdleStateChanged] uid: 10038, packageName: com.lge.iftttmanager, userId: 0, idle: false
08-28 05:45:45.638  1880  2018 V NetworkPolicy: [LGE_DATA][onAppIdleStateChanged] uid: 2905, packageName: com.lge.exchange, userId: 0, idle: false
08-28 05:45:45.638  1880  2018 V NetworkPolicy: [LGE_DATA][onAppIdleStateChanged] uid: 2901, packageName: com.lge.wapservice, userId: 0, idle: false
08-28 05:45:45.639  1880  2018 V NetworkPolicy: [LGE_DATA][onAppIdleStateChanged] uid: 10073, packageName: com.android.statementservice, userId: 0, idle: false
08-28 05:45:46.340  1880  2018 V NetworkPolicy: [LGE_DATA][onAppIdleStateChanged] uid: 10067, packageName: com.lge.lockscreen.livewallpaper.kaleidoscope, userId: 0, idle: false
08-28 05:45:46.342  1880  2018 V NetworkPolicy: [LGE_DATA][onAppIdleStateChanged] uid: 10017, packageName: com.lge.mrg.service, userId: 0, idle: false
08-28 05:45:46.345  1880  2018 V NetworkPolicy: [LGE_DATA][onAppIdleStateChanged] uid: 10105, packageName: com.google.android.gm, userId: 0, idle: false
08-28 05:45:46.347  1880  2018 V NetworkPolicy: [LGE_DATA][onAppIdleStateChanged] uid: 10022, packageName: com.android.calendar, userId: 0, idle: false
08-28 05:45:46.349  1880  2018 V NetworkPolicy: [LGE_DATA][onAppIdleStateChanged] uid: 10072, packageName: com.lge.ia.task.smartsetting, userId: 0, idle: false
08-28 05:45:46.351  1880  2018 V NetworkPolicy: [LGE_DATA][onAppIdleStateChanged] uid: 1000, packageName: com.lge.smartconfig, userId: 0, idle: false
08-28 05:45:46.351  1880  2018 V NetworkPolicy: [LGE_DATA][onAppIdleStateChanged] uid: 10127, packageName: com.google.android.instantapps.supervisor, userId: 0, idle: false
08-28 05:45:46.354  1880  2018 V NetworkPolicy: [LGE_DATA][onAppIdleStateChanged] uid: 10043, packageName: com.lge.lgmapui, userId: 0, idle: false
08-28 05:45:46.356  1880  2018 V NetworkPolicy: [LGE_DATA][onAppIdleStateChanged] uid: 10054, packageName: com.lge.lgworld, userId: 0, idle: false
08-28 05:45:46.358  1880  2018 V NetworkPolicy: [LGE_DATA][onAppIdleStateChanged] uid: 1000, packageName: com.qualcomm.qti.auth.secureextauthservice, userId: 0, idle: false
08-28 05:45:46.358  1880  2018 V NetworkPolicy: [LGE_DATA][onAppIdleStateChanged] uid: 10075, packageName: com.google.android.setupwizard, userId: 0, idle: false
08-28 05:45:46.360  1880  2018 V NetworkPolicy: [LGE_DATA][onAppIdleStateChanged] uid: 1001, packageName: com.qualcomm.qcrilmsgtunnel, userId: 0, idle: false
08-28 05:45:46.360  1880  2018 V NetworkPolicy: [LGE_DATA][onAppIdleStateChanged] uid: 1000, packageName: com.android.providers.settings, userId: 0, idle: false
08-28 05:45:46.360  1880  2018 V NetworkPolicy: [LGE_DATA][onAppIdleStateChanged] uid: 10071, packageName: com.android.sharedstoragebackup, userId: 0, idle: false
08-28 05:45:46.363  1880  2018 V NetworkPolicy: [LGE_DATA][onAppIdleStateChanged] uid: 10117, packageName: com.google.android.music, userId: 0, idle: false
08-28 05:45:46.367  1880  2018 V NetworkPolicy: [LGE_DATA][onAppIdleStateChanged] uid: 10112, packageName: com.android.printspooler, userId: 0, idle: false
08-28 05:45:46.370  1880  2018 V NetworkPolicy: [LGE_DATA][onAppIdleStateChanged] uid: 1000, packageName: com.uei.lg.quicksetsdk.irblaster, userId: 0, idle: false
08-28 05:45:46.370  1880  2018 V NetworkPolicy: [LGE_DATA][onAppIdleStateChanged] uid: 10147, packageName: com.skysofttech.conferencemanager, userId: 0, idle: false
08-28 05:45:46.373  1880  2018 V NetworkPolicy: [LGE_DATA][onAppIdleStateChanged] uid: 1000, packageName: com.ti.server, userId: 0, idle: false
08-28 05:45:46.373  1880  2018 V NetworkPolicy: [LGE_DATA][onAppIdleStateChanged] uid: 10011, packageName: com.lge.gmstimezone, userId: 0, idle: false
08-28 05:45:46.376  1880  2018 V NetworkPolicy: [LGE_DATA][onAppIdleStateChanged] uid: 1001, packageName: com.android.incallui, userId: 0, idle: false
08-28 05:45:46.376  1880  2018 V NetworkPolicy: [LGE_DATA][onAppIdleStateChanged] uid: 10121, packageName: com.android.frameworks.telresources, userId: 0, idle: false
08-28 05:45:46.378  1880  2018 V NetworkPolicy: [LGE_DATA][onAppIdleStateChanged] uid: 1000, packageName: com.lge.wfds.service.v3, userId: 0, idle: false
08-28 05:45:46.378  1880  2018 V NetworkPolicy: [LGE_DATA][onAppIdleStateChanged] uid: 10088, packageName: com.lge.drive.activator, userId: 0, idle: false
08-28 05:45:46.381  1880  2018 V NetworkPolicy: [LGE_DATA][onAppIdleStateChanged] uid: 1000, packageName: com.lge.gnsspostest, userId: 0, idle: false
08-28 05:45:46.381  1880  2018 V NetworkPolicy: [LGE_DATA][onAppIdleStateChanged] uid: 1000, packageName: com.android.inputdevices, userId: 0, idle: false
08-28 05:45:46.381  1880  2018 V NetworkPolicy: [LGE_DATA][onAppIdleStateChanged] uid: 1001, packageName: com.lge.gba.android, userId: 0, idle: false
08-28 05:45:46.381  1880  2018 V NetworkPolicy: [LGE_DATA][onAppIdleStateChanged] uid: 10077, packageName: com.lge.eula, userId: 0, idle: false
08-28 05:45:46.384  1880  2018 V NetworkPolicy: [LGE_DATA][onAppIdleStateChanged] uid: 1000, packageName: com.lge.gcuv, userId: 0, idle: false
08-28 05:45:46.384  1880  2018 V NetworkPolicy: [LGE_DATA][onAppIdleStateChanged] uid: 1000, packageName: com.lge.sync, userId: 0, idle: false
08-28 05:45:46.384  1880  2018 V NetworkPolicy: [LGE_DATA][onAppIdleStateChanged] uid: 10055, packageName: com.lge.task, userId: 0, idle: false
08-28 05:45:46.387  1880  2018 V NetworkPolicy: [LGE_DATA][onAppIdleStateChanged] uid: 10024, packageName: com.lge.concierge, userId: 0, idle: false
08-28 05:45:46.390  1880  2018 V NetworkPolicy: [LGE_DATA][onAppIdleStateChanged] uid: 10089, packageName: com.google.android.apps.docs, userId: 0, idle: false
08-28 05:45:46.393  1880  2018 V NetworkPolicy: [LGE_DATA][onAppIdleStateChanged] uid: 10116, packageName: com.google.android.apps.maps, userId: 0, idle: false
08-28 05:45:46.396  1880  2018 V NetworkPolicy: [LGE_DATA][onAppIdleStateChanged] uid: 10062, packageName: com.lge.sizechangable.weather.theme.optimus, userId: 0, idle: false
08-28 05:45:46.399  1880  2018 V NetworkPolicy: [LGE_DATA][onAppIdleStateChanged] uid: 10049, packageName: com.lge.qremote, userId: 0, idle: false
08-28 05:45:46.402  1880  2018 V NetworkPolicy: [LGE_DATA][onAppIdleStateChanged] uid: 10035, packageName: com.lge.gestureanswering, userId: 0, idle: false
08-28 05:45:46.406  1880  2018 V NetworkPolicy: [LGE_DATA][onAppIdleStateChanged] uid: 2901, packageName: com.android.cellbroadcastreceiver, userId: 0, idle: false
08-28 05:45:46.406  1880  2018 V NetworkPolicy: [LGE_DATA][onAppIdleStateChanged] uid: 10115, packageName: com.google.android.webview, userId: 0, idle: false
08-28 05:45:46.408  1880  2018 V NetworkPolicy: [LGE_DATA][onAppIdleStateChanged] uid: 10041, packageName: com.lge.launcher3, userId: 0, idle: false
08-28 05:45:46.411  1880  2018 V NetworkPolicy: [LGE_DATA][onAppIdleStateChanged] uid: 1002, packageName: com.lge.musicshare, userId: 0, idle: false
08-28 05:45:46.411  1880  2018 V NetworkPolicy: [LGE_DATA][onAppIdleStateChanged] uid: 1001, packageName: com.android.server.telecom, userId: 0, idle: false
08-28 05:45:46.411  1880  2018 V NetworkPolicy: [LGE_DATA][onAppIdleStateChanged] uid: 10097, packageName: com.google.android.syncadapters.contacts, userId: 0, idle: false
08-28 05:45:46.414  1880  2018 V NetworkPolicy: [LGE_DATA][onAppIdleStateChanged] uid: 1000, packageName: com.lge.vragent, userId: 0, idle: false
08-28 05:45:46.415  1880  2018 V NetworkPolicy: [LGE_DATA][onAppIdleStateChanged] uid: 1000, packageName: com.lge.systemupdater, userId: 0, idle: false
08-28 05:45:46.415  1880  2018 V NetworkPolicy: [LGE_DATA][onAppIdleStateChanged] uid: 10090, packageName: com.android.facelock, userId: 0, idle: false
08-28 05:45:46.417  1880  2018 V NetworkPolicy: [LGE_DATA][onAppIdleStateChanged] uid: 1000, packageName: com.android.keychain, userId: 0, idle: false
08-28 05:45:46.417  1880  2018 V NetworkPolicy: [LGE_DATA][onAppIdleStateChanged] uid: 10091, packageName: com.android.chrome, userId: 0, idle: false
08-28 05:45:46.420  1880  2018 V NetworkPolicy: [LGE_DATA][onAppIdleStateChanged] uid: 10040, packageName: com.android.gallery3d, userId: 0, idle: false
08-28 05:45:46.425  1880  2018 V NetworkPolicy: [LGE_DATA][onAppIdleStateChanged] uid: 10015, packageName: com.google.android.packageinstaller, userId: 0, idle: false
08-28 05:45:46.428  1880  2018 V NetworkPolicy: [LGE_DATA][onAppIdleStateChanged] uid: 10010, packageName: com.google.android.gms, userId: 0, idle: false
08-28 05:45:46.432  1880  2018 V NetworkPolicy: [LGE_DATA][onAppIdleStateChanged] uid: 10010, packageName: com.google.android.gsf, userId: 0, idle: false
08-28 05:45:46.436  1880  2018 V NetworkPolicy: [LGE_DATA][onAppIdleStateChanged] uid: 10100, packageName: com.google.android.tts, userId: 0, idle: false
08-28 05:45:46.439  1880  2018 V NetworkPolicy: [LGE_DATA][onAppIdleStateChanged] uid: 1000, packageName: com.lge.gnss.airtest, userId: 0, idle: false
08-28 05:45:46.439  1880  2018 V NetworkPolicy: [LGE_DATA][onAppIdleStateChanged] uid: 1000, packageName: com.lge.signboard.settings, userId: 0, idle: false
08-28 05:45:46.439  1880  2018 V NetworkPolicy: [LGE_DATA][onAppIdleStateChanged] uid: 1000, packageName: com.lge.wifi.p2p, userId: 0, idle: false
08-28 05:45:46.440  1880  2018 V NetworkPolicy: [LGE_DATA][onAppIdleStateChanged] uid: 10001, packageName: com.android.calllogbackup, userId: 0, idle: false
08-28 05:45:46.445  1880  2018 V NetworkPolicy: [LGE_DATA][onAppIdleStateChanged] uid: 1000, packageName: com.lge.bluetoothsetting, userId: 0, idle: false
08-28 05:45:46.445  1880  2018 V NetworkPolicy: [LGE_DATA][onAppIdleStateChanged] uid: 10014, packageName: com.google.android.partnersetup, userId: 0, idle: false
08-28 05:45:46.449  1880  2018 V NetworkPolicy: [LGE_DATA][onAppIdleStateChanged] uid: 10118, packageName: com.google.android.videos, userId: 0, idle: false
08-28 05:45:46.455  1880  2018 V NetworkPolicy: [LGE_DATA][onAppIdleStateChanged] uid: 1000, packageName: com.lge.eodengine, userId: 0, idle: false
08-28 05:45:46.455  1880  2018 V NetworkPolicy: [LGE_DATA][onAppIdleStateChanged] uid: 10070, packageName: com.android.proxyhandler, userId: 0, idle: false
08-28 05:45:46.459  1880  2018 V NetworkPolicy: [LGE_DATA][onAppIdleStateChanged] uid: 10056, packageName: com.lge.updatecenter, userId: 0, idle: false
08-28 05:45:46.465  1880  2018 V NetworkPolicy: [LGE_DATA][onAppIdleStateChanged] uid: 10012, packageName: com.google.android.feedback, userId: 0, idle: false
08-28 05:45:46.469  1880  2018 V NetworkPolicy: [LGE_DATA][onAppIdleStateChanged] uid: 10123, packageName: com.google.android.apps.photos, userId: 0, idle: false
08-28 05:45:46.477  1880  2018 V NetworkPolicy: [LGE_DATA][onAppIdleStateChanged] uid: 10098, packageName: com.google.android.syncadapters.calendar, userId: 0, idle: false
08-28 05:45:46.481  1880  2018 V NetworkPolicy: [LGE_DATA][onAppIdleStateChanged] uid: 10069, packageName: com.android.managedprovisioning, userId: 0, idle: false
08-28 05:45:46.485  1880  2018 V NetworkPolicy: [LGE_DATA][onAppIdleStateChanged] uid: 10061, packageName: com.lge.voicerecorder, userId: 0, idle: false
08-28 05:45:46.489  1880  2018 V NetworkPolicy: [LGE_DATA][onAppIdleStateChanged] uid: 2901, packageName: com.lge.smartsharepush, userId: 0, idle: false
08-28 05:45:46.489  1880  2018 V NetworkPolicy: [LGE_DATA][onAppIdleStateChanged] uid: 10037, packageName: com.lge.filemanager, userId: 0, idle: false
08-28 05:45:46.494  1880  2018 V NetworkPolicy: [LGE_DATA][onAppIdleStateChanged] uid: 10093, packageName: com.facebook.katana, userId: 0, idle: false
08-28 05:45:46.497  1880  2018 V NetworkPolicy: [LGE_DATA][onAppIdleStateChanged] uid: 1000, packageName: com.lge.intelligent, userId: 0, idle: false
08-28 05:45:46.498  1880  2018 V NetworkPolicy: [LGE_DATA][onAppIdleStateChanged] uid: 10046, packageName: com.android.providers.partnerbookmarks, userId: 0, idle: false
08-28 05:45:46.502  1880  2018 V NetworkPolicy: [LGE_DATA][onAppIdleStateChanged] uid: 10010, packageName: com.google.android.gsf.login, userId: 0, idle: false
08-28 05:45:46.507  1880  2018 V NetworkPolicy: [LGE_DATA][onAppIdleStateChanged] uid: 10042, packageName: com.android.wallpaper.livepicker, userId: 0, idle: false
08-28 05:45:46.511  1880  2018 V NetworkPolicy: [LGE_DATA][onAppIdleStateChanged] uid: 10074, packageName: com.android.apps.tag, userId: 0, idle: false
08-28 05:45:46.516  1880  2018 V NetworkPolicy: [LGE_DATA][onAppIdleStateChanged] uid: 10126, packageName: com.facebook.orca, userId: 0, idle: false
08-28 05:45:46.519  1880  2018 V NetworkPolicy: [LGE_DATA][onAppIdleStateChanged] uid: 1000, packageName: com.qualcomm.qti.seemp.service, userId: 0, idle: false
08-28 05:45:46.520  1880  2018 V NetworkPolicy: [LGE_DATA][onAppIdleStateChanged] uid: 10028, packageName: com.lge.easyhome, userId: 0, idle: false
08-28 05:45:46.525  1880  2018 V NetworkPolicy: [LGE_DATA][onAppIdleStateChanged] uid: 1000, packageName: com.lge.hiddenmenu, userId: 0, idle: false
08-28 05:45:46.526  1880  2018 V NetworkPolicy: [LGE_DATA][onAppIdleStateChanged] uid: 10146, packageName: com.sceenic.nwt.nwt, userId: 0, idle: false
08-28 05:45:46.529  1880  2018 V NetworkPolicy: [LGE_DATA][onAppIdleStateChanged] uid: 1000, packageName: com.lge, userId: 0, idle: false
08-28 05:45:46.530  1880  2018 V NetworkPolicy: [LGE_DATA][onAppIdleStateChanged] uid: 10009, packageName: com.facebook.system, userId: 0, idle: false
08-28 05:45:46.535  1880  2018 V NetworkPolicy: [LGE_DATA][onAppIdleStateChanged] uid: 1001, packageName: com.lge.networksettings, userId: 0, idle: false
08-28 05:45:46.535  1880  2018 V NetworkPolicy: [LGE_DATA][onAppIdleStateChanged] uid: 1000, packageName: com.lge.myplace, userId: 0, idle: false
08-28 05:45:46.536  1880  2018 V NetworkPolicy: [LGE_DATA][onAppIdleStateChanged] uid: 10102, packageName: com.lge.bnr.launcher, userId: 0, idle: false
08-28 05:45:46.540  1880  2018 V NetworkPolicy: [LGE_DATA][onAppIdleStateChanged] uid: 10010, packageName: com.google.android.backuptransport, userId: 0, idle: false
08-28 05:45:46.545  1880  2018 V NetworkPolicy: [LGE_DATA][onAppIdleStateChanged] uid: 10025, packageName: com.evernote, userId: 0, idle: false
08-28 05:45:46.549  1880  2018 V NetworkPolicy: [LGE_DATA][onAppIdleStateChanged] uid: 10047, packageName: com.lge.privacylock, userId: 0, idle: false
08-28 05:45:46.555  1880  2018 V NetworkPolicy: [LGE_DATA][onAppIdleStateChanged] uid: 10051, packageName: com.lge.provider.signboard, userId: 0, idle: false
08-28 05:45:46.560  1880  2018 V NetworkPolicy: [LGE_DATA][onAppIdleStateChanged] uid: 10084, packageName: com.android.bookmarkprovider, userId: 0, idle: false
08-28 05:45:46.565  1880  2018 V NetworkPolicy: [LGE_DATA][onAppIdleStateChanged] uid: 1000, packageName: com.android.settings, userId: 0, idle: false
08-28 05:45:46.565  1880  2018 V NetworkPolicy: [LGE_DATA][onAppIdleStateChanged] uid: 1000, packageName: com.lge.lgfota.permission, userId: 0, idle: false
08-28 05:45:46.565  1880  2018 V NetworkPolicy: [LGE_DATA][onAppIdleStateChanged] uid: 10103, packageName: com.lge.lgaccount, userId: 0, idle: false
08-28 05:45:46.570  1880  2018 V NetworkPolicy: [LGE_DATA][onAppIdleStateChanged] uid: 10065, packageName: com.lge.sizechangable.weather, userId: 0, idle: false
08-28 05:45:46.575  1880  2018 V NetworkPolicy: [LGE_DATA][onAppIdleStateChanged] uid: 1000, packageName: com.quicinc.wbcserviceapp, userId: 0, idle: false
08-28 05:45:46.575  1880  2018 V NetworkPolicy: [LGE_DATA][onAppIdleStateChanged] uid: 10021, packageName: com.android.calculator2, userId: 0, idle: false
08-28 05:45:46.581  1880  2018 V NetworkPolicy: [LGE_DATA][onAppIdleStateChanged] uid: 1000, packageName: com.qualcomm.location, userId: 0, idle: false
08-28 05:45:46.581  1880  2018 V NetworkPolicy: [LGE_DATA][onAppIdleStateChanged] uid: 1000, packageName: com.qualcomm.simcontacts, userId: 0, idle: false
08-28 05:45:46.581  1880  2018 V NetworkPolicy: [LGE_DATA][onAppIdleStateChanged] uid: 1000, packageName: com.lge.NfcSettings, userId: 0, idle: false
08-28 05:45:46.581  1880  2018 V NetworkPolicy: [LGE_DATA][onAppIdleStateChanged] uid: 1000, packageName: com.qualcomm.qti.tetherservice, userId: 0, idle: false
08-28 05:45:46.582  1880  2018 V NetworkPolicy: [LGE_DATA][onAppIdleStateChanged] uid: 10068, packageName: com.lge.eulaprovider, userId: 0, idle: false
08-28 05:45:46.588  1880  2018 V NetworkPolicy: [LGE_DATA][onAppIdleStateChanged] uid: 1000, packageName: com.lge.bnr, userId: 0, idle: false
08-28 05:45:46.589  1880  2018 V NetworkPolicy: [LGE_DATA][onAppIdleStateChanged] uid: 10029, packageName: com.lge.ime, userId: 0, idle: false
08-28 05:45:46.594  1880  2018 V NetworkPolicy: [LGE_DATA][onAppIdleStateChanged] uid: 1000, packageName: com.lge.lpd, userId: 0, idle: false
08-28 05:45:46.594  1880  2018 V NetworkPolicy: [LGE_DATA][onAppIdleStateChanged] uid: 1000, packageName: com.lge.mlt, userId: 0, idle: false
08-28 05:45:46.594  1880  2018 V NetworkPolicy: [LGE_DATA][onAppIdleStateChanged] uid: 10076, packageName: com.android.vpndialogs, userId: 0, idle: false
08-28 05:45:46.598  1880  2018 V NetworkPolicy: [LGE_DATA][onAppIdleStateChanged] uid: 10060, packageName: com.lge.videoplayer, userId: 0, idle: false
08-28 05:45:46.601  1880  2018 V NetworkPolicy: [LGE_DATA][onAppIdleStateChanged] uid: 1000, packageName: com.qualcomm.location.XT, userId: 0, idle: false
08-28 05:45:46.602  1880  2018 V NetworkPolicy: [LGE_DATA][onAppIdleStateChanged] uid: 10104, packageName: com.lge.lgdrm.permission, userId: 0, idle: false
08-28 05:45:46.605  1880  2018 V NetworkPolicy: [LGE_DATA][onAppIdleStateChanged] uid: 10083, packageName: com.lge.miniclock.font.aod_default, userId: 0, idle: false
08-28 05:45:46.607  1880  2018 V NetworkPolicy: [LGE_DATA][onAppIdleStateChanged] uid: 1000, packageName: com.lge.wifisettings, userId: 0, idle: false
08-28 05:45:46.607  1880  2018 V NetworkPolicy: [LGE_DATA][onAppIdleStateChanged] uid: 10111, packageName: com.google.android.talk, userId: 0, idle: false
08-28 05:45:46.610  1880  2018 V NetworkPolicy: [LGE_DATA][onAppIdleStateChanged] uid: 10032, packageName: com.lge.ime.theme.black, userId: 0, idle: false
08-28 05:45:46.612  1880  2018 V NetworkPolicy: [LGE_DATA][onAppIdleStateChanged] uid: 1001, packageName: com.android.phone, userId: 0, idle: false
08-28 05:45:46.613  1880  2018 V NetworkPolicy: [LGE_DATA][onAppIdleStateChanged] uid: 2000, packageName: com.android.shell, userId: 0, idle: false
08-28 05:45:46.613  1880  2018 V NetworkPolicy: [LGE_DATA][onAppIdleStateChanged] uid: 4001, packageName: com.lge.drmservice, userId: 0, idle: false
08-28 05:45:46.613  1880  2018 V NetworkPolicy: [LGE_DATA][onAppIdleStateChanged] uid: 10059, packageName: com.lge.videostudio, userId: 0, idle: false
08-28 05:45:46.615  1880  2018 V NetworkPolicy: [LGE_DATA][onAppIdleStateChanged] uid: 10044, packageName: com.lge.sizechangable.musicwidget.widget, userId: 0, idle: false
08-28 05:45:46.618  1880  2018 V NetworkPolicy: [LGE_DATA][onAppIdleStateChanged] uid: 10001, packageName: com.android.providers.userdictionary, userId: 0, idle: false
08-28 05:45:46.620  1880  2018 V NetworkPolicy: [LGE_DATA][onAppIdleStateChanged] uid: 10108, packageName: com.lge.lteconfig, userId: 0, idle: false
08-28 05:45:46.624  1880  2018 V NetworkPolicy: [LGE_DATA][onAppIdleStateChanged] uid: 10027, packageName: com.lge.ime.dictionary.xt9, userId: 0, idle: false
08-28 05:45:46.627  1880  2018 V NetworkPolicy: [LGE_DATA][onAppIdleStateChanged] uid: 10007, packageName: com.lge.cic.eden.service, userId: 0, idle: false
08-28 05:45:46.631  1880  2018 V NetworkPolicy: [LGE_DATA][onAppIdleStateChanged] uid: 1000, packageName: com.lge.gnsslogcat, userId: 0, idle: false
08-28 05:45:46.632  1880  2018 V NetworkPolicy: [LGE_DATA][onAppIdleStateChanged] uid: 1000, packageName: com.android.location.fused, userId: 0, idle: false
08-28 05:45:46.632  1880  2018 V NetworkPolicy: [LGE_DATA][onAppIdleStateChanged] uid: 10064, packageName: com.android.systemui, userId: 0, idle: false
08-28 05:45:46.636  1880  2018 V NetworkPolicy: [LGE_DATA][onAppIdleStateChanged] uid: 1000, packageName: com.lge.provider.systemui, userId: 0, idle: false
08-28 05:45:46.636  1880  2018 V NetworkPolicy: [LGE_DATA][onAppIdleStateChanged] uid: 2901, packageName: com.lge.ia.task.s4urecommender, userId: 0, idle: false
08-28 05:45:46.636  1880  2018 V NetworkPolicy: [LGE_DATA][onAppIdleStateChanged] uid: 10082, packageName: com.android.bluetoothmidiservice, userId: 0, idle: false
08-28 05:45:46.639  1880  2018 V NetworkPolicy: [LGE_DATA][onAppIdleStateChanged] uid: 1001, packageName: com.qualcomm.qti.confdialer, userId: 0, idle: false
08-28 05:45:46.640  1880  2018 V NetworkPolicy: [LGE_DATA][onAppIdleStateChanged] uid: 10106, packageName: com.lge.provider.lockscreensettings, userId: 0, idle: false
08-28 05:45:46.644  1880  2018 V NetworkPolicy: [LGE_DATA][onAppIdleStateChanged] uid: 1000, packageName: com.lge.aodex, userId: 0, idle: false
08-28 05:45:46.644  1880  2018 V NetworkPolicy: [LGE_DATA][onAppIdleStateChanged] uid: 10019, packageName: com.lge.clock, userId: 0, idle: false
08-28 05:45:46.648  1880  2018 V NetworkPolicy: [LGE_DATA][onAppIdleStateChanged] uid: 10031, packageName: com.lge.email, userId: 0, idle: false
08-28 05:45:46.652  1880  2018 V NetworkPolicy: [LGE_DATA][onAppIdleStateChanged] uid: 10107, packageName: com.facebook.appmanager, userId: 0, idle: false
08-28 05:45:46.657  1880  2018 V NetworkPolicy: [LGE_DATA][onAppIdleStateChanged] uid: 1000, packageName: com.lge.leccp, userId: 0, idle: false
08-28 05:45:46.657  1880  2018 V NetworkPolicy: [LGE_DATA][onAppIdleStateChanged] uid: 10045, packageName: com.lge.music, userId: 0, idle: false
08-28 05:45:46.662  1880  2018 V NetworkPolicy: [LGE_DATA][onAppIdleStateChanged] uid: 2901, packageName: com.lge.ia.task.informant, userId: 0, idle: false
08-28 05:45:46.662  1880  2018 V NetworkPolicy: [LGE_DATA][onAppIdleStateChanged] uid: 10018, packageName: com.lge.remote.setting, userId: 0, idle: false
08-28 05:45:46.666  1880  2018 V NetworkPolicy: [LGE_DATA][onAppIdleStateChanged] uid: 1000, packageName: com.lge.inputdevices, userId: 0, idle: false
08-28 05:45:46.667  1880  2018 V NetworkPolicy: [LGE_DATA][onAppIdleStateChanged] uid: 10036, packageName: com.lge.friendsmanager, userId: 0, idle: false
08-28 05:45:46.671  1880  2018 V NetworkPolicy: [LGE_DATA][onAppIdleStateChanged] uid: 1001, packageName: com.lge.hiddenpersomenu, userId: 0, idle: false
08-28 05:45:46.671  1880  2018 V NetworkPolicy: [LGE_DATA][onAppIdleStateChanged] uid: 1000, packageName: com.crucialsoft.asm, userId: 0, idle: false
08-28 05:45:46.671  1880  2018 V NetworkPolicy: [LGE_DATA][onAppIdleStateChanged] uid: 1000, packageName: com.lge.lginstallservies, userId: 0, idle: false
08-28 05:45:46.672  1880  2018 V NetworkPolicy: [LGE_DATA][onAppIdleStateChanged] uid: 1000, packageName: com.lge.signboard, userId: 0, idle: false
08-28 05:45:46.672  1880  2018 V NetworkPolicy: [LGE_DATA][onAppIdleStateChanged] uid: 1002, packageName: com.android.bluetooth, userId: 0, idle: false
08-28 05:45:46.672  1880  2018 V NetworkPolicy: [LGE_DATA][onAppIdleStateChanged] uid: 1000, packageName: com.qualcomm.timeservice, userId: 0, idle: false
08-28 05:45:46.672  1880  2018 V NetworkPolicy: [LGE_DATA][onAppIdleStateChanged] uid: 1000, packageName: com.qualcomm.atfwd, userId: 0, idle: false
08-28 05:45:46.672  1880  2018 V NetworkPolicy: [LGE_DATA][onAppIdleStateChanged] uid: 10001, packageName: com.android.providers.contacts, userId: 0, idle: false
08-28 05:45:46.677  1880  2018 V NetworkPolicy: [LGE_DATA][onAppIdleStateChanged] uid: 10053, packageName: com.lge.snappage, userId: 0, idle: false
08-28 05:45:46.681  1880  2018 V NetworkPolicy: [LGE_DATA][onAppIdleStateChanged] uid: 1000, packageName: com.lge.servicemenu, userId: 0, idle: false
08-28 05:45:46.682  1880  2018 V NetworkPolicy: [LGE_DATA][onAppIdleStateChanged] uid: 10085, packageName: com.android.captiveportallogin, userId: 0, idle: false
08-28 05:45:46.686  1880  2018 V NetworkPolicy: [LGE_DATA][onAppIdleStateChanged] uid: 1000, packageName: com.lge.qmemoplus, userId: 0, idle: false
08-28 05:46:29.173  1880  2473 D PowerManagerServiceAO: acquireWakeLockInternal: lock=48793820, flags=0x40000001, tag="*alarm*", ws=WorkSource{1000}, historyTag=*alarm*:android.intent.action.TIME_TICK, uid=1000, pid=1880
08-28 05:46:29.183  1880  2473 V AlarmManager: ELAPSED_WAKEUP set : Alarm{1a41283 tag *walarm*:com.google.android.gms.gcm.HEARTBEAT_ALARM type 2 when 581400000 com.google.android.gms} when 581400000
08-28 05:46:29.185  1880  2473 V AlarmManager: ELAPSED_WAKEUP set : Alarm{4d1fc00 tag *walarm*:X.097.ACTION_INEXACT_ALARM.FBNS.com.facebook.katana type 2 when 581400000 com.facebook.katana} when 581400000
08-28 05:46:29.189  1880  2473 V AlarmManager: ELAPSED_WAKEUP set : Alarm{794727e tag *walarm*:X.07A.ACTION_BACKUP_ALARM.MqttLite.com.facebook.orca type 2 when 581400000 com.facebook.orca} when 581400000
08-28 05:46:29.191  1880  2473 V AlarmManager: ELAPSED_WAKEUP set : Alarm{8b53df tag *walarm*:X.07A.ACTION_INEXACT_ALARM.MqttLite.com.facebook.orca type 2 when 581400000 com.facebook.orca} when 581400000
08-28 05:46:29.198  1880  2473 V AlarmManager: RTC_WAKEUP set : Alarm{2b34b18 tag *walarm*:com.google.android.gms/.checkin.EventLogServiceReceiver type 0 when 1503888389152 com.google.android.gms} when 1503888389152
08-28 05:46:29.204  1880  2473 V AlarmManager: ELAPSED_WAKEUP set : Alarm{91e00c4 tag *walarm*:X.097.ACTION_BACKUP_ALARM.FBNS.com.facebook.katana type 2 when 581400000 com.facebook.katana} when 581400000
08-28 05:46:29.205  1880  2473 V AlarmManager: ELAPSED_WAKEUP set : Alarm{19a3bad tag *walarm*:X.08r.ACTION_INEXACT_ALARM.FBNS.com.facebook.katana type 2 when 581400000 com.facebook.katana} when 581400000
08-28 05:46:29.281  1880  1880 D PowerManagerServiceAO: releaseWakeLockInternal: lock=48793820 [*alarm*], flags=0x0
08-28 05:46:34.231  3102  3102 D UsbHostManagerService: intent receive : android.intent.action.BATTERY_CHANGED
08-28 05:51:37.638  1880  2473 V AlarmManager: ELAPSED_WAKEUP set : Alarm{1daa45c tag *walarm*:X.0uU.ACTION_ALARM.com.facebook.orca type 2 when 581708475 com.facebook.orca} when 581708475
08-28 05:56:37.728  1880  2473 D PowerManagerServiceAO: acquireWakeLockInternal: lock=48793820, flags=0x40000001, tag="*alarm*", ws=WorkSource{1000}, historyTag=*alarm*:android.intent.action.TIME_TICK, uid=1000, pid=1880
08-28 05:56:37.736  1880  2473 V AlarmManager: ELAPSED_WAKEUP set : Alarm{2fb8451 tag *walarm*:X.0uU.ACTION_ALARM.com.facebook.orca type 2 when 582008570 com.facebook.orca} when 582008570
08-28 05:56:37.851  1880  1880 D PowerManagerServiceAO: releaseWakeLockInternal: lock=48793820 [*alarm*], flags=0x0
08-28 06:01:29.171  1880  2473 D PowerManagerServiceAO: acquireWakeLockInternal: lock=48793820, flags=0x40000001, tag="*alarm*", ws=WorkSource{1000}, historyTag=*alarm*:android.intent.action.TIME_TICK, uid=1000, pid=1880
08-28 06:01:29.176  1880  2473 V AlarmManager: ELAPSED_WAKEUP set : Alarm{3d523c1 tag *walarm*:X.07A.ACTION_INEXACT_ALARM.MqttLite.com.facebook.orca type 2 when 582300000 com.facebook.orca} when 582300000
08-28 06:01:29.182  1880  2473 V AlarmManager: ELAPSED_WAKEUP set : Alarm{aeb3766 tag *walarm*:X.097.ACTION_INEXACT_ALARM.FBNS.com.facebook.katana type 2 when 582300000 com.facebook.katana} when 582300000
08-28 06:01:29.184  1880  2473 V AlarmManager: ELAPSED_WAKEUP set : Alarm{febdaa7 tag *walarm*:X.097.ACTION_BACKUP_ALARM.FBNS.com.facebook.katana type 2 when 582300000 com.facebook.katana} when 582300000
08-28 06:01:29.185  1880  2473 V AlarmManager: ELAPSED_WAKEUP set : Alarm{8352b54 tag *walarm*:X.08r.ACTION_INEXACT_ALARM.FBNS.com.facebook.katana type 2 when 582300000 com.facebook.katana} when 582300000
08-28 06:01:29.186  1880  2473 V AlarmManager: ELAPSED_WAKEUP set : Alarm{8cf3afd tag *walarm*:X.07A.ACTION_BACKUP_ALARM.MqttLite.com.facebook.orca type 2 when 582300000 com.facebook.orca} when 582300000
08-28 06:01:29.278  1880  1880 D PowerManagerServiceAO: releaseWakeLockInternal: lock=48793820 [*alarm*], flags=0x0
08-28 06:05:50.863  1880  2020 I ProcessStatsService: Prepared write state in 9ms
08-28 06:05:50.873  1880  2020 I ProcessStatsService: Prepared write state in 8ms
08-28 06:06:34.228  3102  3102 D UsbHostManagerService: intent receive : android.intent.action.BATTERY_CHANGED
08-28 06:06:45.010  1880  2473 V AlarmManager: ELAPSED_WAKEUP set : Alarm{b5a60c6 tag *walarm*:android.content.syncmanager.SYNC_ALARM type 2 when 582615849 android} when 582615849
08-28 06:06:45.071  1880  1880 I ActivityManager: Start proc 26923:com.facebook.appmanager/u0a107 for service com.facebook.appmanager/com.facebook.oxygen.appmanager.scheduler.SchedulerJobService
08-28 06:06:54.276  1880  3158 I ActivityManager: Killing 25083:com.google.android.youtube/u0a124 (adj 15): empty for 10337s
08-28 06:06:54.316  1880  2648 D ConnectivityService: ConnectivityService NetworkRequestInfo binderDied(NetworkRequest [ id=211, legacyType=-1, [ Capabilities: INTERNET&NOT_RESTRICTED&TRUSTED] ], android.os.BinderProxy@a1752b2)
08-28 06:06:54.316  1880  2670 D ConnectivityService: releasing NetworkRequest NetworkRequest [ id=211, legacyType=-1, [ Capabilities: INTERNET&NOT_RESTRICTED&TRUSTED] ]
08-28 06:06:54.317  1880  2670 E ConnectivityService: RemoteException caught trying to send a callback msg for NetworkRequest [ id=211, legacyType=-1, [ Capabilities: INTERNET&NOT_RESTRICTED&TRUSTED] ]
08-28 06:06:54.322  1880  3261 D ActivityManager: cleanUpApplicationRecord -- 25083
08-28 06:15:10.024  1880  2023 I BatteryStatsImpl: writeLocked() sync : false
08-28 06:16:29.174  1880  2473 D PowerManagerServiceAO: acquireWakeLockInternal: lock=48793820, flags=0x40000001, tag="*alarm*", ws=WorkSource{1000}, historyTag=*alarm*:android.intent.action.TIME_TICK, uid=1000, pid=1880
08-28 06:16:29.184  1880  2473 V AlarmManager: RTC_WAKEUP set : Alarm{23e7fe tag *walarm*:com.google.android.apps.gmm.ugc.ataplace.AtAPlaceService.ACTION_REREGISTER_GEOFENCES_ALARM type 0 when 1503890189152 com.google.android.apps.maps} when 1503890189152
08-28 06:16:29.186  1880  2473 V AlarmManager: ELAPSED_WAKEUP set : Alarm{c6d5b5f tag *walarm*:X.097.ACTION_BACKUP_ALARM.FBNS.com.facebook.katana type 2 when 583200000 com.facebook.katana} when 583200000
08-28 06:16:29.200  1880  2473 V AlarmManager: ELAPSED_WAKEUP set : Alarm{364e7b tag *walarm*:X.097.ACTION_INEXACT_ALARM.FBNS.com.facebook.katana type 2 when 583200000 com.facebook.katana} when 583200000
08-28 06:16:29.201  1880  2473 V AlarmManager: ELAPSED_WAKEUP set : Alarm{12b1498 tag *walarm*:X.07A.ACTION_BACKUP_ALARM.MqttLite.com.facebook.orca type 2 when 583200000 com.facebook.orca} when 583200000
08-28 06:16:29.202  1880  2473 V AlarmManager: ELAPSED_WAKEUP set : Alarm{52e44f1 tag *walarm*:X.08r.ACTION_INEXACT_ALARM.FBNS.com.facebook.katana type 2 when 583200000 com.facebook.katana} when 583200000
08-28 06:16:29.204  1880  2473 V AlarmManager: ELAPSED_WAKEUP set : Alarm{508e244 tag *walarm*:X.07A.ACTION_INEXACT_ALARM.MqttLite.com.facebook.orca type 2 when 583200000 com.facebook.orca} when 583200000
08-28 06:16:29.205  1880  2473 V AlarmManager: RTC_WAKEUP set : Alarm{e513f2d tag *walarm*:com.google.android.gms/.checkin.EventLogServiceReceiver type 0 when 1503890189152 com.google.android.gms} when 1503890189152
